Component: ARM Compiler 5.06 update 6 (build 750) Tool: armlink [4d35ed]

==============================================================================

Section Cross References

    startup_stm32f103xb.o(RESET) refers to startup_stm32f103xb.o(STACK) for __initial_sp
    startup_stm32f103xb.o(RESET) refers to startup_stm32f103xb.o(.text) for Reset_Handler
    startup_stm32f103xb.o(RESET) refers to stm32f1xx_it.o(i.NMI_Handler) for NMI_Handler
    startup_stm32f103xb.o(RESET) refers to stm32f1xx_it.o(i.HardFault_Handler) for HardFault_Handler
    startup_stm32f103xb.o(RESET) refers to stm32f1xx_it.o(i.MemManage_Handler) for MemManage_Handler
    startup_stm32f103xb.o(RESET) refers to stm32f1xx_it.o(i.BusFault_Handler) for BusFault_Handler
    startup_stm32f103xb.o(RESET) refers to stm32f1xx_it.o(i.UsageFault_Handler) for UsageFault_Handler
    startup_stm32f103xb.o(RESET) refers to stm32f1xx_it.o(i.SVC_Handler) for SVC_Handler
    startup_stm32f103xb.o(RESET) refers to stm32f1xx_it.o(i.DebugMon_Handler) for DebugMon_Handler
    startup_stm32f103xb.o(RESET) refers to stm32f1xx_it.o(i.PendSV_Handler) for PendSV_Handler
    startup_stm32f103xb.o(RESET) refers to stm32f1xx_it.o(i.SysTick_Handler) for SysTick_Handler
    startup_stm32f103xb.o(RESET) refers to stm32f1xx_it.o(i.EXTI3_IRQHandler) for EXTI3_IRQHandler
    startup_stm32f103xb.o(RESET) refers to stm32f1xx_it.o(i.USB_LP_CAN1_RX0_IRQHandler) for USB_LP_CAN1_RX0_IRQHandler
    startup_stm32f103xb.o(RESET) refers to stm32f1xx_it.o(i.EXTI9_5_IRQHandler) for EXTI9_5_IRQHandler
    startup_stm32f103xb.o(RESET) refers to stm32f1xx_it.o(i.TIM1_CC_IRQHandler) for TIM1_CC_IRQHandler
    startup_stm32f103xb.o(.text) refers to system_stm32f1xx.o(i.SystemInit) for SystemInit
    startup_stm32f103xb.o(.text) refers to entry.o(.ARM.Collect$$$$00000000) for __main
    madgwickahrs.o(i.MadgwickAHRSupdate) refers to fmul.o(.text) for __aeabi_fmul
    madgwickahrs.o(i.MadgwickAHRSupdate) refers to fadd.o(.text) for __aeabi_fsub
    madgwickahrs.o(i.MadgwickAHRSupdate) refers to fscalb.o(.text) for __ARM_scalbnf
    madgwickahrs.o(i.MadgwickAHRSupdate) refers to madgwickahrs.o(i.MadgwickAHRSupdateIMU) for MadgwickAHRSupdateIMU
    madgwickahrs.o(i.MadgwickAHRSupdate) refers to madgwickahrs.o(i.invSqrt) for invSqrt
    madgwickahrs.o(i.MadgwickAHRSupdate) refers to f2d.o(.text) for __aeabi_f2d
    madgwickahrs.o(i.MadgwickAHRSupdate) refers to sqrt.o(i.sqrt) for sqrt
    madgwickahrs.o(i.MadgwickAHRSupdate) refers to d2f.o(.text) for __aeabi_d2f
    madgwickahrs.o(i.MadgwickAHRSupdate) refers to madgwickahrs.o(.data) for .data
    madgwickahrs.o(i.MadgwickAHRSupdateIMU) refers to fmul.o(.text) for __aeabi_fmul
    madgwickahrs.o(i.MadgwickAHRSupdateIMU) refers to fadd.o(.text) for __aeabi_fsub
    madgwickahrs.o(i.MadgwickAHRSupdateIMU) refers to fscalb.o(.text) for __ARM_scalbnf
    madgwickahrs.o(i.MadgwickAHRSupdateIMU) refers to madgwickahrs.o(i.invSqrt) for invSqrt
    madgwickahrs.o(i.MadgwickAHRSupdateIMU) refers to ffltui.o(.text) for __aeabi_ui2f
    madgwickahrs.o(i.MadgwickAHRSupdateIMU) refers to fdiv.o(.text) for __aeabi_fdiv
    madgwickahrs.o(i.MadgwickAHRSupdateIMU) refers to madgwickahrs.o(.data) for .data
    madgwickahrs.o(i.MadgwickAHRSupdateIMU) refers to main.o(.data) for reading_elapsed_time
    madgwickahrs.o(i.invSqrt) refers to fscalb.o(.text) for __ARM_scalbnf
    madgwickahrs.o(i.invSqrt) refers to fmul.o(.text) for __aeabi_fmul
    madgwickahrs.o(i.invSqrt) refers to fadd.o(.text) for __aeabi_frsub
    my_nrf24.o(i.NRF24_ACTIVATE_cmd) refers to my_nrf24.o(i.NRF24_csn) for NRF24_csn
    my_nrf24.o(i.NRF24_ACTIVATE_cmd) refers to stm32f1xx_hal_spi.o(i.HAL_SPI_Transmit) for HAL_SPI_Transmit
    my_nrf24.o(i.NRF24_ACTIVATE_cmd) refers to my_nrf24.o(.bss) for .bss
    my_nrf24.o(i.NRF24_DelayMicroSeconds) refers to system_stm32f1xx.o(.data) for SystemCoreClock
    my_nrf24.o(i.NRF24_GetAckPayloadSize) refers to my_nrf24.o(.data) for .data
    my_nrf24.o(i.NRF24_available) refers to my_nrf24.o(i.NRF24_availablePipe) for NRF24_availablePipe
    my_nrf24.o(i.NRF24_availablePipe) refers to my_nrf24.o(i.NRF24_get_status) for NRF24_get_status
    my_nrf24.o(i.NRF24_availablePipe) refers to my_nrf24.o(i.NRF24_write_register) for NRF24_write_register
    my_nrf24.o(i.NRF24_begin) refers to memcpya.o(.text) for __aeabi_memcpy4
    my_nrf24.o(i.NRF24_begin) refers to my_nrf24.o(i.NRF24_csn) for NRF24_csn
    my_nrf24.o(i.NRF24_begin) refers to my_nrf24.o(i.NRF24_ce) for NRF24_ce
    my_nrf24.o(i.NRF24_begin) refers to stm32f1xx_hal.o(i.HAL_Delay) for HAL_Delay
    my_nrf24.o(i.NRF24_begin) refers to my_nrf24.o(i.NRF24_write_register) for NRF24_write_register
    my_nrf24.o(i.NRF24_begin) refers to my_nrf24.o(i.NRF24_write_registerN) for NRF24_write_registerN
    my_nrf24.o(i.NRF24_begin) refers to my_nrf24.o(i.NRF24_ACTIVATE_cmd) for NRF24_ACTIVATE_cmd
    my_nrf24.o(i.NRF24_begin) refers to my_nrf24.o(i.printRadioSettings) for printRadioSettings
[...]
    USBD_CDC_DeviceQualifierDesc             0x200002d0   Data          10  usbd_cdc.o(.data)
    .data                                    0x200003a8   Section       56  usbd_cdc.o(.data)
    .data                                    0x200003e0   Section        4  stdout.o(.data)
    .data                                    0x200003e4   Section        4  errno.o(.data)
    _errno                                   0x200003e4   Data           4  errno.o(.data)
    .bss                                     0x200003e8   Section      688  main.o(.bss)
    .bss                                     0x20000698   Section      548  usb_device.o(.bss)
    .bss                                     0x200008bc   Section     1664  usbd_conf.o(.bss)
    mem                                      0x200008bc   Data         544  usbd_conf.o(.bss)
    .bss                                     0x20000f3c   Section      512  usbd_desc.o(.bss)
    .bss                                     0x2000113c   Section     2000  usbd_cdc_if.o(.bss)
    STACK                                    0x20001910   Section     1024  startup_stm32f103xb.o(STACK)

    Global Symbols

    Symbol Name                              Value     Ov Type        Size  Object(Section)

    BuildAttributes$$THM_ISAv4$P$D$K$B$S$PE$A:L22UL41UL21$X:L11$S22US41US21$IEEE1$IW$USESV6$~STKCKD$USESV7$~SHL$OTIME$ROPI$IEEEX$EBA8$MICROLIB$REQ8$PRES8$EABIv2 0x00000000   Number         0  anon$$obj.o ABSOLUTE
    __ARM_use_no_argv                        0x00000000   Number         0  main.o ABSOLUTE
    _printf_a                                0x00000000   Number         0  stubs.o ABSOLUTE
    _printf_c                                0x00000000   Number         0  stubs.o ABSOLUTE
    _printf_charcount                        0x00000000   Number         0  stubs.o ABSOLUTE
    _printf_d                                0x00000000   Number         0  stubs.o ABSOLUTE
    _printf_e                                0x00000000   Number         0  stubs.o ABSOLUTE
    _printf_f                                0x00000000   Number         0  stubs.o ABSOLUTE
    _printf_flags                            0x00000000   Number         0  stubs.o ABSOLUTE
    _printf_fp_dec                           0x00000000   Number         0  stubs.o ABSOLUTE
    _printf_fp_hex                           0x00000000   Number         0  stubs.o ABSOLUTE
    _printf_g                                0x00000000   Number         0  stubs.o ABSOLUTE
    _printf_i                                0x00000000   Number         0  stubs.o ABSOLUTE
    _printf_int_dec                          0x00000000   Number         0  stubs.o ABSOLUTE
    _printf_l                                0x00000000   Number         0  stubs.o ABSOLUTE
    _printf_lc                               0x00000000   Number         0  stubs.o ABSOLUTE
    _printf_ll                               0x00000000   Number         0  stubs.o ABSOLUTE
    _printf_lld                              0x00000000   Number         0  stubs.o ABSOLUTE
    _printf_lli                              0x00000000   Number         0  stubs.o ABSOLUTE
    _printf_llo                              0x00000000   Number         0  stubs.o ABSOLUTE
    _printf_llu                              0x00000000   Number         0  stubs.o ABSOLUTE
    _printf_llx                              0x00000000   Number         0  stubs.o ABSOLUTE
    _printf_longlong_dec                     0x00000000   Number         0  stubs.o ABSOLUTE
    _printf_longlong_hex                     0x00000000   Number         0  stubs.o ABSOLUTE
    _printf_longlong_oct                     0x00000000   Number         0  stubs.o ABSOLUTE
    _printf_ls                               0x00000000   Number         0  stubs.o ABSOLUTE
    _printf_mbtowc                           0x00000000   Number         0  stubs.o ABSOLUTE
    _printf_n                                0x00000000   Number         0  stubs.o ABSOLUTE
    _printf_o                                0x00000000   Number         0  stubs.o ABSOLUTE
    _printf_p                                0x00000000   Number         0  stubs.o ABSOLUTE
    _printf_percent                          0x00000000   Number         0  stubs.o ABSOLUTE
    _printf_pre_padding                      0x00000000   Number         0  stubs.o ABSOLUTE
    _printf_return_value                     0x00000000   Number         0  stubs.o ABSOLUTE
    _printf_s                                0x00000000   Number         0  stubs.o ABSOLUTE
    _printf_sizespec                         0x00000000   Number         0  stubs.o ABSOLUTE
    _printf_str                              0x00000000   Number         0  stubs.o ABSOLUTE
    _printf_truncate_signed                  0x00000000   Number         0  stubs.o ABSOLUTE
    _printf_truncate_unsigned                0x00000000   Number         0  stubs.o ABSOLUTE
    _printf_u                                0x00000000   Number         0  stubs.o ABSOLUTE
    _printf_wc                               0x00000000   Number         0  stubs.o ABSOLUTE
    _printf_wctomb                           0x00000000   Number         0  stubs.o ABSOLUTE
    _printf_widthprec                        0x00000000   Number         0  stubs.o ABSOLUTE
    _printf_x                                0x00000000   Number         0  stubs.o ABSOLUTE
    __cpp_initialize__aeabi_                  - Undefined Weak Reference
    __cxa_finalize                            - Undefined Weak Reference
    _clock_init                               - Undefined Weak Reference
    _microlib_exit                            - Undefined Weak Reference
    __Vectors_Size                           0x000000ec   Number         0  startup_stm32f103xb.o ABSOLUTE
    __Vectors                                0x08000000   Data           4  startup_stm32f103xb.o(RESET)
    __Vectors_End                            0x080000ec   Data           0  startup_stm32f103xb.o(RESET)
    __main                                   0x080000ed   Thumb Code     0  entry.o(.ARM.Collect$$$$00000000)
    _main_stk                                0x080000ed   Thumb Code     0  entry2.o(.ARM.Collect$$$$00000001)
    _main_scatterload                        0x080000f1   Thumb Code     0  entry5.o(.ARM.Collect$$$$00000004)
    __main_after_scatterload                 0x080000f5   Thumb Code     0  entry5.o(.ARM.Collect$$$$00000004)
    _main_clock                              0x080000f5   Thumb Code     0  entry7b.o(.ARM.Collect$$$$00000008)
    _main_cpp_init                           0x080000f5   Thumb Code     0  entry8b.o(.ARM.Collect$$$$0000000A)
    _main_init                               0x080000f5   Thumb Code     0  entry9a.o(.ARM.Collect$$$$0000000B)
    __rt_final_cpp                           0x080000fd   Thumb Code     0  entry10a.o(.ARM.Collect$$$$0000000D)
    __rt_final_exit                          0x080000fd   Thumb Code     0  entry11a.o(.ARM.Collect$$$$0000000F)
    Reset_Handler                            0x08000101   Thumb Code     8  startup_stm32f103xb.o(.text)
    ADC1_2_IRQHandler                        0x0800011b   Thumb Code     0  startup_stm32f103xb.o(.text)
    CAN1_RX1_IRQHandler                      0x0800011b   Thumb Code     0  startup_stm32f103xb.o(.text)
    CAN1_SCE_IRQHandler                      0x0800011b   Thumb Code     0  startup_stm32f103xb.o(.text)
    DMA1_Channel1_IRQHandler                 0x0800011b   Thumb Code     0  startup_stm32f103xb.o(.text)
    DMA1_Channel2_IRQHandler                 0x0800011b   Thumb Code     0  startup_stm32f103xb.o(.text)
    DMA1_Channel3_IRQHandler                 0x0800011b   Thumb Code     0  startup_stm32f103xb.o(.text)
    DMA1_Channel4_IRQHandler                 0x0800011b   Thumb Code     0  startup_stm32f103xb.o(.text)
    DMA1_Channel5_IRQHandler                 0x0800011b   Thumb Code     0  startup_stm32f103xb.o(.text)
    DMA1_Channel6_IRQHandler                 0x0800011b   Thumb Code     0  startup_stm32f103xb.o(.text)
    DMA1_Channel7_IRQHandler                 0x0800011b   Thumb Code     0  startup_stm32f103xb.o(.text)
    EXTI0_IRQHandler                         0x0800011b   Thumb Code     0  startup_stm32f103xb.o(.text)
    EXTI15_10_IRQHandler                     0x0800011b   Thumb Code     0  startup_stm32f103xb.o(.text)
    EXTI1_IRQHandler                         0x0800011b   Thumb Code     0  startup_stm32f103xb.o(.text)
    EXTI2_IRQHandler                         0x0800011b   Thumb Code     0  startup_stm32f103xb.o(.text)
    EXTI4_IRQHandler                         0x0800011b   Thumb Code     0  startup_stm32f103xb.o(.text)
    FLASH_IRQHandler                         0x0800011b   Thumb Code     0  startup_stm32f103xb.o(.text)
    I2C1_ER_IRQHandler                       0x0800011b   Thumb Code     0  startup_stm32f103xb.o(.text)
    I2C1_EV_IRQHandler                       0x0800011b   Thumb Code     0  startup_stm32f103xb.o(.text)
    I2C2_ER_IRQHandler                       0x0800011b   Thumb Code     0  startup_stm32f103xb.o(.text)
    I2C2_EV_IRQHandler                       0x0800011b   Thumb Code     0  startup_stm32f103xb.o(.text)
    PVD_IRQHandler                           0x0800011b   Thumb Code     0  startup_stm32f103xb.o(.text)
    RCC_IRQHandler                           0x0800011b   Thumb Code     0  startup_stm32f103xb.o(.text)
    RTC_Alarm_IRQHandler                     0x0800011b   Thumb Code     0  startup_stm32f103xb.o(.text)
    RTC_IRQHandler                           0x0800011b   Thumb Code     0  startup_stm32f103xb.o(.text)
    SPI1_IRQHandler                          0x0800011b   Thumb Code     0  startup_stm32f103xb.o(.text)
    SPI2_IRQHandler                          0x0800011b   Thumb Code     0  startup_stm32f103xb.o(.text)
    TAMPER_IRQHandler                        0x0800011b   Thumb Code     0  startup_stm32f103xb.o(.text)
    TIM1_BRK_IRQHandler                      0x0800011b   Thumb Code     0  startup_stm32f103xb.o(.text)
    TIM1_TRG_COM_IRQHandler                  0x0800011b   Thumb Code     0  startup_stm32f103xb.o(.text)
    TIM1_UP_IRQHandler                       0x0800011b   Thumb Code     0  startup_stm32f103xb.o(.text)
    TIM2_IRQHandler                          0x0800011b   Thumb Code     0  startup_stm32f103xb.o(.text)
    TIM3_IRQHandler                          0x0800011b   Thumb Code     0  startup_stm32f103xb.o(.text)
    TIM4_IRQHandler                          0x0800011b   Thumb Code     0  startup_stm32f103xb.o(.text)
    USART1_IRQHandler                        0x0800011b   Thumb Code     0  startup_stm32f103xb.o(.text)
    USART2_IRQHandler                        0x0800011b   Thumb Code     0  startup_stm32f103xb.o(.text)
    USART3_IRQHandler                        0x0800011b   Thumb Code     0  startup_stm32f103xb.o(.text)
    USBWakeUp_IRQHandler                     0x0800011b   Thumb Code     0  startup_stm32f103xb.o(.text)
    USB_HP_CAN1_TX_IRQHandler                0x0800011b   Thumb Code     0  startup_stm32f103xb.o(.text)
    WWDG_IRQHandler                          0x0800011b   Thumb Code     0  startup_stm32f103xb.o(.text)
    __aeabi_llsr                             0x08000125   Thumb Code    32  llushr.o(.text)
    _ll_ushift_r                             0x08000125   Thumb Code     0  llushr.o(.text)
    __aeabi_memcpy                           0x08000145   Thumb Code    36  memcpya.o(.text)
    __aeabi_memcpy4                          0x08000145   Thumb Code     0  memcpya.o(.text)
    __aeabi_memcpy8                          0x08000145   Thumb Code     0  memcpya.o(.text)
    __aeabi_fadd                             0x08000169   Thumb Code   164  fadd.o(.text)
    __aeabi_fsub                             0x0800020d   Thumb Code     6  fadd.o(.text)
    __aeabi_frsub                            0x08000213   Thumb Code     6  fadd.o(.text)
    __aeabi_fmul                             0x08000219   Thumb Code   100  fmul.o(.text)
    __aeabi_fdiv                             0x0800027d   Thumb Code   124  fdiv.o(.text)
    __ARM_scalbnf                            0x080002f9   Thumb Code    24  fscalb.o(.text)
    scalbnf                                  0x080002f9   Thumb Code     0  fscalb.o(.text)
    __aeabi_dadd                             0x08000311   Thumb Code   322  dadd.o(.text)
    __aeabi_dsub                             0x08000453   Thumb Code     6  dadd.o(.text)
    __aeabi_drsub                            0x08000459   Thumb Code     6  dadd.o(.text)
    __aeabi_dmul                             0x0800045f   Thumb Code   228  dmul.o(.text)
    __aeabi_ddiv                             0x08000543   Thumb Code   222  ddiv.o(.text)
    __ARM_scalbn                             0x08000621   Thumb Code    46  dscalb.o(.text)
    scalbn                                   0x08000621   Thumb Code     0  dscalb.o(.text)
    __aeabi_i2f                              0x0800064f   Thumb Code    18  fflti.o(.text)
    __aeabi_ui2f                             0x08000661   Thumb Code    10  ffltui.o(.text)
    __aeabi_ui2d                             0x0800066b   Thumb Code    26  dfltui.o(.text)
    __aeabi_f2iz                             0x08000685   Thumb Code    50  ffixi.o(.text)
    __aeabi_d2uiz                            0x080006b7   Thumb Code    50  dfixui.o(.text)
    __aeabi_f2d                              0x080006e9   Thumb Code    38  f2d.o(.text)
    __aeabi_cdcmpeq                          0x08000711   Thumb Code     0  cdcmple.o(.text)
    __aeabi_cdcmple                          0x08000711   Thumb Code    48  cdcmple.o(.text)
    __aeabi_cdrcmple                         0x08000741   Thumb Code    48  cdrcmple.o(.text)
    __aeabi_d2f                              0x08000771   Thumb Code    56  d2f.o(.text)
    __aeabi_uldivmod                         0x080007a9   Thumb Code    98  uldiv.o(.text)
    __aeabi_llsl                             0x0800080b   Thumb Code    30  llshl.o(.text)
    _ll_shift_l                              0x0800080b   Thumb Code     0  llshl.o(.text)
    __aeabi_lasr                             0x08000829   Thumb Code    36  llsshr.o(.text)
    _ll_sshift_r                             0x08000829   Thumb Code     0  llsshr.o(.text)
    __I$use$fp                               0x0800084d   Thumb Code     0  iusefp.o(.text)
    _float_round                             0x0800084d   Thumb Code    18  fepilogue.o(.text)
    _float_epilogue                          0x0800085f   Thumb Code    92  fepilogue.o(.text)
    _double_round                            0x080008bb   Thumb Code    30  depilogue.o(.text)
    _double_epilogue                         0x080008d9   Thumb Code   156  depilogue.o(.text)
    _dsqrt                                   0x08000975   Thumb Code   162  dsqrt.o(.text)
    __scatterload                            0x08000a19   Thumb Code    28  init.o(.text)
    __scatterload_rt2                        0x08000a19   Thumb Code     0  init.o(.text)
    __decompress                             0x08000a3d   Thumb Code     0  __dczerorl2.o(.text)
    __decompress1                            0x08000a3d   Thumb Code    86  __dczerorl2.o(.text)
    BusFault_Handler                         0x08000a93   Thumb Code     2  stm32f1xx_it.o(i.BusFault_Handler)
    DebugMon_Handler                         0x08000ad9   Thumb Code     2  stm32f1xx_it.o(i.DebugMon_Handler)
    EXTI3_IRQHandler                         0x08000add   Thumb Code    12  stm32f1xx_it.o(i.EXTI3_IRQHandler)
    EXTI9_5_IRQHandler                       0x08000aed   Thumb Code    38  stm32f1xx_it.o(i.EXTI9_5_IRQHandler)
    HAL_Delay                                0x08000b25   Thumb Code    32  stm32f1xx_hal.o(i.HAL_Delay)
    HAL_GPIO_EXTI_Callback                   0x08000b49   Thumb Code     2  stm32f1xx_hal_gpio.o(i.HAL_GPIO_EXTI_Callback)
    HAL_GPIO_EXTI_IRQHandler                 0x08000b4d   Thumb Code    18  stm32f1xx_hal_gpio.o(i.HAL_GPIO_EXTI_IRQHandler)
    HAL_GPIO_Init                            0x08000b65   Thumb Code   408  stm32f1xx_hal_gpio.o(i.HAL_GPIO_Init)
    HAL_GPIO_WritePin                        0x08000d21   Thumb Code    10  stm32f1xx_hal_gpio.o(i.HAL_GPIO_WritePin)
    HAL_GetTick                              0x08000d2d   Thumb Code     6  stm32f1xx_hal.o(i.HAL_GetTick)
    HAL_I2C_Init                             0x08000d39   Thumb Code   302  stm32f1xx_hal_i2c.o(i.HAL_I2C_Init)
    HAL_I2C_IsDeviceReady                    0x08000e79   Thumb Code   344  stm32f1xx_hal_i2c.o(i.HAL_I2C_IsDeviceReady)
    HAL_I2C_Master_Receive                   0x08000fd9   Thumb Code   516  stm32f1xx_hal_i2c.o(i.HAL_I2C_Master_Receive)
    HAL_I2C_Master_Transmit                  0x080011e9   Thumb Code   304  stm32f1xx_hal_i2c.o(i.HAL_I2C_Master_Transmit)
    HAL_I2C_MspInit                          0x08001321   Thumb Code    54  stm32f1xx_hal_msp.o(i.HAL_I2C_MspInit)
    HAL_IncTick                              0x08001365   Thumb Code    12  stm32f1xx_hal.o(i.HAL_IncTick)
    HAL_Init                                 0x08001375   Thumb Code    32  stm32f1xx_hal.o(i.HAL_Init)
    HAL_InitTick                             0x08001399   Thumb Code    54  stm32f1xx_hal.o(i.HAL_InitTick)
    HAL_MspInit                              0x080013d9   Thumb Code   134  stm32f1xx_hal_msp.o(i.HAL_MspInit)
    HAL_NVIC_EnableIRQ                       0x08001469   Thumb Code    22  stm32f1xx_hal_cortex.o(i.HAL_NVIC_EnableIRQ)
    HAL_NVIC_SetPriority                     0x08001481   Thumb Code    60  stm32f1xx_hal_cortex.o(i.HAL_NVIC_SetPriority)
    HAL_NVIC_SetPriorityGrouping             0x080014c1   Thumb Code    26  stm32f1xx_hal_cortex.o(i.HAL_NVIC_SetPriorityGrouping)
    HAL_NVIC_SystemReset                     0x080014e5   Thumb Code    26  stm32f1xx_hal_cortex.o(i.HAL_NVIC_SystemReset)
    HAL_PCDEx_PMAConfig                      0x08001509   Thumb Code    52  stm32f1xx_hal_pcd_ex.o(i.HAL_PCDEx_PMAConfig)
    HAL_PCDEx_SetConnectionState             0x0800153d   Thumb Code     2  usbd_conf.o(i.HAL_PCDEx_SetConnectionState)
    HAL_PCD_DataInStageCallback              0x0800153f   Thumb Code    14  usbd_conf.o(i.HAL_PCD_DataInStageCallback)
    HAL_PCD_DataOutStageCallback             0x0800154d   Thumb Code    16  usbd_conf.o(i.HAL_PCD_DataOutStageCallback)
    HAL_PCD_EP_Close                         0x0800155d   Thumb Code    64  stm32f1xx_hal_pcd.o(i.HAL_PCD_EP_Close)
    HAL_PCD_EP_ClrStall                      0x0800159d   Thumb Code    72  stm32f1xx_hal_pcd.o(i.HAL_PCD_EP_ClrStall)
    HAL_PCD_EP_GetRxCount                    0x080015e5   Thumb Code    16  stm32f1xx_hal_pcd.o(i.HAL_PCD_EP_GetRxCount)
    HAL_PCD_EP_Open                          0x080015f5   Thumb Code    68  stm32f1xx_hal_pcd.o(i.HAL_PCD_EP_Open)
    HAL_PCD_EP_Receive                       0x08001639   Thumb Code    46  stm32f1xx_hal_pcd.o(i.HAL_PCD_EP_Receive)
    HAL_PCD_EP_SetStall                      0x08001667   Thumb Code    86  stm32f1xx_hal_pcd.o(i.HAL_PCD_EP_SetStall)
    HAL_PCD_EP_Transmit                      0x080016bd   Thumb Code    42  stm32f1xx_hal_pcd.o(i.HAL_PCD_EP_Transmit)
    HAL_PCD_IRQHandler                       0x080016e7   Thumb Code   268  stm32f1xx_hal_pcd.o(i.HAL_PCD_IRQHandler)
    HAL_PCD_Init                             0x080017f5   Thumb Code   192  stm32f1xx_hal_pcd.o(i.HAL_PCD_Init)
    HAL_PCD_MspInit                          0x080018b5   Thumb Code    50  usbd_conf.o(i.HAL_PCD_MspInit)
    HAL_PCD_ResetCallback                    0x080018f1   Thumb Code    26  usbd_conf.o(i.HAL_PCD_ResetCallback)
    HAL_PCD_ResumeCallback                   0x0800190b   Thumb Code     8  usbd_conf.o(i.HAL_PCD_ResumeCallback)
    HAL_PCD_SOFCallback                      0x08001913   Thumb Code     8  usbd_conf.o(i.HAL_PCD_SOFCallback)
    HAL_PCD_SetAddress                       0x0800191b   Thumb Code    40  stm32f1xx_hal_pcd.o(i.HAL_PCD_SetAddress)
    HAL_PCD_SetupStageCallback               0x08001943   Thumb Code    14  usbd_conf.o(i.HAL_PCD_SetupStageCallback)
    HAL_PCD_Start                            0x08001951   Thumb Code    50  stm32f1xx_hal_pcd.o(i.HAL_PCD_Start)
    HAL_PCD_SuspendCallback                  0x08001985   Thumb Code    30  usbd_conf.o(i.HAL_PCD_SuspendCallback)
    HAL_RCCEx_PeriphCLKConfig                0x080019a9   Thumb Code   224  stm32f1xx_hal_rcc_ex.o(i.HAL_RCCEx_PeriphCLKConfig)
    HAL_RCC_ClockConfig                      0x08001a95   Thumb Code   322  stm32f1xx_hal_rcc.o(i.HAL_RCC_ClockConfig)
    HAL_RCC_GetHCLKFreq                      0x08001be9   Thumb Code     6  stm32f1xx_hal_rcc.o(i.HAL_RCC_GetHCLKFreq)
    HAL_RCC_GetPCLK1Freq                     0x08001bf5   Thumb Code    20  stm32f1xx_hal_rcc.o(i.HAL_RCC_GetPCLK1Freq)
    HAL_RCC_GetPCLK2Freq                     0x08001c15   Thumb Code    20  stm32f1xx_hal_rcc.o(i.HAL_RCC_GetPCLK2Freq)
    HAL_RCC_GetSysClockFreq                  0x08001c35   Thumb Code    74  stm32f1xx_hal_rcc.o(i.HAL_RCC_GetSysClockFreq)
    HAL_RCC_OscConfig                        0x08001ca1   Thumb Code   750  stm32f1xx_hal_rcc.o(i.HAL_RCC_OscConfig)
    HAL_SPI_Init                             0x08001fa5   Thumb Code   130  stm32f1xx_hal_spi_ex.o(i.HAL_SPI_Init)
    HAL_SPI_MspInit                          0x08002029   Thumb Code    78  stm32f1xx_hal_msp.o(i.HAL_SPI_MspInit)
    HAL_SYSTICK_CLKSourceConfig              0x08002085   Thumb Code    24  stm32f1xx_hal_cortex.o(i.HAL_SYSTICK_CLKSourceConfig)
    HAL_SYSTICK_Callback                     0x0800209d   Thumb Code     2  stm32f1xx_hal_cortex.o(i.HAL_SYSTICK_Callback)
    HAL_SYSTICK_Config                       0x0800209f   Thumb Code    40  stm32f1xx_hal_cortex.o(i.HAL_SYSTICK_Config)
    HAL_SYSTICK_IRQHandler                   0x080020c7   Thumb Code     8  stm32f1xx_hal_cortex.o(i.HAL_SYSTICK_IRQHandler)
    HAL_TIMEx_BreakCallback                  0x080020cf   Thumb Code     2  stm32f1xx_hal_tim_ex.o(i.HAL_TIMEx_BreakCallback)
    HAL_TIMEx_CommutationCallback            0x080020d1   Thumb Code     2  stm32f1xx_hal_tim_ex.o(i.HAL_TIMEx_CommutationCallback)
    HAL_TIMEx_MasterConfigSynchronization    0x080020d3   Thumb Code    80  stm32f1xx_hal_tim_ex.o(i.HAL_TIMEx_MasterConfigSynchronization)
    HAL_TIM_Base_Init                        0x08002123   Thumb Code    54  stm32f1xx_hal_tim.o(i.HAL_TIM_Base_Init)
    HAL_TIM_Base_MspInit                     0x08002159   Thumb Code    92  stm32f1xx_hal_msp.o(i.HAL_TIM_Base_MspInit)
    HAL_TIM_ConfigClockSource                0x080021c5   Thumb Code   242  stm32f1xx_hal_tim.o(i.HAL_TIM_ConfigClockSource)
    HAL_TIM_IC_CaptureCallback               0x080022b7   Thumb Code     2  stm32f1xx_hal_tim.o(i.HAL_TIM_IC_CaptureCallback)
    HAL_TIM_IC_ConfigChannel                 0x080022b9   Thumb Code   282  stm32f1xx_hal_tim.o(i.HAL_TIM_IC_ConfigChannel)
    HAL_TIM_IC_Init                          0x080023d3   Thumb Code    54  stm32f1xx_hal_tim.o(i.HAL_TIM_IC_Init)
    HAL_TIM_IC_MspInit                       0x08002409   Thumb Code     2  stm32f1xx_hal_tim.o(i.HAL_TIM_IC_MspInit)
    HAL_TIM_IC_Start_IT                      0x0800240b   Thumb Code    76  stm32f1xx_hal_tim.o(i.HAL_TIM_IC_Start_IT)
    HAL_TIM_IRQHandler                       0x08002457   Thumb Code   358  stm32f1xx_hal_tim.o(i.HAL_TIM_IRQHandler)
    HAL_TIM_MspPostInit                      0x080025bd   Thumb Code    46  stm32f1xx_hal_msp.o(i.HAL_TIM_MspPostInit)
    HAL_TIM_OC_DelayElapsedCallback          0x080025f9   Thumb Code     2  stm32f1xx_hal_tim.o(i.HAL_TIM_OC_DelayElapsedCallback)
    HAL_TIM_OnePulse_Init                    0x080025fb   Thumb Code    74  stm32f1xx_hal_tim.o(i.HAL_TIM_OnePulse_Init)
    HAL_TIM_OnePulse_MspInit                 0x08002645   Thumb Code    30  stm32f1xx_hal_msp.o(i.HAL_TIM_OnePulse_MspInit)
    HAL_TIM_PWM_ConfigChannel                0x08002669   Thumb Code   208  stm32f1xx_hal_tim.o(i.HAL_TIM_PWM_ConfigChannel)
    HAL_TIM_PWM_Init                         0x08002739   Thumb Code    54  stm32f1xx_hal_tim.o(i.HAL_TIM_PWM_Init)
    HAL_TIM_PWM_MspInit                      0x0800276f   Thumb Code     2  stm32f1xx_hal_tim.o(i.HAL_TIM_PWM_MspInit)
    HAL_TIM_PWM_PulseFinishedCallback        0x08002771   Thumb Code     2  stm32f1xx_hal_tim.o(i.HAL_TIM_PWM_PulseFinishedCallback)
    HAL_TIM_PWM_Start                        0x08002775   Thumb Code    42  stm32f1xx_hal_tim.o(i.HAL_TIM_PWM_Start)
    HAL_TIM_PeriodElapsedCallback            0x080027a5   Thumb Code     2  stm32f1xx_hal_tim.o(i.HAL_TIM_PeriodElapsedCallback)
    HAL_TIM_TriggerCallback                  0x080027a7   Thumb Code     2  stm32f1xx_hal_tim.o(i.HAL_TIM_TriggerCallback)
    HAL_UART_Init                            0x080027a9   Thumb Code    98  stm32f1xx_hal_uart.o(i.HAL_UART_Init)
    HAL_UART_MspInit                         0x0800280d   Thumb Code   164  stm32f1xx_hal_msp.o(i.HAL_UART_MspInit)
    HAL_UART_Transmit                        0x080028c9   Thumb Code   186  stm32f1xx_hal_uart.o(i.HAL_UART_Transmit)
    HardFault_Handler                        0x08002983   Thumb Code     2  stm32f1xx_it.o(i.HardFault_Handler)
    MX_USB_DEVICE_Init                       0x08002f79   Thumb Code    38  usb_device.o(i.MX_USB_DEVICE_Init)
    MadgwickAHRSupdateIMU                    0x08002fb1   Thumb Code  1170  madgwickahrs.o(i.MadgwickAHRSupdateIMU)
    MemManage_Handler                        0x08003443   Thumb Code     2  stm32f1xx_it.o(i.MemManage_Handler)
    NMI_Handler                              0x08003445   Thumb Code     2  stm32f1xx_it.o(i.NMI_Handler)
    PendSV_Handler                           0x080037c9   Thumb Code     2  stm32f1xx_it.o(i.PendSV_Handler)
    QuatToEuler                              0x080037cd   Thumb Code   312  main.o(i.QuatToEuler)
    SVC_Handler                              0x0800391d   Thumb Code     2  stm32f1xx_it.o(i.SVC_Handler)
    SysTick_Handler                          0x08003921   Thumb Code    22  stm32f1xx_it.o(i.SysTick_Handler)
    SystemClock_Config                       0x0800393d   Thumb Code   120  main.o(i.SystemClock_Config)
    SystemInit                               0x080039b5   Thumb Code    56  system_stm32f1xx.o(i.SystemInit)
    TIM1_CC_IRQHandler                       0x080039fd   Thumb Code    70  stm32f1xx_it.o(i.TIM1_CC_IRQHandler)
    TIM_Base_SetConfig                       0x08003a59   Thumb Code    94  stm32f1xx_hal_tim.o(i.TIM_Base_SetConfig)
    TIM_CCxChannelCmd                        0x08003ac5   Thumb Code    22  stm32f1xx_hal_tim.o(i.TIM_CCxChannelCmd)
    TIM_OC2_SetConfig                        0x08003b51   Thumb Code    84  stm32f1xx_hal_tim.o(i.TIM_OC2_SetConfig)
    TIM_TI1_SetConfig                        0x08003c69   Thumb Code    76  stm32f1xx_hal_tim.o(i.TIM_TI1_SetConfig)
    USBD_CDC_GetDeviceQualifierDescriptor    0x08003f95   Thumb Code     8  usbd_cdc.o(i.USBD_CDC_GetDeviceQualifierDescriptor)
    USBD_CDC_ReceivePacket                   0x0800404d   Thumb Code    40  usbd_cdc.o(i.USBD_CDC_ReceivePacket)
    USBD_CDC_RegisterInterface               0x08004075   Thumb Code    16  usbd_cdc.o(i.USBD_CDC_RegisterInterface)
    USBD_CDC_SetRxBuffer                     0x08004085   Thumb Code    12  usbd_cdc.o(i.USBD_CDC_SetRxBuffer)
    USBD_CDC_SetTxBuffer                     0x08004091   Thumb Code    16  usbd_cdc.o(i.USBD_CDC_SetTxBuffer)
    USBD_ClrClassConfig                      0x08004111   Thumb Code    14  usbd_core.o(i.USBD_ClrClassConfig)
    USBD_CtlContinueRx                       0x0800411f   Thumb Code    16  usbd_ioreq.o(i.USBD_CtlContinueRx)
    USBD_CtlContinueSendData                 0x0800412f   Thumb Code    16  usbd_ioreq.o(i.USBD_CtlContinueSendData)
    USBD_CtlError                            0x0800413f   Thumb Code    22  usbd_ctlreq.o(i.USBD_CtlError)
    USBD_CtlPrepareRx                        0x08004155   Thumb Code    30  usbd_ioreq.o(i.USBD_CtlPrepareRx)
    USBD_CtlReceiveStatus                    0x08004173   Thumb Code    22  usbd_ioreq.o(i.USBD_CtlReceiveStatus)
    USBD_CtlSendData                         0x08004189   Thumb Code    26  usbd_ioreq.o(i.USBD_CtlSendData)
    USBD_CtlSendStatus                       0x080041a3   Thumb Code    22  usbd_ioreq.o(i.USBD_CtlSendStatus)
    USBD_FS_ConfigStrDescriptor              0x080041b9   Thumb Code    16  usbd_desc.o(i.USBD_FS_ConfigStrDescriptor)
    USBD_FS_DeviceDescriptor                 0x080041d9   Thumb Code     8  usbd_desc.o(i.USBD_FS_DeviceDescriptor)
    USBD_FS_InterfaceStrDescriptor           0x080041e5   Thumb Code    16  usbd_desc.o(i.USBD_FS_InterfaceStrDescriptor)
    USBD_FS_LangIDStrDescriptor              0x08004209   Thumb Code     8  usbd_desc.o(i.USBD_FS_LangIDStrDescriptor)
    USBD_FS_ManufacturerStrDescriptor        0x08004215   Thumb Code    16  usbd_desc.o(i.USBD_FS_ManufacturerStrDescriptor)
    USBD_FS_ProductStrDescriptor             0x0800423d   Thumb Code    16  usbd_desc.o(i.USBD_FS_ProductStrDescriptor)
    USBD_FS_SerialStrDescriptor              0x08004269   Thumb Code    16  usbd_desc.o(i.USBD_FS_SerialStrDescriptor)
    USBD_GetString                           0x0800436d   Thumb Code    70  usbd_ctlreq.o(i.USBD_GetString)
    USBD_Init                                0x080043b3   Thumb Code    42  usbd_core.o(i.USBD_Init)
    USBD_LL_ClearStallEP                     0x080043dd   Thumb Code    32  usbd_conf.o(i.USBD_LL_ClearStallEP)
    USBD_LL_CloseEP                          0x080043fd   Thumb Code    32  usbd_conf.o(i.USBD_LL_CloseEP)
    USBD_LL_DataInStage                      0x0800441d   Thumb Code   170  usbd_core.o(i.USBD_LL_DataInStage)
    USBD_LL_DataOutStage                     0x080044c7   Thumb Code   106  usbd_core.o(i.USBD_LL_DataOutStage)
    USBD_LL_GetRxDataSize                    0x08004531   Thumb Code     8  usbd_conf.o(i.USBD_LL_GetRxDataSize)
    USBD_LL_Init                             0x08004539   Thumb Code   130  usbd_conf.o(i.USBD_LL_Init)
    USBD_LL_IsStallEP                        0x080045d9   Thumb Code    28  usbd_conf.o(i.USBD_LL_IsStallEP)
    USBD_LL_OpenEP                           0x080045f5   Thumb Code    38  usbd_conf.o(i.USBD_LL_OpenEP)
    USBD_LL_PrepareReceive                   0x0800461b   Thumb Code    32  usbd_conf.o(i.USBD_LL_PrepareReceive)
    USBD_LL_Reset                            0x0800463b   Thumb Code    62  usbd_core.o(i.USBD_LL_Reset)
    USBD_LL_Resume                           0x08004679   Thumb Code    12  usbd_core.o(i.USBD_LL_Resume)
    USBD_LL_SOF                              0x08004685   Thumb Code    24  usbd_core.o(i.USBD_LL_SOF)
    USBD_LL_SetSpeed                         0x0800469d   Thumb Code     6  usbd_core.o(i.USBD_LL_SetSpeed)
    USBD_LL_SetUSBAddress                    0x080046a3   Thumb Code    32  usbd_conf.o(i.USBD_LL_SetUSBAddress)
    USBD_LL_SetupStage                       0x080046c3   Thumb Code    90  usbd_core.o(i.USBD_LL_SetupStage)
    USBD_LL_StallEP                          0x0800471d   Thumb Code    32  usbd_conf.o(i.USBD_LL_StallEP)
    USBD_LL_Start                            0x0800473d   Thumb Code    32  usbd_conf.o(i.USBD_LL_Start)
    USBD_LL_Suspend                          0x0800475d   Thumb Code    18  usbd_core.o(i.USBD_LL_Suspend)
    USBD_LL_Transmit                         0x0800476f   Thumb Code    32  usbd_conf.o(i.USBD_LL_Transmit)
    USBD_ParseSetupRequest                   0x0800478f   Thumb Code    40  usbd_ctlreq.o(i.USBD_ParseSetupRequest)
    USBD_RegisterClass                       0x080047b7   Thumb Code    16  usbd_core.o(i.USBD_RegisterClass)
    USBD_SetClassConfig                      0x080047c7   Thumb Code    22  usbd_core.o(i.USBD_SetClassConfig)
    USBD_Start                               0x08004851   Thumb Code    10  usbd_core.o(i.USBD_Start)
    USBD_StdDevReq                           0x0800485b   Thumb Code   242  usbd_ctlreq.o(i.USBD_StdDevReq)
    USBD_StdEPReq                            0x0800494d   Thumb Code   220  usbd_ctlreq.o(i.USBD_StdEPReq)
    USBD_StdItfReq                           0x08004a29   Thumb Code    52  usbd_ctlreq.o(i.USBD_StdItfReq)
    USBD_static_free                         0x08004a5d   Thumb Code     2  usbd_conf.o(i.USBD_static_free)
    USBD_static_malloc                       0x08004a61   Thumb Code     4  usbd_conf.o(i.USBD_static_malloc)
    USB_ActivateEndpoint                     0x08004a69   Thumb Code   604  stm32f1xx_ll_usb.o(i.USB_ActivateEndpoint)
    USB_CoreInit                             0x08004cc5   Thumb Code     4  stm32f1xx_ll_usb.o(i.USB_CoreInit)
    USB_DeactivateEndpoint                   0x08004cc9   Thumb Code   292  stm32f1xx_ll_usb.o(i.USB_DeactivateEndpoint)
    USB_DevConnect                           0x08004ded   Thumb Code     4  stm32f1xx_ll_usb.o(i.USB_DevConnect)
    USB_DevDisconnect                        0x08004df1   Thumb Code     4  stm32f1xx_ll_usb.o(i.USB_DevDisconnect)
    USB_DevInit                              0x08004df5   Thumb Code    30  stm32f1xx_ll_usb.o(i.USB_DevInit)
    USB_DisableGlobalInt                     0x08004e13   Thumb Code    14  stm32f1xx_ll_usb.o(i.USB_DisableGlobalInt)
    USB_EP0_OutStart                         0x08004e21   Thumb Code     4  stm32f1xx_ll_usb.o(i.USB_EP0_OutStart)
    USB_EPClearStall                         0x08004e25   Thumb Code   106  stm32f1xx_ll_usb.o(i.USB_EPClearStall)
    USB_EPSetStall                           0x08004e8f   Thumb Code    74  stm32f1xx_ll_usb.o(i.USB_EPSetStall)
    USB_EPStartXfer                          0x08004ed9   Thumb Code   426  stm32f1xx_ll_usb.o(i.USB_EPStartXfer)
    USB_EnableGlobalInt                      0x08005083   Thumb Code    14  stm32f1xx_ll_usb.o(i.USB_EnableGlobalInt)
    USB_LP_CAN1_RX0_IRQHandler               0x08005091   Thumb Code     6  stm32f1xx_it.o(i.USB_LP_CAN1_RX0_IRQHandler)
    USB_ReadInterrupts                       0x0800509d   Thumb Code     6  stm32f1xx_ll_usb.o(i.USB_ReadInterrupts)
    USB_ReadPMA                              0x080050a5   Thumb Code    30  stm32f1xx_ll_usb.o(i.USB_ReadPMA)
    USB_SetCurrentMode                       0x080050c3   Thumb Code     4  stm32f1xx_ll_usb.o(i.USB_SetCurrentMode)
    USB_SetDevAddress                        0x080050c7   Thumb Code    12  stm32f1xx_ll_usb.o(i.USB_SetDevAddress)
    USB_WritePMA                             0x080050d3   Thumb Code    38  stm32f1xx_ll_usb.o(i.USB_WritePMA)
    UsageFault_Handler                       0x080050f9   Thumb Code     2  stm32f1xx_it.o(i.UsageFault_Handler)
    _Error_Handler                           0x080050fb   Thumb Code     2  main.o(i._Error_Handler)
    __0printf$8                              0x080050fd   Thumb Code    22  printf8.o(i.__0printf$8)
    __1printf$8                              0x080050fd   Thumb Code     0  printf8.o(i.__0printf$8)
    __2printf                                0x080050fd   Thumb Code     0  printf8.o(i.__0printf$8)
    __ARM_fpclassify                         0x0800511d   Thumb Code    40  fpclassify.o(i.__ARM_fpclassify)
    __kernel_poly                            0x08005145   Thumb Code   170  poly.o(i.__kernel_poly)
    __mathlib_dbl_infnan                     0x080051ef   Thumb Code     6  dunder.o(i.__mathlib_dbl_infnan)
    __mathlib_dbl_infnan2                    0x080051f5   Thumb Code     4  dunder.o(i.__mathlib_dbl_infnan2)
    __mathlib_dbl_invalid                    0x080051f9   Thumb Code    12  dunder.o(i.__mathlib_dbl_invalid)
    __mathlib_dbl_underflow                  0x08005205   Thumb Code    10  dunder.o(i.__mathlib_dbl_underflow)
    __scatterload_copy                       0x08005215   Thumb Code    14  handlers.o(i.__scatterload_copy)
    __scatterload_null                       0x08005223   Thumb Code     2  handlers.o(i.__scatterload_null)
    __scatterload_zeroinit                   0x08005225   Thumb Code    14  handlers.o(i.__scatterload_zeroinit)
    __set_errno                              0x08005235   Thumb Code     6  errno.o(i.__set_errno)
    asin                                     0x080056a5   Thumb Code   572  asin.o(i.asin)
    atan                                     0x08005915   Thumb Code   474  atan.o(i.atan)
    atan2                                    0x08005b35   Thumb Code   346  atan2.o(i.atan2)
    fputc                                    0x08005cb5   Thumb Code    20  main.o(i.fputc)
    invSqrt                                  0x08005ccd   Thumb Code    48  madgwickahrs.o(i.invSqrt)
    main                                     0x08005d01   Thumb Code   500  main.o(i.main)
    map_reciever_inputs                      0x08005f21   Thumb Code   342  main.o(i.map_reciever_inputs)
    map_v1                                   0x080060a1   Thumb Code    88  main.o(i.map_v1)
    map_with_midpoint                        0x080060f9   Thumb Code   126  main.o(i.map_with_midpoint)
    microseconds                             0x08006179   Thumb Code    34  main.o(i.microseconds)
    motor_signal_set                         0x080061a1   Thumb Code  1280  main.o(i.motor_signal_set)
    mpu_read                                 0x080066b1   Thumb Code   484  main.o(i.mpu_read)
    mpu_register_read                        0x080068b1   Thumb Code    54  main.o(i.mpu_register_read)
    mpu_register_set_new                     0x0800690d   Thumb Code    68  main.o(i.mpu_register_set_new)
    mpu_setup                                0x08006969   Thumb Code   200  main.o(i.mpu_setup)
    pitchPidCompute                          0x08006a85   Thumb Code   336  main.o(i.pitchPidCompute)
    rollPidCompute                           0x08006bed   Thumb Code   336  main.o(i.rollPidCompute)
    sqrt                                     0x08006d55   Thumb Code    76  sqrt.o(i.sqrt)
    yawPidCompute                            0x08006da1   Thumb Code   338  main.o(i.yawPidCompute)
    AHBPrescTable                            0x08006f10   Data          16  system_stm32f1xx.o(.constdata)
    APBPrescTable                            0x08006f20   Data           8  system_stm32f1xx.o(.constdata)
    __mathlib_zero                           0x08007010   Data           8  qnan.o(.constdata)
    Region$$Table$$Base                      0x08007018   Number         0  anon$$obj.o(Region$$Table)
    Region$$Table$$Limit                     0x08007038   Number         0  anon$$obj.o(Region$$Table)
    beta                                     0x20000000   Data           4  madgwickahrs.o(.data)
    q0                                       0x20000004   Data           4  madgwickahrs.o(.data)
    q1                                       0x20000008   Data           4  madgwickahrs.o(.data)
    q2                                       0x2000000c   Data           4  madgwickahrs.o(.data)
    q3                                       0x20000010   Data           4  madgwickahrs.o(.data)
    new_data                                 0x20000018   Data           1  main.o(.data)
    offsetting                               0x20000019   Data           1  main.o(.data)
    nrf24_available                          0x2000001a   Data           1  main.o(.data)
    failsafe                                 0x2000001b   Data           1  main.o(.data)
    txBuffer                                 0x2000001c   Data           2  main.o(.data)
    gyro_sensitivity_scale_factor            0x20000020   Data           4  main.o(.data)
    acc_sensitivity_scale_factor             0x20000024   Data           4  main.o(.data)
    gyroX_Offset                             0x20000028   Data           4  main.o(.data)
    gyroY_Offset                             0x2000002c   Data           4  main.o(.data)
    gyroZ_Offset                             0x20000030   Data           4  main.o(.data)
    accX_Offset                              0x20000034   Data           4  main.o(.data)
    accY_Offset                              0x20000038   Data           4  main.o(.data)
    accZ_Offset                              0x2000003c   Data           4  main.o(.data)
    accX_Scale                               0x20000040   Data           4  main.o(.data)
    accY_Scale                               0x20000044   Data           4  main.o(.data)
    accZ_Scale                               0x20000048   Data           4  main.o(.data)
    samples                                  0x2000004c   Data           4  main.o(.data)
    reading_count                            0x20000050   Data           4  main.o(.data)
    loop1_last                               0x20000054   Data           4  main.o(.data)
    loop2_last                               0x20000058   Data           4  main.o(.data)
    loop3_last                               0x2000005c   Data           4  main.o(.data)
    system_clock                             0x20000060   Data           4  main.o(.data)
    loop_count                               0x20000064   Data           4  main.o(.data)
    accX                                     0x20000068   Data           4  main.o(.data)
    accY                                     0x2000006c   Data           4  main.o(.data)
    accZ                                     0x20000070   Data           4  main.o(.data)
    temp                                     0x20000074   Data           4  main.o(.data)
    gyroX                                    0x20000078   Data           4  main.o(.data)
    gyroY                                    0x2000007c   Data           4  main.o(.data)
    gyroZ                                    0x20000080   Data           4  main.o(.data)
    gyroX_rad                                0x20000084   Data           4  main.o(.data)
    gyroY_rad                                0x20000088   Data           4  main.o(.data)
    gyroZ_rad                                0x2000008c   Data           4  main.o(.data)
    accX_raw                                 0x20000090   Data           4  main.o(.data)
    accY_raw                                 0x20000094   Data           4  main.o(.data)
    accZ_raw                                 0x20000098   Data           4  main.o(.data)
    gyroX_raw                                0x2000009c   Data           4  main.o(.data)
    gyroY_raw                                0x200000a0   Data           4  main.o(.data)
    gyroZ_raw                                0x200000a4   Data           4  main.o(.data)
    roll                                     0x200000a8   Data           4  main.o(.data)
    pitch                                    0x200000ac   Data           4  main.o(.data)
    yaw                                      0x200000b0   Data           4  main.o(.data)
    x_degrees                                0x200000b4   Data           4  main.o(.data)
    y_degrees                                0x200000b8   Data           4  main.o(.data)
    z_degrees                                0x200000bc   Data           4  main.o(.data)
    last_signal                              0x200000c0   Data           4  main.o(.data)
    pitch_current_time                       0x200000c4   Data           4  main.o(.data)
    pitch_last_time                          0x200000c8   Data           4  main.o(.data)
    roll_current_time                        0x200000cc   Data           4  main.o(.data)
    roll_last_time                           0x200000d0   Data           4  main.o(.data)
    yaw_current_time                         0x200000d4   Data           4  main.o(.data)
    yaw_last_time                            0x200000d8   Data           4  main.o(.data)
    RXpipe_address                           0x200000e0   Data           8  main.o(.data)
    reciever_beta                            0x200000e8   Data           8  main.o(.data)
    pitch_last_error                         0x200000f0   Data           8  main.o(.data)
    roll_last_error                          0x200000f8   Data           8  main.o(.data)
    yaw_last_error                           0x20000100   Data           8  main.o(.data)
    pKp                                      0x20000108   Data           8  main.o(.data)
    pKi                                      0x20000110   Data           8  main.o(.data)
    pKd                                      0x20000118   Data           8  main.o(.data)
    rKp                                      0x20000120   Data           8  main.o(.data)
    rKi                                      0x20000128   Data           8  main.o(.data)
    rKd                                      0x20000130   Data           8  main.o(.data)
    yKp                                      0x20000138   Data           8  main.o(.data)
    yKi                                      0x20000140   Data           8  main.o(.data)
    yKd                                      0x20000148   Data           8  main.o(.data)
    tpa_pid_p                                0x20000150   Data           8  main.o(.data)
    rollIn                                   0x20000158   Data           8  main.o(.data)
    pitchIn                                  0x20000160   Data           8  main.o(.data)
    yawIn                                    0x20000168   Data           8  main.o(.data)
    throttleIn                               0x20000170   Data           8  main.o(.data)
    pitch_elapsed_time                       0x20000178   Data           8  main.o(.data)
    roll_elapsed_time                        0x20000180   Data           8  main.o(.data)
    yaw_elapsed_time                         0x20000188   Data           8  main.o(.data)
    pitch_pid_error                          0x20000190   Data           8  main.o(.data)
    pitch_error                              0x20000198   Data           8  main.o(.data)
    pitch_p_error                            0x200001a0   Data           8  main.o(.data)
    pitch_i_error                            0x200001a8   Data           8  main.o(.data)
    pitch_d_error                            0x200001b0   Data           8  main.o(.data)
    roll_pid_error                           0x200001b8   Data           8  main.o(.data)
    roll_error                               0x200001c0   Data           8  main.o(.data)
    roll_p_error                             0x200001c8   Data           8  main.o(.data)
    roll_i_error                             0x200001d0   Data           8  main.o(.data)
    roll_d_error                             0x200001d8   Data           8  main.o(.data)
    yaw_pid_error                            0x200001e0   Data           8  main.o(.data)
    yaw_error                                0x200001e8   Data           8  main.o(.data)
    yaw_p_error                              0x200001f0   Data           8  main.o(.data)
    yaw_i_error                              0x200001f8   Data           8  main.o(.data)
    yaw_d_error                              0x20000200   Data           8  main.o(.data)
    pitch_pid_output                         0x20000208   Data           8  main.o(.data)
    roll_pid_output                          0x20000210   Data           8  main.o(.data)
    yaw_pid_output                           0x20000218   Data           8  main.o(.data)
    motorTR                                  0x20000220   Data           8  main.o(.data)
    motorBR                                  0x20000228   Data           8  main.o(.data)
    motorBL                                  0x20000230   Data           8  main.o(.data)
    motorTL                                  0x20000238   Data           8  main.o(.data)
    ack_data                                 0x20000240   Data          32  main.o(.data)
    reading_elapsed_time                     0x20000260   Data           4  main.o(.data)
    reading_last_time                        0x20000264   Data           4  main.o(.data)
    this_time                                0x20000268   Data           4  main.o(.data)
    ch_count                                 0x2000026c   Data           4  main.o(.data)
    FS_Desc                                  0x20000270   Data          28  usbd_desc.o(.data)
    USBD_LangIDDesc                          0x2000028c   Data           4  usbd_desc.o(.data)
    USBD_FS_DeviceDesc                       0x20000290   Data          18  usbd_desc.o(.data)
    USBD_Interface_fops_FS                   0x200002a4   Data          16  usbd_cdc_if.o(.data)
    inputCapture                             0x200002b4   Data           4  stm32f1xx_it.o(.data)
    uwTickFreq                               0x200002b8   Data           1  stm32f1xx_hal.o(.data)
    uwTickPrio                               0x200002bc   Data           4  stm32f1xx_hal.o(.data)
    uwTick                                   0x200002c0   Data           4  stm32f1xx_hal.o(.data)
    SystemCoreClock                          0x200002c4   Data           4  system_stm32f1xx.o(.data)
    USBD_CDC_CfgHSDesc                       0x200002dc   Data          67  usbd_cdc.o(.data)
    USBD_CDC_CfgFSDesc                       0x20000320   Data          67  usbd_cdc.o(.data)
    USBD_CDC_OtherSpeedCfgDesc               0x20000364   Data          67  usbd_cdc.o(.data)
    USBD_CDC                                 0x200003a8   Data          56  usbd_cdc.o(.data)
    __stdout                                 0x200003e0   Data           4  stdout.o(.data)
    hi2c1                                    0x200003e8   Data          84  main.o(.bss)
    hspi2                                    0x2000043c   Data          88  main.o(.bss)
    htim1                                    0x20000494   Data          64  main.o(.bss)
    htim2                                    0x200004d4   Data          64  main.o(.bss)
    htim3                                    0x20000514   Data          64  main.o(.bss)
    huart1                                   0x20000554   Data          64  main.o(.bss)
    huart2                                   0x20000594   Data          64  main.o(.bss)
    huart3                                   0x200005d4   Data          64  main.o(.bss)
    rxBuffer                                 0x20000614   Data          14  main.o(.bss)
    rawData                                  0x20000622   Data          14  main.o(.bss)
    time_stamps                              0x20000630   Data          32  main.o(.bss)
    rx_data                                  0x20000650   Data          40  main.o(.bss)
    ch                                       0x20000678   Data          32  main.o(.bss)
    hUsbDeviceFS                             0x20000698   Data         548  usb_device.o(.bss)
    hpcd_USB_FS                              0x20000adc   Data        1120  usbd_conf.o(.bss)
    USBD_StrDesc                             0x20000f3c   Data         512  usbd_desc.o(.bss)
    UserRxBufferFS                           0x2000113c   Data        1000  usbd_cdc_if.o(.bss)
    UserTxBufferFS                           0x20001524   Data        1000  usbd_cdc_if.o(.bss)
    __initial_sp                             0x20001d10   Data           0  startup_stm32f103xb.o(STACK)



==============================================================================

Memory Map of the image

  Image Entry point : 0x080000ed

  Load Region LR_IROM1 (Base: 0x08000000, Size: 0x00007420, Max: 0x00010000, ABSOLUTE, COMPRESSED[0x00007174])

    Execution Region ER_IROM1 (Exec base: 0x08000000, Load base: 0x08000000, Size: 0x00007038, Max: 0x00010000, ABSOLUTE)

    Exec Addr    Load Addr    Size         Type   Attr      Idx    E Section Name        Object

    0x08000000   0x08000000   0x000000ec   Data   RO            3    RESET               startup_stm32f103xb.o
    0x080000ec   0x080000ec   0x00000000   Code   RO         5009  * .ARM.Collect$$$$00000000  mc_w.l(entry.o)
    0x080000ec   0x080000ec   0x00000004   Code   RO         5344    .ARM.Collect$$$$00000001  mc_w.l(entry2.o)
    0x080000f0   0x080000f0   0x00000004   Code   RO         5347    .ARM.Collect$$$$00000004  mc_w.l(entry5.o)
    0x080000f4   0x080000f4   0x00000000   Code   RO         5349    .ARM.Collect$$$$00000008  mc_w.l(entry7b.o)
    0x080000f4   0x080000f4   0x00000000   Code   RO         5351    .ARM.Collect$$$$0000000A  mc_w.l(entry8b.o)
    0x080000f4   0x080000f4   0x00000008   Code   RO         5352    .ARM.Collect$$$$0000000B  mc_w.l(entry9a.o)
    0x080000fc   0x080000fc   0x00000000   Code   RO         5354    .ARM.Collect$$$$0000000D  mc_w.l(entry10a.o)
    0x080000fc   0x080000fc   0x00000000   Code   RO         5356    .ARM.Collect$$$$0000000F  mc_w.l(entry11a.o)
    0x080000fc   0x080000fc   0x00000004   Code   RO         5345    .ARM.Collect$$$$00002712  mc_w.l(entry2.o)
    0x08000100   0x08000100   0x00000024   Code   RO            4    .text               startup_stm32f103xb.o
    0x08000124   0x08000124   0x00000020   Code   RO         5012    .text               mc_w.l(llushr.o)
    0x08000144   0x08000144   0x00000024   Code   RO         5014    .text               mc_w.l(memcpya.o)
    0x08000168   0x08000168   0x000000b0   Code   RO         5281    .text               mf_w.l(fadd.o)
    0x08000218   0x08000218   0x00000064   Code   RO         5283    .text               mf_w.l(fmul.o)
    0x0800027c   0x0800027c   0x0000007c   Code   RO         5285    .text               mf_w.l(fdiv.o)
    0x080002f8   0x080002f8   0x00000018   Code   RO         5287    .text               mf_w.l(fscalb.o)
    0x08000310   0x08000310   0x0000014e   Code   RO         5289    .text               mf_w.l(dadd.o)
    0x0800045e   0x0800045e   0x000000e4   Code   RO         5291    .text               mf_w.l(dmul.o)
    0x08000542   0x08000542   0x000000de   Code   RO         5293    .text               mf_w.l(ddiv.o)
    0x08000620   0x08000620   0x0000002e   Code   RO         5295    .text               mf_w.l(dscalb.o)
    0x0800064e   0x0800064e   0x00000012   Code   RO         5297    .text               mf_w.l(fflti.o)
    0x08000660   0x08000660   0x0000000a   Code   RO         5299    .text               mf_w.l(ffltui.o)
    0x0800066a   0x0800066a   0x0000001a   Code   RO         5301    .text               mf_w.l(dfltui.o)
    0x08000684   0x08000684   0x00000032   Code   RO         5303    .text               mf_w.l(ffixi.o)
    0x080006b6   0x080006b6   0x00000032   Code   RO         5305    .text               mf_w.l(dfixui.o)
    0x080006e8   0x080006e8   0x00000026   Code   RO         5307    .text               mf_w.l(f2d.o)
    0x0800070e   0x0800070e   0x00000002   PAD
    0x08000710   0x08000710   0x00000030   Code   RO         5309    .text               mf_w.l(cdcmple.o)
    0x08000740   0x08000740   0x00000030   Code   RO         5311    .text               mf_w.l(cdrcmple.o)
    0x08000770   0x08000770   0x00000038   Code   RO         5313    .text               mf_w.l(d2f.o)
    0x080007a8   0x080007a8   0x00000062   Code   RO         5361    .text               mc_w.l(uldiv.o)
    0x0800080a   0x0800080a   0x0000001e   Code   RO         5363    .text               mc_w.l(llshl.o)
    0x08000828   0x08000828   0x00000024   Code   RO         5365    .text               mc_w.l(llsshr.o)
    0x0800084c   0x0800084c   0x00000000   Code   RO         5374    .text               mc_w.l(iusefp.o)
    0x0800084c   0x0800084c   0x0000006e   Code   RO         5375    .text               mf_w.l(fepilogue.o)
    0x080008ba   0x080008ba   0x000000ba   Code   RO         5377    .text               mf_w.l(depilogue.o)
    0x08000974   0x08000974   0x000000a2   Code   RO         5379    .text               mf_w.l(dsqrt.o)
    0x08000a16   0x08000a16   0x00000002   PAD
    0x08000a18   0x08000a18   0x00000024   Code   RO         5383    .text               mc_w.l(init.o)
    0x08000a3c   0x08000a3c   0x00000056   Code   RO         5393    .text               mc_w.l(__dczerorl2.o)
    0x08000a92   0x08000a92   0x00000002   Code   RO         1090    i.BusFault_Handler  stm32f1xx_it.o
    0x08000a94   0x08000a94   0x00000004   Code   RO         1038    i.CDC_Control_FS    usbd_cdc_if.o
    0x08000a98   0x08000a98   0x00000004   Code   RO         1039    i.CDC_DeInit_FS     usbd_cdc_if.o
    0x08000a9c   0x08000a9c   0x00000024   Code   RO         1040    i.CDC_Init_FS       usbd_cdc_if.o
    0x08000ac0   0x08000ac0   0x00000018   Code   RO         1041    i.CDC_Receive_FS    usbd_cdc_if.o
    0x08000ad8   0x08000ad8   0x00000002   Code   RO         1091    i.DebugMon_Handler  stm32f1xx_it.o
    0x08000ada   0x08000ada   0x00000002   PAD
    0x08000adc   0x08000adc   0x00000010   Code   RO         1092    i.EXTI3_IRQHandler  stm32f1xx_it.o
    0x08000aec   0x08000aec   0x00000038   Code   RO         1093    i.EXTI9_5_IRQHandler  stm32f1xx_it.o
    0x08000b24   0x08000b24   0x00000024   Code   RO         3698    i.HAL_Delay         stm32f1xx_hal.o
    0x08000b48   0x08000b48   0x00000002   Code   RO         3989    i.HAL_GPIO_EXTI_Callback  stm32f1xx_hal_gpio.o
    0x08000b4a   0x08000b4a   0x00000002   PAD
    0x08000b4c   0x08000b4c   0x00000018   Code   RO         3990    i.HAL_GPIO_EXTI_IRQHandler  stm32f1xx_hal_gpio.o
    0x08000b64   0x08000b64   0x000001bc   Code   RO         3991    i.HAL_GPIO_Init     stm32f1xx_hal_gpio.o
    0x08000d20   0x08000d20   0x0000000a   Code   RO         3995    i.HAL_GPIO_WritePin  stm32f1xx_hal_gpio.o
    0x08000d2a   0x08000d2a   0x00000002   PAD
    0x08000d2c   0x08000d2c   0x0000000c   Code   RO         3702    i.HAL_GetTick       stm32f1xx_hal.o
    0x08000d38   0x08000d38   0x00000140   Code   RO         1767    i.HAL_I2C_Init      stm32f1xx_hal_i2c.o
    0x08000e78   0x08000e78   0x00000160   Code   RO         1768    i.HAL_I2C_IsDeviceReady  stm32f1xx_hal_i2c.o
    0x08000fd8   0x08000fd8   0x00000210   Code   RO         1773    i.HAL_I2C_Master_Receive  stm32f1xx_hal_i2c.o
    0x080011e8   0x080011e8   0x00000138   Code   RO         1778    i.HAL_I2C_Master_Transmit  stm32f1xx_hal_i2c.o
    0x08001320   0x08001320   0x00000044   Code   RO         1194    i.HAL_I2C_MspInit   stm32f1xx_hal_msp.o
    0x08001364   0x08001364   0x00000010   Code   RO         3706    i.HAL_IncTick       stm32f1xx_hal.o
    0x08001374   0x08001374   0x00000024   Code   RO         3707    i.HAL_Init          stm32f1xx_hal.o
    0x08001398   0x08001398   0x00000040   Code   RO         3708    i.HAL_InitTick      stm32f1xx_hal.o
    0x080013d8   0x080013d8   0x00000090   Code   RO         1195    i.HAL_MspInit       stm32f1xx_hal_msp.o
    0x08001468   0x08001468   0x00000016   Code   RO         4151    i.HAL_NVIC_EnableIRQ  stm32f1xx_hal_cortex.o
    0x0800147e   0x0800147e   0x00000002   PAD
    0x08001480   0x08001480   0x00000040   Code   RO         4157    i.HAL_NVIC_SetPriority  stm32f1xx_hal_cortex.o
    0x080014c0   0x080014c0   0x00000024   Code   RO         4158    i.HAL_NVIC_SetPriorityGrouping  stm32f1xx_hal_cortex.o
    0x080014e4   0x080014e4   0x00000024   Code   RO         4159    i.HAL_NVIC_SystemReset  stm32f1xx_hal_cortex.o
    0x08001508   0x08001508   0x00000034   Code   RO         1534    i.HAL_PCDEx_PMAConfig  stm32f1xx_hal_pcd_ex.o
    0x0800153c   0x0800153c   0x00000002   Code   RO          763    i.HAL_PCDEx_SetConnectionState  usbd_conf.o
    0x0800153e   0x0800153e   0x0000000e   Code   RO          765    i.HAL_PCD_DataInStageCallback  usbd_conf.o
    0x0800154c   0x0800154c   0x00000010   Code   RO          766    i.HAL_PCD_DataOutStageCallback  usbd_conf.o
    0x0800155c   0x0800155c   0x00000040   Code   RO         1328    i.HAL_PCD_EP_Close  stm32f1xx_hal_pcd.o
    0x0800159c   0x0800159c   0x00000048   Code   RO         1329    i.HAL_PCD_EP_ClrStall  stm32f1xx_hal_pcd.o
    0x080015e4   0x080015e4   0x00000010   Code   RO         1331    i.HAL_PCD_EP_GetRxCount  stm32f1xx_hal_pcd.o
    0x080015f4   0x080015f4   0x00000044   Code   RO         1332    i.HAL_PCD_EP_Open   stm32f1xx_hal_pcd.o
    0x08001638   0x08001638   0x0000002e   Code   RO         1333    i.HAL_PCD_EP_Receive  stm32f1xx_hal_pcd.o
    0x08001666   0x08001666   0x00000056   Code   RO         1334    i.HAL_PCD_EP_SetStall  stm32f1xx_hal_pcd.o
    0x080016bc   0x080016bc   0x0000002a   Code   RO         1335    i.HAL_PCD_EP_Transmit  stm32f1xx_hal_pcd.o
    0x080016e6   0x080016e6   0x0000010c   Code   RO         1337    i.HAL_PCD_IRQHandler  stm32f1xx_hal_pcd.o
    0x080017f2   0x080017f2   0x00000002   PAD
    0x080017f4   0x080017f4   0x000000c0   Code   RO         1340    i.HAL_PCD_Init      stm32f1xx_hal_pcd.o
    0x080018b4   0x080018b4   0x0000003c   Code   RO          771    i.HAL_PCD_MspInit   usbd_conf.o
    0x080018f0   0x080018f0   0x0000001a   Code   RO          772    i.HAL_PCD_ResetCallback  usbd_conf.o
    0x0800190a   0x0800190a   0x00000008   Code   RO          773    i.HAL_PCD_ResumeCallback  usbd_conf.o
    0x08001912   0x08001912   0x00000008   Code   RO          774    i.HAL_PCD_SOFCallback  usbd_conf.o
    0x0800191a   0x0800191a   0x00000028   Code   RO         1346    i.HAL_PCD_SetAddress  stm32f1xx_hal_pcd.o
    0x08001942   0x08001942   0x0000000e   Code   RO          775    i.HAL_PCD_SetupStageCallback  usbd_conf.o
    0x08001950   0x08001950   0x00000032   Code   RO         1348    i.HAL_PCD_Start     stm32f1xx_hal_pcd.o
    0x08001982   0x08001982   0x00000002   PAD
    0x08001984   0x08001984   0x00000024   Code   RO          776    i.HAL_PCD_SuspendCallback  usbd_conf.o
    0x080019a8   0x080019a8   0x000000ec   Code   RO         3954    i.HAL_RCCEx_PeriphCLKConfig  stm32f1xx_hal_rcc_ex.o
    0x08001a94   0x08001a94   0x00000154   Code   RO         3851    i.HAL_RCC_ClockConfig  stm32f1xx_hal_rcc.o
    0x08001be8   0x08001be8   0x0000000c   Code   RO         3856    i.HAL_RCC_GetHCLKFreq  stm32f1xx_hal_rcc.o
    0x08001bf4   0x08001bf4   0x00000020   Code   RO         3858    i.HAL_RCC_GetPCLK1Freq  stm32f1xx_hal_rcc.o
    0x08001c14   0x08001c14   0x00000020   Code   RO         3859    i.HAL_RCC_GetPCLK2Freq  stm32f1xx_hal_rcc.o
    0x08001c34   0x08001c34   0x0000006c   Code   RO         3860    i.HAL_RCC_GetSysClockFreq  stm32f1xx_hal_rcc.o
    0x08001ca0   0x08001ca0   0x00000304   Code   RO         3863    i.HAL_RCC_OscConfig  stm32f1xx_hal_rcc.o
    0x08001fa4   0x08001fa4   0x00000082   Code   RO         2477    i.HAL_SPI_Init      stm32f1xx_hal_spi_ex.o
    0x08002026   0x08002026   0x00000002   PAD
    0x08002028   0x08002028   0x0000005c   Code   RO         1197    i.HAL_SPI_MspInit   stm32f1xx_hal_msp.o
    0x08002084   0x08002084   0x00000018   Code   RO         4160    i.HAL_SYSTICK_CLKSourceConfig  stm32f1xx_hal_cortex.o
    0x0800209c   0x0800209c   0x00000002   Code   RO         4161    i.HAL_SYSTICK_Callback  stm32f1xx_hal_cortex.o
    0x0800209e   0x0800209e   0x00000028   Code   RO         4162    i.HAL_SYSTICK_Config  stm32f1xx_hal_cortex.o
    0x080020c6   0x080020c6   0x00000008   Code   RO         4163    i.HAL_SYSTICK_IRQHandler  stm32f1xx_hal_cortex.o
    0x080020ce   0x080020ce   0x00000002   Code   RO         3132    i.HAL_TIMEx_BreakCallback  stm32f1xx_hal_tim_ex.o
    0x080020d0   0x080020d0   0x00000002   Code   RO         3133    i.HAL_TIMEx_CommutationCallback  stm32f1xx_hal_tim_ex.o
    0x080020d2   0x080020d2   0x00000050   Code   RO         3149    i.HAL_TIMEx_MasterConfigSynchronization  stm32f1xx_hal_tim_ex.o
    0x08002122   0x08002122   0x00000036   Code   RO         2503    i.HAL_TIM_Base_Init  stm32f1xx_hal_tim.o
    0x08002158   0x08002158   0x0000006c   Code   RO         1199    i.HAL_TIM_Base_MspInit  stm32f1xx_hal_msp.o
    0x080021c4   0x080021c4   0x000000f2   Code   RO         2512    i.HAL_TIM_ConfigClockSource  stm32f1xx_hal_tim.o
    0x080022b6   0x080022b6   0x00000002   Code   RO         2532    i.HAL_TIM_IC_CaptureCallback  stm32f1xx_hal_tim.o
    0x080022b8   0x080022b8   0x0000011a   Code   RO         2533    i.HAL_TIM_IC_ConfigChannel  stm32f1xx_hal_tim.o
    0x080023d2   0x080023d2   0x00000036   Code   RO         2536    i.HAL_TIM_IC_Init   stm32f1xx_hal_tim.o
    0x08002408   0x08002408   0x00000002   Code   RO         2538    i.HAL_TIM_IC_MspInit  stm32f1xx_hal_tim.o
    0x0800240a   0x0800240a   0x0000004c   Code   RO         2541    i.HAL_TIM_IC_Start_IT  stm32f1xx_hal_tim.o
    0x08002456   0x08002456   0x00000166   Code   RO         2545    i.HAL_TIM_IRQHandler  stm32f1xx_hal_tim.o
    0x080025bc   0x080025bc   0x0000003c   Code   RO         1200    i.HAL_TIM_MspPostInit  stm32f1xx_hal_msp.o
    0x080025f8   0x080025f8   0x00000002   Code   RO         2548    i.HAL_TIM_OC_DelayElapsedCallback  stm32f1xx_hal_tim.o
    0x080025fa   0x080025fa   0x0000004a   Code   RO         2562    i.HAL_TIM_OnePulse_Init  stm32f1xx_hal_tim.o
    0x08002644   0x08002644   0x00000024   Code   RO         1202    i.HAL_TIM_OnePulse_MspInit  stm32f1xx_hal_msp.o
    0x08002668   0x08002668   0x000000d0   Code   RO         2569    i.HAL_TIM_PWM_ConfigChannel  stm32f1xx_hal_tim.o
    0x08002738   0x08002738   0x00000036   Code   RO         2572    i.HAL_TIM_PWM_Init  stm32f1xx_hal_tim.o
    0x0800276e   0x0800276e   0x00000002   Code   RO         2574    i.HAL_TIM_PWM_MspInit  stm32f1xx_hal_tim.o
    0x08002770   0x08002770   0x00000002   Code   RO         2575    i.HAL_TIM_PWM_PulseFinishedCallback  stm32f1xx_hal_tim.o
    0x08002772   0x08002772   0x00000002   PAD
    0x08002774   0x08002774   0x00000030   Code   RO         2576    i.HAL_TIM_PWM_Start  stm32f1xx_hal_tim.o
    0x080027a4   0x080027a4   0x00000002   Code   RO         2582    i.HAL_TIM_PeriodElapsedCallback  stm32f1xx_hal_tim.o
    0x080027a6   0x080027a6   0x00000002   Code   RO         2586    i.HAL_TIM_TriggerCallback  stm32f1xx_hal_tim.o
    0x080027a8   0x080027a8   0x00000062   Code   RO         3390    i.HAL_UART_Init     stm32f1xx_hal_uart.o
    0x0800280a   0x0800280a   0x00000002   PAD
    0x0800280c   0x0800280c   0x000000bc   Code   RO         1204    i.HAL_UART_MspInit  stm32f1xx_hal_msp.o
    0x080028c8   0x080028c8   0x000000ba   Code   RO         3398    i.HAL_UART_Transmit  stm32f1xx_hal_uart.o
    0x08002982   0x08002982   0x00000002   Code   RO         1094    i.HardFault_Handler  stm32f1xx_it.o
    0x08002984   0x08002984   0x00000028   Code   RO         1805    i.I2C_IsAcknowledgeFailed  stm32f1xx_hal_i2c.o
    0x080029ac   0x080029ac   0x000000de   Code   RO         1808    i.I2C_MasterRequestRead  stm32f1xx_hal_i2c.o
    0x08002a8a   0x08002a8a   0x00000002   PAD
    0x08002a8c   0x08002a8c   0x00000094   Code   RO         1809    i.I2C_MasterRequestWrite  stm32f1xx_hal_i2c.o
    0x08002b20   0x08002b20   0x0000004e   Code   RO         1818    i.I2C_WaitOnBTFFlagUntilTimeout  stm32f1xx_hal_i2c.o
    0x08002b6e   0x08002b6e   0x00000060   Code   RO         1819    i.I2C_WaitOnFlagUntilTimeout  stm32f1xx_hal_i2c.o
    0x08002bce   0x08002bce   0x00000002   PAD
    0x08002bd0   0x08002bd0   0x00000088   Code   RO         1820    i.I2C_WaitOnMasterAddressFlagUntilTimeout  stm32f1xx_hal_i2c.o
    0x08002c58   0x08002c58   0x00000062   Code   RO         1821    i.I2C_WaitOnRXNEFlagUntilTimeout  stm32f1xx_hal_i2c.o
    0x08002cba   0x08002cba   0x0000004e   Code   RO         1822    i.I2C_WaitOnTXEFlagUntilTimeout  stm32f1xx_hal_i2c.o
    0x08002d08   0x08002d08   0x000000d8   Code   RO          495    i.MX_GPIO_Init      main.o
    0x08002de0   0x08002de0   0x00000038   Code   RO          496    i.MX_I2C1_Init      main.o
    0x08002e18   0x08002e18   0x00000040   Code   RO          497    i.MX_SPI2_Init      main.o
    0x08002e58   0x08002e58   0x0000007c   Code   RO          498    i.MX_TIM1_Init      main.o
    0x08002ed4   0x08002ed4   0x000000a4   Code   RO          499    i.MX_TIM3_Init      main.o
    0x08002f78   0x08002f78   0x00000038   Code   RO          729    i.MX_USB_DEVICE_Init  usb_device.o
    0x08002fb0   0x08002fb0   0x00000492   Code   RO           11    i.MadgwickAHRSupdateIMU  madgwickahrs.o
    0x08003442   0x08003442   0x00000002   Code   RO         1095    i.MemManage_Handler  stm32f1xx_it.o
    0x08003444   0x08003444   0x00000002   Code   RO         1096    i.NMI_Handler       stm32f1xx_it.o
    0x08003446   0x08003446   0x00000020   Code   RO         4164    i.NVIC_SetPriority  stm32f1xx_hal_cortex.o
    0x08003466   0x08003466   0x00000362   Code   RO         1351    i.PCD_EP_ISR_Handler  stm32f1xx_hal_pcd.o
    0x080037c8   0x080037c8   0x00000002   Code   RO         1097    i.PendSV_Handler    stm32f1xx_it.o
    0x080037ca   0x080037ca   0x00000002   PAD
    0x080037cc   0x080037cc   0x00000150   Code   RO          500    i.QuatToEuler       main.o
    0x0800391c   0x0800391c   0x00000002   Code   RO         1098    i.SVC_Handler       stm32f1xx_it.o
    0x0800391e   0x0800391e   0x00000002   PAD
    0x08003920   0x08003920   0x0000001c   Code   RO         1099    i.SysTick_Handler   stm32f1xx_it.o
    0x0800393c   0x0800393c   0x00000078   Code   RO          501    i.SystemClock_Config  main.o
    0x080039b4   0x080039b4   0x00000048   Code   RO         4580    i.SystemInit        system_stm32f1xx.o
    0x080039fc   0x080039fc   0x0000005c   Code   RO         1100    i.TIM1_CC_IRQHandler  stm32f1xx_it.o
    0x08003a58   0x08003a58   0x0000006c   Code   RO         2587    i.TIM_Base_SetConfig  stm32f1xx_hal_tim.o
    0x08003ac4   0x08003ac4   0x00000016   Code   RO         2588    i.TIM_CCxChannelCmd  stm32f1xx_hal_tim.o
    0x08003ada   0x08003ada   0x00000014   Code   RO         2594    i.TIM_ETR_SetConfig  stm32f1xx_hal_tim.o
    0x08003aee   0x08003aee   0x00000010   Code   RO         2595    i.TIM_ITRx_SetConfig  stm32f1xx_hal_tim.o
    0x08003afe   0x08003afe   0x00000002   PAD
    0x08003b00   0x08003b00   0x00000050   Code   RO         2596    i.TIM_OC1_SetConfig  stm32f1xx_hal_tim.o
    0x08003b50   0x08003b50   0x00000058   Code   RO         2597    i.TIM_OC2_SetConfig  stm32f1xx_hal_tim.o
    0x08003ba8   0x08003ba8   0x00000058   Code   RO         2598    i.TIM_OC3_SetConfig  stm32f1xx_hal_tim.o
    0x08003c00   0x08003c00   0x00000044   Code   RO         2599    i.TIM_OC4_SetConfig  stm32f1xx_hal_tim.o
    0x08003c44   0x08003c44   0x00000022   Code   RO         2601    i.TIM_TI1_ConfigInputStage  stm32f1xx_hal_tim.o
    0x08003c66   0x08003c66   0x00000002   PAD
    0x08003c68   0x08003c68   0x00000058   Code   RO         2602    i.TIM_TI1_SetConfig  stm32f1xx_hal_tim.o
    0x08003cc0   0x08003cc0   0x00000024   Code   RO         2603    i.TIM_TI2_ConfigInputStage  stm32f1xx_hal_tim.o
    0x08003ce4   0x08003ce4   0x00000036   Code   RO         2604    i.TIM_TI2_SetConfig  stm32f1xx_hal_tim.o
    0x08003d1a   0x08003d1a   0x00000002   PAD
    0x08003d1c   0x08003d1c   0x00000170   Code   RO         3416    i.UART_SetConfig    stm32f1xx_hal_uart.o
    0x08003e8c   0x08003e8c   0x00000064   Code   RO         3418    i.UART_WaitOnFlagUntilTimeout  stm32f1xx_hal_uart.o
    0x08003ef0   0x08003ef0   0x00000014   Code   RO         4880    i.USBD_CDC_DataIn   usbd_cdc.o
    0x08003f04   0x08003f04   0x0000002e   Code   RO         4881    i.USBD_CDC_DataOut  usbd_cdc.o
    0x08003f32   0x08003f32   0x0000003c   Code   RO         4882    i.USBD_CDC_DeInit   usbd_cdc.o
    0x08003f6e   0x08003f6e   0x00000024   Code   RO         4883    i.USBD_CDC_EP0_RxReady  usbd_cdc.o
    0x08003f92   0x08003f92   0x00000002   PAD
    0x08003f94   0x08003f94   0x0000000c   Code   RO         4884    i.USBD_CDC_GetDeviceQualifierDescriptor  usbd_cdc.o
    0x08003fa0   0x08003fa0   0x0000000c   Code   RO         4885    i.USBD_CDC_GetFSCfgDesc  usbd_cdc.o
    0x08003fac   0x08003fac   0x0000000c   Code   RO         4886    i.USBD_CDC_GetHSCfgDesc  usbd_cdc.o
    0x08003fb8   0x08003fb8   0x0000000c   Code   RO         4887    i.USBD_CDC_GetOtherSpeedCfgDesc  usbd_cdc.o
    0x08003fc4   0x08003fc4   0x00000088   Code   RO         4888    i.USBD_CDC_Init     usbd_cdc.o
    0x0800404c   0x0800404c   0x00000028   Code   RO         4889    i.USBD_CDC_ReceivePacket  usbd_cdc.o
    0x08004074   0x08004074   0x00000010   Code   RO         4890    i.USBD_CDC_RegisterInterface  usbd_cdc.o
    0x08004084   0x08004084   0x0000000c   Code   RO         4891    i.USBD_CDC_SetRxBuffer  usbd_cdc.o
    0x08004090   0x08004090   0x00000010   Code   RO         4892    i.USBD_CDC_SetTxBuffer  usbd_cdc.o
    0x080040a0   0x080040a0   0x00000070   Code   RO         4893    i.USBD_CDC_Setup    usbd_cdc.o
    0x08004110   0x08004110   0x0000000e   Code   RO         4617    i.USBD_ClrClassConfig  usbd_core.o
    0x0800411e   0x0800411e   0x00000010   Code   RO         4820    i.USBD_CtlContinueRx  usbd_ioreq.o
    0x0800412e   0x0800412e   0x00000010   Code   RO         4821    i.USBD_CtlContinueSendData  usbd_ioreq.o
    0x0800413e   0x0800413e   0x00000016   Code   RO         4755    i.USBD_CtlError     usbd_ctlreq.o
    0x08004154   0x08004154   0x0000001e   Code   RO         4822    i.USBD_CtlPrepareRx  usbd_ioreq.o
    0x08004172   0x08004172   0x00000016   Code   RO         4823    i.USBD_CtlReceiveStatus  usbd_ioreq.o
    0x08004188   0x08004188   0x0000001a   Code   RO         4824    i.USBD_CtlSendData  usbd_ioreq.o
    0x080041a2   0x080041a2   0x00000016   Code   RO         4825    i.USBD_CtlSendStatus  usbd_ioreq.o
    0x080041b8   0x080041b8   0x00000020   Code   RO          970    i.USBD_FS_ConfigStrDescriptor  usbd_desc.o
    0x080041d8   0x080041d8   0x0000000c   Code   RO          971    i.USBD_FS_DeviceDescriptor  usbd_desc.o
    0x080041e4   0x080041e4   0x00000024   Code   RO          972    i.USBD_FS_InterfaceStrDescriptor  usbd_desc.o
    0x08004208   0x08004208   0x0000000c   Code   RO          973    i.USBD_FS_LangIDStrDescriptor  usbd_desc.o
    0x08004214   0x08004214   0x00000028   Code   RO          974    i.USBD_FS_ManufacturerStrDescriptor  usbd_desc.o
    0x0800423c   0x0800423c   0x0000002c   Code   RO          975    i.USBD_FS_ProductStrDescriptor  usbd_desc.o
    0x08004268   0x08004268   0x00000024   Code   RO          976    i.USBD_FS_SerialStrDescriptor  usbd_desc.o
    0x0800428c   0x0800428c   0x000000e0   Code   RO         4756    i.USBD_GetDescriptor  usbd_ctlreq.o
    0x0800436c   0x0800436c   0x00000046   Code   RO         4757    i.USBD_GetString    usbd_ctlreq.o
    0x080043b2   0x080043b2   0x0000002a   Code   RO         4619    i.USBD_Init         usbd_core.o
    0x080043dc   0x080043dc   0x00000020   Code   RO          777    i.USBD_LL_ClearStallEP  usbd_conf.o
    0x080043fc   0x080043fc   0x00000020   Code   RO          778    i.USBD_LL_CloseEP   usbd_conf.o
    0x0800441c   0x0800441c   0x000000aa   Code   RO         4620    i.USBD_LL_DataInStage  usbd_core.o
    0x080044c6   0x080044c6   0x0000006a   Code   RO         4621    i.USBD_LL_DataOutStage  usbd_core.o
    0x08004530   0x08004530   0x00000008   Code   RO          782    i.USBD_LL_GetRxDataSize  usbd_conf.o
    0x08004538   0x08004538   0x000000a0   Code   RO          783    i.USBD_LL_Init      usbd_conf.o
    0x080045d8   0x080045d8   0x0000001c   Code   RO          784    i.USBD_LL_IsStallEP  usbd_conf.o
    0x080045f4   0x080045f4   0x00000026   Code   RO          785    i.USBD_LL_OpenEP    usbd_conf.o
    0x0800461a   0x0800461a   0x00000020   Code   RO          786    i.USBD_LL_PrepareReceive  usbd_conf.o
    0x0800463a   0x0800463a   0x0000003e   Code   RO         4626    i.USBD_LL_Reset     usbd_core.o
    0x08004678   0x08004678   0x0000000c   Code   RO         4627    i.USBD_LL_Resume    usbd_core.o
    0x08004684   0x08004684   0x00000018   Code   RO         4628    i.USBD_LL_SOF       usbd_core.o
    0x0800469c   0x0800469c   0x00000006   Code   RO         4629    i.USBD_LL_SetSpeed  usbd_core.o
    0x080046a2   0x080046a2   0x00000020   Code   RO          787    i.USBD_LL_SetUSBAddress  usbd_conf.o
    0x080046c2   0x080046c2   0x0000005a   Code   RO         4630    i.USBD_LL_SetupStage  usbd_core.o
    0x0800471c   0x0800471c   0x00000020   Code   RO          788    i.USBD_LL_StallEP   usbd_conf.o
    0x0800473c   0x0800473c   0x00000020   Code   RO          789    i.USBD_LL_Start     usbd_conf.o
    0x0800475c   0x0800475c   0x00000012   Code   RO         4631    i.USBD_LL_Suspend   usbd_core.o
    0x0800476e   0x0800476e   0x00000020   Code   RO          791    i.USBD_LL_Transmit  usbd_conf.o
    0x0800478e   0x0800478e   0x00000028   Code   RO         4758    i.USBD_ParseSetupRequest  usbd_ctlreq.o
    0x080047b6   0x080047b6   0x00000010   Code   RO         4632    i.USBD_RegisterClass  usbd_core.o
    0x080047c6   0x080047c6   0x00000016   Code   RO         4634    i.USBD_SetClassConfig  usbd_core.o
    0x080047dc   0x080047dc   0x00000074   Code   RO         4759    i.USBD_SetConfig    usbd_ctlreq.o
    0x08004850   0x08004850   0x0000000a   Code   RO         4635    i.USBD_Start        usbd_core.o
    0x0800485a   0x0800485a   0x000000f2   Code   RO         4760    i.USBD_StdDevReq    usbd_ctlreq.o
    0x0800494c   0x0800494c   0x000000dc   Code   RO         4761    i.USBD_StdEPReq     usbd_ctlreq.o
    0x08004a28   0x08004a28   0x00000034   Code   RO         4762    i.USBD_StdItfReq    usbd_ctlreq.o
    0x08004a5c   0x08004a5c   0x00000002   Code   RO          792    i.USBD_static_free  usbd_conf.o
    0x08004a5e   0x08004a5e   0x00000002   PAD
    0x08004a60   0x08004a60   0x00000008   Code   RO          793    i.USBD_static_malloc  usbd_conf.o
    0x08004a68   0x08004a68   0x0000025c   Code   RO         1564    i.USB_ActivateEndpoint  stm32f1xx_ll_usb.o
    0x08004cc4   0x08004cc4   0x00000004   Code   RO         1567    i.USB_CoreInit      stm32f1xx_ll_usb.o
    0x08004cc8   0x08004cc8   0x00000124   Code   RO         1569    i.USB_DeactivateEndpoint  stm32f1xx_ll_usb.o
    0x08004dec   0x08004dec   0x00000004   Code   RO         1570    i.USB_DevConnect    stm32f1xx_ll_usb.o
    0x08004df0   0x08004df0   0x00000004   Code   RO         1571    i.USB_DevDisconnect  stm32f1xx_ll_usb.o
    0x08004df4   0x08004df4   0x0000001e   Code   RO         1572    i.USB_DevInit       stm32f1xx_ll_usb.o
    0x08004e12   0x08004e12   0x0000000e   Code   RO         1573    i.USB_DisableGlobalInt  stm32f1xx_ll_usb.o
    0x08004e20   0x08004e20   0x00000004   Code   RO         1574    i.USB_EP0_OutStart  stm32f1xx_ll_usb.o
    0x08004e24   0x08004e24   0x0000006a   Code   RO         1575    i.USB_EPClearStall  stm32f1xx_ll_usb.o
    0x08004e8e   0x08004e8e   0x0000004a   Code   RO         1576    i.USB_EPSetStall    stm32f1xx_ll_usb.o
    0x08004ed8   0x08004ed8   0x000001aa   Code   RO         1577    i.USB_EPStartXfer   stm32f1xx_ll_usb.o
    0x08005082   0x08005082   0x0000000e   Code   RO         1578    i.USB_EnableGlobalInt  stm32f1xx_ll_usb.o
    0x08005090   0x08005090   0x0000000c   Code   RO         1101    i.USB_LP_CAN1_RX0_IRQHandler  stm32f1xx_it.o
    0x0800509c   0x0800509c   0x00000006   Code   RO         1585    i.USB_ReadInterrupts  stm32f1xx_ll_usb.o
    0x080050a2   0x080050a2   0x00000002   PAD
    0x080050a4   0x080050a4   0x0000001e   Code   RO         1586    i.USB_ReadPMA       stm32f1xx_ll_usb.o
    0x080050c2   0x080050c2   0x00000004   Code   RO         1588    i.USB_SetCurrentMode  stm32f1xx_ll_usb.o
    0x080050c6   0x080050c6   0x0000000c   Code   RO         1589    i.USB_SetDevAddress  stm32f1xx_ll_usb.o
    0x080050d2   0x080050d2   0x00000026   Code   RO         1591    i.USB_WritePMA      stm32f1xx_ll_usb.o
    0x080050f8   0x080050f8   0x00000002   Code   RO         1102    i.UsageFault_Handler  stm32f1xx_it.o
    0x080050fa   0x080050fa   0x00000002   Code   RO          502    i._Error_Handler    main.o
    0x080050fc   0x080050fc   0x00000020   Code   RO         5227    i.__0printf$8       mc_w.l(printf8.o)
    0x0800511c   0x0800511c   0x00000028   Code   RO         5339    i.__ARM_fpclassify  m_ws.l(fpclassify.o)
    0x08005144   0x08005144   0x000000aa   Code   RO         5341    i.__kernel_poly     m_ws.l(poly.o)
    0x080051ee   0x080051ee   0x00000006   Code   RO         5326    i.__mathlib_dbl_infnan  m_ws.l(dunder.o)
    0x080051f4   0x080051f4   0x00000004   Code   RO         5327    i.__mathlib_dbl_infnan2  m_ws.l(dunder.o)
    0x080051f8   0x080051f8   0x0000000c   Code   RO         5328    i.__mathlib_dbl_invalid  m_ws.l(dunder.o)
    0x08005204   0x08005204   0x00000010   Code   RO         5331    i.__mathlib_dbl_underflow  m_ws.l(dunder.o)
    0x08005214   0x08005214   0x0000000e   Code   RO         5387    i.__scatterload_copy  mc_w.l(handlers.o)
    0x08005222   0x08005222   0x00000002   Code   RO         5388    i.__scatterload_null  mc_w.l(handlers.o)
    0x08005224   0x08005224   0x0000000e   Code   RO         5389    i.__scatterload_zeroinit  mc_w.l(handlers.o)
    0x08005232   0x08005232   0x00000002   PAD
    0x08005234   0x08005234   0x0000000c   Code   RO         5369    i.__set_errno       mc_w.l(errno.o)
    0x08005240   0x08005240   0x00000410   Code   RO         5234    i._printf_core      mc_w.l(printf8.o)
    0x08005650   0x08005650   0x00000024   Code   RO         5235    i._printf_post_padding  mc_w.l(printf8.o)
    0x08005674   0x08005674   0x0000002e   Code   RO         5236    i._printf_pre_padding  mc_w.l(printf8.o)
    0x080056a2   0x080056a2   0x00000002   PAD
    0x080056a4   0x080056a4   0x00000270   Code   RO         4984    i.asin              m_ws.l(asin.o)
    0x08005914   0x08005914   0x00000220   Code   RO         5316    i.atan              m_ws.l(atan.o)
    0x08005b34   0x08005b34   0x00000180   Code   RO         4994    i.atan2             m_ws.l(atan2.o)
    0x08005cb4   0x08005cb4   0x00000018   Code   RO          503    i.fputc             main.o
    0x08005ccc   0x08005ccc   0x00000034   Code   RO           12    i.invSqrt           madgwickahrs.o
    0x08005d00   0x08005d00   0x00000220   Code   RO          504    i.main              main.o
    0x08005f20   0x08005f20   0x00000180   Code   RO          505    i.map_reciever_inputs  main.o
    0x080060a0   0x080060a0   0x00000058   Code   RO          506    i.map_v1            main.o
    0x080060f8   0x080060f8   0x0000007e   Code   RO          507    i.map_with_midpoint  main.o
    0x08006176   0x08006176   0x00000002   PAD
    0x08006178   0x08006178   0x00000028   Code   RO          508    i.microseconds      main.o
    0x080061a0   0x080061a0   0x00000510   Code   RO          509    i.motor_signal_set  main.o
    0x080066b0   0x080066b0   0x00000200   Code   RO          510    i.mpu_read          main.o
    0x080068b0   0x080068b0   0x0000005c   Code   RO          511    i.mpu_register_read  main.o
    0x0800690c   0x0800690c   0x0000005c   Code   RO          513    i.mpu_register_set_new  main.o
    0x08006968   0x08006968   0x0000011c   Code   RO          514    i.mpu_setup         main.o
    0x08006a84   0x08006a84   0x00000168   Code   RO          517    i.pitchPidCompute   main.o
    0x08006bec   0x08006bec   0x00000168   Code   RO          519    i.rollPidCompute    main.o
    0x08006d54   0x08006d54   0x0000004c   Code   RO         5002    i.sqrt              m_ws.l(sqrt.o)
    0x08006da0   0x08006da0   0x00000170   Code   RO          521    i.yawPidCompute     main.o
    0x08006f10   0x08006f10   0x00000010   Data   RO         4581    .constdata          system_stm32f1xx.o
    0x08006f20   0x08006f20   0x00000008   Data   RO         4582    .constdata          system_stm32f1xx.o
    0x08006f28   0x08006f28   0x00000050   Data   RO         4985    .constdata          m_ws.l(asin.o)
    0x08006f78   0x08006f78   0x00000098   Data   RO         5317    .constdata          m_ws.l(atan.o)
    0x08007010   0x08007010   0x00000008   Data   RO         5343    .constdata          m_ws.l(qnan.o)
    0x08007018   0x08007018   0x00000020   Data   RO         5385    Region$$Table       anon$$obj.o


    Execution Region RW_IRAM1 (Exec base: 0x20000000, Load base: 0x08007038, Size: 0x00001d10, Max: 0x00005000, ABSOLUTE, COMPRESSED[0x0000013c])

    Exec Addr    Load Addr    Size         Type   Attr      Idx    E Section Name        Object

    0x20000000   COMPRESSED   0x00000014   Data   RW           13    .data               madgwickahrs.o
    0x20000014   COMPRESSED   0x00000004   PAD
    0x20000018   COMPRESSED   0x00000248   Data   RW          530    .data               main.o
    0x20000260   COMPRESSED   0x00000004   Data   RW          531    .data               main.o
    0x20000264   COMPRESSED   0x00000004   Data   RW          532    .data               main.o
    0x20000268   COMPRESSED   0x00000004   Data   RW          533    .data               main.o
    0x2000026c   COMPRESSED   0x00000004   Data   RW          537    .data               main.o
    0x20000270   COMPRESSED   0x0000001c   Data   RW          978    .data               usbd_desc.o
    0x2000028c   COMPRESSED   0x00000016   Data   RW          979    .data               usbd_desc.o
    0x200002a2   COMPRESSED   0x00000002   PAD
    0x200002a4   COMPRESSED   0x00000010   Data   RW         1044    .data               usbd_cdc_if.o
    0x200002b4   COMPRESSED   0x00000004   Data   RW         1103    .data               stm32f1xx_it.o
    0x200002b8   COMPRESSED   0x0000000c   Data   RW         3714    .data               stm32f1xx_hal.o
    0x200002c4   COMPRESSED   0x00000004   Data   RW         4583    .data               system_stm32f1xx.o
    0x200002c8   COMPRESSED   0x00000001   Data   RW         4763    .data               usbd_ctlreq.o
    0x200002c9   COMPRESSED   0x00000003   PAD
    0x200002cc   COMPRESSED   0x000000db   Data   RW         4895    .data               usbd_cdc.o
    0x200003a7   COMPRESSED   0x00000001   PAD
    0x200003a8   COMPRESSED   0x00000038   Data   RW         4896    .data               usbd_cdc.o
    0x200003e0   COMPRESSED   0x00000004   Data   RW         5358    .data               mc_w.l(stdout.o)
    0x200003e4   COMPRESSED   0x00000004   Data   RW         5370    .data               mc_w.l(errno.o)
    0x200003e8        -       0x000002b0   Zero   RW          522    .bss                main.o
    0x20000698        -       0x00000224   Zero   RW          730    .bss                usb_device.o
    0x200008bc        -       0x00000680   Zero   RW          794    .bss                usbd_conf.o
    0x20000f3c        -       0x00000200   Zero   RW          977    .bss                usbd_desc.o
    0x2000113c        -       0x000007d0   Zero   RW         1043    .bss                usbd_cdc_if.o
    0x2000190c   COMPRESSED   0x00000004   PAD
    0x20001910        -       0x00000400   Zero   RW            1    STACK               startup_stm32f103xb.o


==============================================================================

Image component sizes


      Code (inc. data)   RO Data    RW Data    ZI Data      Debug   Object Name

      1222         18          0         20          0       3721   madgwickahrs.o
      5652        458          0        600        688      49605   main.o
         0          0          0          0          0     456868   my_nrf24.o
        36          8        236          0       1024        840   startup_stm32f103xb.o
       164         28          0         12          0       4113   stm32f1xx_hal.o
       264         24          0          0          0      28352   stm32f1xx_hal_cortex.o
       480         42          0          0          0       4180   stm32f1xx_hal_gpio.o
      2408         52          0          0          0      14006   stm32f1xx_hal_i2c.o
       696         98          0          0          0       5161   stm32f1xx_hal_msp.o
      1810          0          0          0          0      10521   stm32f1xx_hal_pcd.o
        52          0          0          0          0       1250   stm32f1xx_hal_pcd_ex.o
      1296        104          0          0          0       5908   stm32f1xx_hal_rcc.o
       236         12          0          0          0       1464   stm32f1xx_hal_rcc_ex.o
       130          0          0          0          0       1143   stm32f1xx_hal_spi_ex.o
      2166         52          0          0          0      21792   stm32f1xx_hal_tim.o
        84          0          0          0          0       2478   stm32f1xx_hal_tim_ex.o
       752          4          0          0          0       4104   stm32f1xx_hal_uart.o
       220         56          0          4          0       6491   stm32f1xx_it.o
      1666          0          0          0          0      13323   stm32f1xx_ll_usb.o
        72         16         24          4          0       1271   system_stm32f1xx.o
        56         18          0          0        548        780   usb_device.o
       542         22          0        275          0      12572   usbd_cdc.o
        68         16          0         16       2000       2754   usbd_cdc_if.o
       652         50          0          0       1664      14045   usbd_conf.o
       592          0          0          0          0       9680   usbd_core.o
       986         30          0          1          0       8088   usbd_ctlreq.o
       212        116          0         50        512       5259   usbd_desc.o
       132          0          0          0          0       4592   usbd_ioreq.o

    ----------------------------------------------------------------------
     22686       1224        292        992       6440     694361   Object Totals
         0          0         32          0          0          0   (incl. Generated)
        40          0          0         10          4          0   (incl. Padding)

    ----------------------------------------------------------------------

      Code (inc. data)   RO Data    RW Data    ZI Data      Debug   Library Member Name

       624         52         80          0          0        168   asin.o
       544         70        152          0          0        124   atan.o
       384         38          0          0          0        144   atan2.o
        38          6          0          0          0        272   dunder.o
        40          0          0          0          0         68   fpclassify.o
       170          0          0          0          0         96   poly.o
         0          0          8          0          0          0   qnan.o
        76          0          0          0          0         84   sqrt.o
        86          0          0          0          0          0   __dczerorl2.o
         0          0          0          0          0          0   entry.o
         0          0          0          0          0          0   entry10a.o
         0          0          0          0          0          0   entry11a.o
         8          4          0          0          0          0   entry2.o
         4          0          0          0          0          0   entry5.o
         0          0          0          0          0          0   entry7b.o
         0          0          0          0          0          0   entry8b.o
         8          4          0          0          0          0   entry9a.o
        12          6          0          4          0         68   errno.o
        30          0          0          0          0          0   handlers.o
        36          8          0          0          0         68   init.o
         0          0          0          0          0          0   iusefp.o
        30          0          0          0          0         68   llshl.o
        36          0          0          0          0         68   llsshr.o
        32          0          0          0          0         68   llushr.o
        36          0          0          0          0         68   memcpya.o
      1154         54          0          0          0        352   printf8.o
         0          0          0          4          0          0   stdout.o
        98          0          0          0          0         92   uldiv.o
        48          0          0          0          0         68   cdcmple.o
        48          0          0          0          0         68   cdrcmple.o
        56          0          0          0          0         88   d2f.o
       334          0          0          0          0        148   dadd.o
       222          0          0          0          0        100   ddiv.o
       186          0          0          0          0        176   depilogue.o
        50          0          0          0          0         76   dfixui.o
        26          0          0          0          0         76   dfltui.o
       228          0          0          0          0         96   dmul.o
        46          0          0          0          0         80   dscalb.o
       162          0          0          0          0        100   dsqrt.o
        38          0          0          0          0         68   f2d.o
       176          0          0          0          0        140   fadd.o
       124          0          0          0          0         88   fdiv.o
       110          0          0          0          0        168   fepilogue.o
        50          0          0          0          0         68   ffixi.o
        18          0          0          0          0         68   fflti.o
        10          0          0          0          0         68   ffltui.o
       100          0          0          0          0         76   fmul.o
        24          0          0          0          0         68   fscalb.o

    ----------------------------------------------------------------------
      5510        242        240          8          0       3696   Library Totals
         8          0          0          0          0          0   (incl. Padding)

    ----------------------------------------------------------------------

      Code (inc. data)   RO Data    RW Data    ZI Data      Debug   Library Name

      1876        166        240          0          0        956   m_ws.l
      1570         76          0          8          0        852   mc_w.l
      2056          0          0          0          0       1888   mf_w.l

    ----------------------------------------------------------------------
      5510        242        240          8          0       3696   Library Totals

    ----------------------------------------------------------------------

==============================================================================


      Code (inc. data)   RO Data    RW Data    ZI Data      Debug   

     28196       1466        532       1000       6440     684821   Grand Totals
     28196       1466        532        316       6440     684821   ELF Image Totals (compressed)
     28196       1466        532        316          0          0   ROM Totals

==============================================================================

    Total RO  Size (Code + RO Data)                28728 (  28.05kB)
    Total RW  Size (RW Data + ZI Data)              7440 (   7.27kB)
    Total ROM Size (Code + RO Data + RW Data)      29044 (  28.36kB)

==============================================================================

