Component: ARM Compiler 5.06 update 6 (build 750) Tool: armlink [4d35ed]

==============================================================================

Section Cross References

    startup_stm32f103xb.o(RESET) refers to startup_stm32f103xb.o(STACK) for __initial_sp
    startup_stm32f103xb.o(RESET) refers to startup_stm32f103xb.o(.text) for Reset_Handler
    startup_stm32f103xb.o(RESET) refers to stm32f1xx_it.o(i.NMI_Handler) for NMI_Handler
    startup_stm32f103xb.o(RESET) refers to stm32f1xx_it.o(i.HardFault_Handler) for HardFault_Handler
    startup_stm32f103xb.o(RESET) refers to stm32f1xx_it.o(i.MemManage_Handler) for MemManage_Handler
    startup_stm32f103xb.o(RESET) refers to stm32f1xx_it.o(i.BusFault_Handler) for BusFault_Handler
    startup_stm32f103xb.o(RESET) refers to stm32f1xx_it.o(i.UsageFault_Handler) for UsageFault_Handler
    startup_stm32f103xb.o(RESET) refers to stm32f1xx_it.o(i.SVC_Handler) for SVC_Handler
    startup_stm32f103xb.o(RESET) refers to stm32f1xx_it.o(i.DebugMon_Handler) for DebugMon_Handler
    startup_stm32f103xb.o(RESET) refers to stm32f1xx_it.o(i.PendSV_Handler) for PendSV_Handler
    startup_stm32f103xb.o(RESET) refers to stm32f1xx_it.o(i.SysTick_Handler) for SysTick_Handler
    startup_stm32f103xb.o(RESET) refers to stm32f1xx_it.o(i.EXTI3_IRQHandler) for EXTI3_IRQHandler
    startup_stm32f103xb.o(RESET) refers to stm32f1xx_it.o(i.DMA1_Channel6_IRQHandler) for DMA1_Channel6_IRQHandler
    startup_stm32f103xb.o(RESET) refers to stm32f1xx_it.o(i.DMA1_Channel7_IRQHandler) for DMA1_Channel7_IRQHandler
    startup_stm32f103xb.o(RESET) refers to stm32f1xx_it.o(i.EXTI9_5_IRQHandler) for EXTI9_5_IRQHandler
    startup_stm32f103xb.o(RESET) refers to stm32f1xx_it.o(i.TIM1_CC_IRQHandler) for TIM1_CC_IRQHandler
    startup_stm32f103xb.o(.text) refers to system_stm32f1xx.o(i.SystemInit) for SystemInit
    startup_stm32f103xb.o(.text) refers to entry.o(.ARM.Collect$$$$00000000) for __main
    madgwickahrs.o(i.MadgwickAHRSupdate) refers to fmul.o(.text) for __aeabi_fmul
    madgwickahrs.o(i.MadgwickAHRSupdate) refers to fadd.o(.text) for __aeabi_fsub
    madgwickahrs.o(i.MadgwickAHRSupdate) refers to fscalb.o(.text) for __ARM_scalbnf
    madgwickahrs.o(i.MadgwickAHRSupdate) refers to madgwickahrs.o(i.MadgwickAHRSupdateIMU) for MadgwickAHRSupdateIMU
    madgwickahrs.o(i.MadgwickAHRSupdate) refers to madgwickahrs.o(i.invSqrt) for invSqrt
    madgwickahrs.o(i.MadgwickAHRSupdate) refers to f2d.o(.text) for __aeabi_f2d
    madgwickahrs.o(i.MadgwickAHRSupdate) refers to sqrt.o(i.sqrt) for sqrt
    madgwickahrs.o(i.MadgwickAHRSupdate) refers to d2f.o(.text) for __aeabi_d2f
    madgwickahrs.o(i.MadgwickAHRSupdate) refers to madgwickahrs.o(.data) for .data
    madgwickahrs.o(i.MadgwickAHRSupdateIMU) refers to fmul.o(.text) for __aeabi_fmul
    madgwickahrs.o(i.MadgwickAHRSupdateIMU) refers to fadd.o(.text) for __aeabi_fsub
    madgwickahrs.o(i.MadgwickAHRSupdateIMU) refers to fscalb.o(.text) for __ARM_scalbnf
    madgwickahrs.o(i.MadgwickAHRSupdateIMU) refers to madgwickahrs.o(i.invSqrt) for invSqrt
    madgwickahrs.o(i.MadgwickAHRSupdateIMU) refers to ffltui.o(.text) for __aeabi_ui2f
    madgwickahrs.o(i.MadgwickAHRSupdateIMU) refers to fdiv.o(.text) for __aeabi_fdiv
    madgwickahrs.o(i.MadgwickAHRSupdateIMU) refers to madgwickahrs.o(.data) for .data
    madgwickahrs.o(i.MadgwickAHRSupdateIMU) refers to main.o(.data) for reading_elapsed_time
    madgwickahrs.o(i.invSqrt) refers to fscalb.o(.text) for __ARM_scalbnf
    madgwickahrs.o(i.invSqrt) refers to fmul.o(.text) for __aeabi_fmul
    madgwickahrs.o(i.invSqrt) refers to fadd.o(.text) for __aeabi_frsub
    my_nrf24.o(i.NRF24_ACTIVATE_cmd) refers to my_nrf24.o(i.NRF24_csn) for NRF24_csn
    my_nrf24.o(i.NRF24_ACTIVATE_cmd) refers to stm32f1xx_hal_spi.o(i.HAL_SPI_Transmit) for HAL_SPI_Transmit
    my_nrf24.o(i.NRF24_ACTIVATE_cmd) refers to my_nrf24.o(.bss) for .bss
    my_nrf24.o(i.NRF24_DelayMicroSeconds) refers to system_stm32f1xx.o(.data) for SystemCoreClock
    my_nrf24.o(i.NRF24_GetAckPayloadSize) refers to my_nrf24.o(.data) for .data
    my_nrf24.o(i.NRF24_available) refers to my_nrf24.o(i.NRF24_availablePipe) for NRF24_availablePipe
    my_nrf24.o(i.NRF24_availablePipe) refers to my_nrf24.o(i.NRF24_get_status) for NRF24_get_status
    my_nrf24.o(i.NRF24_availablePipe) refers to my_nrf24.o(i.NRF24_write_register) for NRF24_write_register
    my_nrf24.o(i.NRF24_begin) refers to memcpya.o(.text) for __aeabi_memcpy4
    my_nrf24.o(i.NRF24_begin) refers to my_nrf24.o(i.NRF24_csn) for NRF24_csn
    my_nrf24.o(i.NRF24_begin) refers to my_nrf24.o(i.NRF24_ce) for NRF24_ce
    my_nrf24.o(i.NRF24_begin) refers to stm32f1xx_hal.o(i.HAL_Delay) for HAL_Delay
    my_nrf24.o(i.NRF24_begin) refers to my_nrf24.o(i.NRF24_write_register) for NRF24_write_register
    my_nrf24.o(i.NRF24_begin) refers to my_nrf24.o(i.NRF24_write_registerN) for NRF24_write_registerN
[...]
    i.HAL_TIM_IC_MspInit                     0x08002668   Section        0  stm32f1xx_hal_tim.o(i.HAL_TIM_IC_MspInit)
    i.HAL_TIM_IC_Start_IT                    0x0800266a   Section        0  stm32f1xx_hal_tim.o(i.HAL_TIM_IC_Start_IT)
    i.HAL_TIM_IRQHandler                     0x080026c0   Section        0  stm32f1xx_hal_tim.o(i.HAL_TIM_IRQHandler)
    i.HAL_TIM_MspPostInit                    0x08002828   Section        0  stm32f1xx_hal_msp.o(i.HAL_TIM_MspPostInit)
    i.HAL_TIM_OC_DelayElapsedCallback        0x08002898   Section        0  stm32f1xx_hal_tim.o(i.HAL_TIM_OC_DelayElapsedCallback)
    i.HAL_TIM_OnePulse_Init                  0x0800289a   Section        0  stm32f1xx_hal_tim.o(i.HAL_TIM_OnePulse_Init)
    i.HAL_TIM_OnePulse_MspInit               0x080028e4   Section        0  stm32f1xx_hal_msp.o(i.HAL_TIM_OnePulse_MspInit)
    i.HAL_TIM_PWM_ConfigChannel              0x08002908   Section        0  stm32f1xx_hal_tim.o(i.HAL_TIM_PWM_ConfigChannel)
    i.HAL_TIM_PWM_Init                       0x080029d8   Section        0  stm32f1xx_hal_tim.o(i.HAL_TIM_PWM_Init)
    i.HAL_TIM_PWM_MspInit                    0x08002a0e   Section        0  stm32f1xx_hal_tim.o(i.HAL_TIM_PWM_MspInit)
    i.HAL_TIM_PWM_PulseFinishedCallback      0x08002a10   Section        0  stm32f1xx_hal_tim.o(i.HAL_TIM_PWM_PulseFinishedCallback)
    i.HAL_TIM_PWM_Start                      0x08002a14   Section        0  stm32f1xx_hal_tim.o(i.HAL_TIM_PWM_Start)
    i.HAL_TIM_PeriodElapsedCallback          0x08002a4c   Section        0  main.o(i.HAL_TIM_PeriodElapsedCallback)
    i.HAL_TIM_TriggerCallback                0x08002a58   Section        0  stm32f1xx_hal_tim.o(i.HAL_TIM_TriggerCallback)
    i.HAL_UART_Init                          0x08002a5a   Section        0  stm32f1xx_hal_uart.o(i.HAL_UART_Init)
    i.HAL_UART_MspInit                       0x08002abc   Section        0  stm32f1xx_hal_msp.o(i.HAL_UART_MspInit)
    i.HAL_UART_Transmit                      0x08002bb0   Section        0  stm32f1xx_hal_uart.o(i.HAL_UART_Transmit)
    i.HardFault_Handler                      0x08002c6a   Section        0  stm32f1xx_it.o(i.HardFault_Handler)
    i.I2C_DMAError                           0x08002c6c   Section        0  stm32f1xx_hal_i2c.o(i.I2C_DMAError)
    I2C_DMAError                             0x08002c6d   Thumb Code    50  stm32f1xx_hal_i2c.o(i.I2C_DMAError)
    i.I2C_DMAXferCplt                        0x08002c9e   Section        0  stm32f1xx_hal_i2c.o(i.I2C_DMAXferCplt)
    I2C_DMAXferCplt                          0x08002c9f   Thumb Code   262  stm32f1xx_hal_i2c.o(i.I2C_DMAXferCplt)
    i.I2C_IsAcknowledgeFailed                0x08002da4   Section        0  stm32f1xx_hal_i2c.o(i.I2C_IsAcknowledgeFailed)
    I2C_IsAcknowledgeFailed                  0x08002da5   Thumb Code    46  stm32f1xx_hal_i2c.o(i.I2C_IsAcknowledgeFailed)
    i.I2C_MasterRequestRead                  0x08002dd2   Section        0  stm32f1xx_hal_i2c.o(i.I2C_MasterRequestRead)
    I2C_MasterRequestRead                    0x08002dd3   Thumb Code   212  stm32f1xx_hal_i2c.o(i.I2C_MasterRequestRead)
    i.I2C_MasterRequestWrite                 0x08002ea8   Section        0  stm32f1xx_hal_i2c.o(i.I2C_MasterRequestWrite)
    I2C_MasterRequestWrite                   0x08002ea9   Thumb Code   132  stm32f1xx_hal_i2c.o(i.I2C_MasterRequestWrite)
    i.I2C_RequestMemoryRead                  0x08002f30   Section        0  stm32f1xx_hal_i2c.o(i.I2C_RequestMemoryRead)
    I2C_RequestMemoryRead                    0x08002f31   Thumb Code   230  stm32f1xx_hal_i2c.o(i.I2C_RequestMemoryRead)
    i.I2C_RequestMemoryWrite                 0x08003018   Section        0  stm32f1xx_hal_i2c.o(i.I2C_RequestMemoryWrite)
    I2C_RequestMemoryWrite                   0x08003019   Thumb Code   144  stm32f1xx_hal_i2c.o(i.I2C_RequestMemoryWrite)
    i.I2C_WaitOnBTFFlagUntilTimeout          0x080030ac   Section        0  stm32f1xx_hal_i2c.o(i.I2C_WaitOnBTFFlagUntilTimeout)
    I2C_WaitOnBTFFlagUntilTimeout            0x080030ad   Thumb Code    76  stm32f1xx_hal_i2c.o(i.I2C_WaitOnBTFFlagUntilTimeout)
    i.I2C_WaitOnFlagUntilTimeout             0x080030f8   Section        0  stm32f1xx_hal_i2c.o(i.I2C_WaitOnFlagUntilTimeout)
    I2C_WaitOnFlagUntilTimeout               0x080030f9   Thumb Code   104  stm32f1xx_hal_i2c.o(i.I2C_WaitOnFlagUntilTimeout)
    i.I2C_WaitOnMasterAddressFlagUntilTimeout 0x08003160   Section        0  stm32f1xx_hal_i2c.o(i.I2C_WaitOnMasterAddressFlagUntilTimeout)
    I2C_WaitOnMasterAddressFlagUntilTimeout  0x08003161   Thumb Code   150  stm32f1xx_hal_i2c.o(i.I2C_WaitOnMasterAddressFlagUntilTimeout)
    i.I2C_WaitOnRXNEFlagUntilTimeout         0x080031f6   Section        0  stm32f1xx_hal_i2c.o(i.I2C_WaitOnRXNEFlagUntilTimeout)
    I2C_WaitOnRXNEFlagUntilTimeout           0x080031f7   Thumb Code   102  stm32f1xx_hal_i2c.o(i.I2C_WaitOnRXNEFlagUntilTimeout)
    i.I2C_WaitOnTXEFlagUntilTimeout          0x0800325c   Section        0  stm32f1xx_hal_i2c.o(i.I2C_WaitOnTXEFlagUntilTimeout)
    I2C_WaitOnTXEFlagUntilTimeout            0x0800325d   Thumb Code    76  stm32f1xx_hal_i2c.o(i.I2C_WaitOnTXEFlagUntilTimeout)
    i.MPU_Slave_Setup                        0x080032a8   Section        0  main.o(i.MPU_Slave_Setup)
    i.MX_GPIO_Init                           0x080033dc   Section        0  main.o(i.MX_GPIO_Init)
    MX_GPIO_Init                             0x080033dd   Thumb Code   208  main.o(i.MX_GPIO_Init)
    i.MX_SPI2_Init                           0x080034bc   Section        0  main.o(i.MX_SPI2_Init)
    MX_SPI2_Init                             0x080034bd   Thumb Code    56  main.o(i.MX_SPI2_Init)
    i.MX_TIM1_Init                           0x080034fc   Section        0  main.o(i.MX_TIM1_Init)
    MX_TIM1_Init                             0x080034fd   Thumb Code   134  main.o(i.MX_TIM1_Init)
    i.MX_TIM3_Init                           0x0800358c   Section        0  main.o(i.MX_TIM3_Init)
    MX_TIM3_Init                             0x0800358d   Thumb Code   176  main.o(i.MX_TIM3_Init)
    i.MadgwickAHRSupdateIMU                  0x08003644   Section        0  madgwickahrs.o(i.MadgwickAHRSupdateIMU)
    i.MemManage_Handler                      0x08003ad6   Section        0  stm32f1xx_it.o(i.MemManage_Handler)
    i.NMI_Handler                            0x08003ad8   Section        0  stm32f1xx_it.o(i.NMI_Handler)
    i.PendSV_Handler                         0x08003ada   Section        0  stm32f1xx_it.o(i.PendSV_Handler)
    i.Pid_calculate_tpa                      0x08003adc   Section        0  main.o(i.Pid_calculate_tpa)
    i.QuatToEuler                            0x08003be0   Section        0  main.o(i.QuatToEuler)
    i.SVC_Handler                            0x08003d38   Section        0  stm32f1xx_it.o(i.SVC_Handler)
    i.SysTick_Handler                        0x08003d3c   Section        0  stm32f1xx_it.o(i.SysTick_Handler)
    i.SystemClock_Config                     0x08003d4c   Section        0  main.o(i.SystemClock_Config)
    i.SystemInit                             0x08003da8   Section        0  system_stm32f1xx.o(i.SystemInit)
    i.TIM1_CC_IRQHandler                     0x08003df0   Section        0  stm32f1xx_it.o(i.TIM1_CC_IRQHandler)
    i.TIM_Base_SetConfig                     0x08003e50   Section        0  stm32f1xx_hal_tim.o(i.TIM_Base_SetConfig)
    i.TIM_CCxChannelCmd                      0x08003ebc   Section        0  stm32f1xx_hal_tim.o(i.TIM_CCxChannelCmd)
    i.TIM_ETR_SetConfig                      0x08003ed6   Section        0  stm32f1xx_hal_tim.o(i.TIM_ETR_SetConfig)
    i.TIM_ITRx_SetConfig                     0x08003eea   Section        0  stm32f1xx_hal_tim.o(i.TIM_ITRx_SetConfig)
    TIM_ITRx_SetConfig                       0x08003eeb   Thumb Code    16  stm32f1xx_hal_tim.o(i.TIM_ITRx_SetConfig)
    i.TIM_OC1_SetConfig                      0x08003efc   Section        0  stm32f1xx_hal_tim.o(i.TIM_OC1_SetConfig)
    TIM_OC1_SetConfig                        0x08003efd   Thumb Code    74  stm32f1xx_hal_tim.o(i.TIM_OC1_SetConfig)
    i.TIM_OC2_SetConfig                      0x08003f4c   Section        0  stm32f1xx_hal_tim.o(i.TIM_OC2_SetConfig)
    i.TIM_OC3_SetConfig                      0x08003fa4   Section        0  stm32f1xx_hal_tim.o(i.TIM_OC3_SetConfig)
    TIM_OC3_SetConfig                        0x08003fa5   Thumb Code    82  stm32f1xx_hal_tim.o(i.TIM_OC3_SetConfig)
    i.TIM_OC4_SetConfig                      0x08003ffc   Section        0  stm32f1xx_hal_tim.o(i.TIM_OC4_SetConfig)
    TIM_OC4_SetConfig                        0x08003ffd   Thumb Code    64  stm32f1xx_hal_tim.o(i.TIM_OC4_SetConfig)
    i.TIM_TI1_ConfigInputStage               0x08004040   Section        0  stm32f1xx_hal_tim.o(i.TIM_TI1_ConfigInputStage)
    TIM_TI1_ConfigInputStage                 0x08004041   Thumb Code    34  stm32f1xx_hal_tim.o(i.TIM_TI1_ConfigInputStage)
    i.TIM_TI1_SetConfig                      0x08004064   Section        0  stm32f1xx_hal_tim.o(i.TIM_TI1_SetConfig)
    i.TIM_TI2_ConfigInputStage               0x080040bc   Section        0  stm32f1xx_hal_tim.o(i.TIM_TI2_ConfigInputStage)
    TIM_TI2_ConfigInputStage                 0x080040bd   Thumb Code    36  stm32f1xx_hal_tim.o(i.TIM_TI2_ConfigInputStage)
    i.TIM_TI2_SetConfig                      0x080040e0   Section        0  stm32f1xx_hal_tim.o(i.TIM_TI2_SetConfig)
    TIM_TI2_SetConfig                        0x080040e1   Thumb Code    54  stm32f1xx_hal_tim.o(i.TIM_TI2_SetConfig)
    i.UART_SetConfig                         0x08004118   Section        0  stm32f1xx_hal_uart.o(i.UART_SetConfig)
    UART_SetConfig                           0x08004119   Thumb Code   178  stm32f1xx_hal_uart.o(i.UART_SetConfig)
    i.UART_WaitOnFlagUntilTimeout            0x080041d0   Section        0  stm32f1xx_hal_uart.o(i.UART_WaitOnFlagUntilTimeout)
    UART_WaitOnFlagUntilTimeout              0x080041d1   Thumb Code   100  stm32f1xx_hal_uart.o(i.UART_WaitOnFlagUntilTimeout)
    i.UsageFault_Handler                     0x08004234   Section        0  stm32f1xx_it.o(i.UsageFault_Handler)
    i.__0printf                              0x08004238   Section        0  printfa.o(i.__0printf)
    i.__ARM_fpclassify                       0x08004258   Section        0  fpclassify.o(i.__ARM_fpclassify)
    i.__ARM_fpclassifyf                      0x08004280   Section        0  fpclassifyf.o(i.__ARM_fpclassifyf)
    i.__NVIC_SetPriority                     0x080042a6   Section        0  stm32f1xx_hal_cortex.o(i.__NVIC_SetPriority)
    __NVIC_SetPriority                       0x080042a7   Thumb Code    32  stm32f1xx_hal_cortex.o(i.__NVIC_SetPriority)
    i.__kernel_poly                          0x080042c6   Section        0  poly.o(i.__kernel_poly)
    i.__mathlib_dbl_infnan                   0x08004370   Section        0  dunder.o(i.__mathlib_dbl_infnan)
    i.__mathlib_dbl_infnan2                  0x08004376   Section        0  dunder.o(i.__mathlib_dbl_infnan2)
    i.__mathlib_dbl_invalid                  0x0800437a   Section        0  dunder.o(i.__mathlib_dbl_invalid)
    i.__mathlib_dbl_underflow                0x08004388   Section        0  dunder.o(i.__mathlib_dbl_underflow)
    i.__mathlib_flt_divzero                  0x08004398   Section        0  funder.o(i.__mathlib_flt_divzero)
    i.__mathlib_flt_infnan2                  0x080043a2   Section        0  funder.o(i.__mathlib_flt_infnan2)
    i.__mathlib_flt_invalid                  0x080043a6   Section        0  funder.o(i.__mathlib_flt_invalid)
    i.__mathlib_flt_overflow                 0x080043ae   Section        0  funder.o(i.__mathlib_flt_overflow)
    i.__mathlib_flt_underflow                0x080043b8   Section        0  funder.o(i.__mathlib_flt_underflow)
    i.__scatterload_copy                     0x080043c2   Section       14  handlers.o(i.__scatterload_copy)
    i.__scatterload_null                     0x080043d0   Section        2  handlers.o(i.__scatterload_null)
    i.__scatterload_zeroinit                 0x080043d2   Section       14  handlers.o(i.__scatterload_zeroinit)
    i.__set_errno                            0x080043e0   Section        0  errno.o(i.__set_errno)
    i._fp_digits                             0x080043ec   Section        0  printfa.o(i._fp_digits)
    _fp_digits                               0x080043ed   Thumb Code   366  printfa.o(i._fp_digits)
    i._printf_core                           0x08004570   Section        0  printfa.o(i._printf_core)
    _printf_core                             0x08004571   Thumb Code  1744  printfa.o(i._printf_core)
    i._printf_post_padding                   0x08004c4c   Section        0  printfa.o(i._printf_post_padding)
    _printf_post_padding                     0x08004c4d   Thumb Code    36  printfa.o(i._printf_post_padding)
    i._printf_pre_padding                    0x08004c70   Section        0  printfa.o(i._printf_pre_padding)
    _printf_pre_padding                      0x08004c71   Thumb Code    46  printfa.o(i._printf_pre_padding)
    i.asin                                   0x08004ca0   Section        0  asin.o(i.asin)
    i.atan                                   0x08004f10   Section        0  atan.o(i.atan)
    i.atan2                                  0x08005130   Section        0  atan2.o(i.atan2)
    i.bmp_read_calib                         0x080052b0   Section        0  main.o(i.bmp_read_calib)
    i.bmp_setup                              0x08005338   Section        0  main.o(i.bmp_setup)
    i.compensate_press                       0x080053f4   Section        0  main.o(i.compensate_press)
    i.compensate_temp                        0x08005554   Section        0  main.o(i.compensate_temp)
    i.fputc                                  0x0800558c   Section        0  main.o(i.fputc)
    i.hmc_setup                              0x080055a4   Section        0  main.o(i.hmc_setup)
    i.i2c_device_register_set_verifiy        0x08005670   Section        0  main.o(i.i2c_device_register_set_verifiy)
    i.invSqrt                                0x08005738   Section        0  madgwickahrs.o(i.invSqrt)
    i.main                                   0x0800576c   Section        0  main.o(i.main)
    i.map_reciever_inputs                    0x08005b50   Section        0  main.o(i.map_reciever_inputs)
    i.map_v1                                 0x08005c00   Section        0  main.o(i.map_v1)
    i.map_with_midpoint                      0x08005c3e   Section        0  main.o(i.map_with_midpoint)
    i.microseconds                           0x08005c90   Section        0  main.o(i.microseconds)
    i.motor_signal_set                       0x08005cb8   Section        0  main.o(i.motor_signal_set)
    i.mpu_master_setup                       0x08005f64   Section        0  main.o(i.mpu_master_setup)
    i.mpu_read                               0x08006020   Section        0  main.o(i.mpu_read)
    i.mpu_read_dma                           0x080063ac   Section        0  main.o(i.mpu_read_dma)
    i.mpu_setup                              0x080063ec   Section        0  main.o(i.mpu_setup)
    i.powf                                   0x080064fc   Section        0  powf.o(i.powf)
    i.sqrt                                   0x08006b1c   Section        0  sqrt.o(i.sqrt)
    .constdata                               0x08006b68   Section       16  system_stm32f1xx.o(.constdata)
    .constdata                               0x08006b78   Section        8  system_stm32f1xx.o(.constdata)
    .constdata                               0x08006b80   Section       80  asin.o(.constdata)
    pS                                       0x08006b80   Data          48  asin.o(.constdata)
    qS                                       0x08006bb0   Data          32  asin.o(.constdata)
    .constdata                               0x08006bd0   Section      320  powf.o(.constdata)
    table                                    0x08006bd0   Data         128  powf.o(.constdata)
    powersof2to1over16top                    0x08006c50   Data          64  powf.o(.constdata)
    powersof2to1over16bot                    0x08006c90   Data          64  powf.o(.constdata)
    powersof2to1over16all                    0x08006cd0   Data          64  powf.o(.constdata)
    .constdata                               0x08006d10   Section      152  atan.o(.constdata)
    atanhi                                   0x08006d10   Data          32  atan.o(.constdata)
    atanlo                                   0x08006d30   Data          32  atan.o(.constdata)
    aTodd                                    0x08006d50   Data          40  atan.o(.constdata)
    aTeven                                   0x08006d78   Data          48  atan.o(.constdata)
    .constdata                               0x08006da8   Section        8  qnan.o(.constdata)
    .data                                    0x20000000   Section       20  madgwickahrs.o(.data)
    .data                                    0x20000018   Section      376  main.o(.data)
    .data                                    0x20000190   Section        4  main.o(.data)
    .data                                    0x20000194   Section        4  main.o(.data)
    .data                                    0x20000198   Section        4  main.o(.data)
    .data                                    0x2000019c   Section        4  stm32f1xx_it.o(.data)
    .data                                    0x200001a0   Section       12  stm32f1xx_hal.o(.data)
    .data                                    0x200001ac   Section        4  system_stm32f1xx.o(.data)
    .data                                    0x200001b0   Section        4  stdout.o(.data)
    .data                                    0x200001b4   Section        4  errno.o(.data)
    _errno                                   0x200001b4   Data           4  errno.o(.data)
    .bss                                     0x200001b8   Section      922  main.o(.bss)
    .bss                                     0x20000554   Section       68  main.o(.bss)
    .bss                                     0x20000598   Section       68  main.o(.bss)
    STACK                                    0x200005e0   Section     1024  startup_stm32f103xb.o(STACK)

    Global Symbols

    Symbol Name                              Value     Ov Type        Size  Object(Section)

    BuildAttributes$$THM_ISAv4$P$D$K$B$S$PE$A:L22UL41UL21$X:L11$S22US41US21$IEEE1$IW$USESV6$~STKCKD$USESV7$~SHL$OTIME$ROPI$IEEEX$EBA8$MICROLIB$REQ8$PRES8$EABIv2 0x00000000   Number         0  anon$$obj.o ABSOLUTE
    __ARM_use_no_argv                        0x00000000   Number         0  main.o ABSOLUTE
    _printf_a                                0x00000000   Number         0  stubs.o ABSOLUTE
    _printf_c                                0x00000000   Number         0  stubs.o ABSOLUTE
    _printf_charcount                        0x00000000   Number         0  stubs.o ABSOLUTE
    _printf_d                                0x00000000   Number         0  stubs.o ABSOLUTE
    _printf_e                                0x00000000   Number         0  stubs.o ABSOLUTE
    _printf_f                                0x00000000   Number         0  stubs.o ABSOLUTE
    _printf_flags                            0x00000000   Number         0  stubs.o ABSOLUTE
    _printf_fp_dec                           0x00000000   Number         0  stubs.o ABSOLUTE
    _printf_fp_hex                           0x00000000   Number         0  stubs.o ABSOLUTE
    _printf_g                                0x00000000   Number         0  stubs.o ABSOLUTE
    _printf_i                                0x00000000   Number         0  stubs.o ABSOLUTE
    _printf_int_dec                          0x00000000   Number         0  stubs.o ABSOLUTE
    _printf_l                                0x00000000   Number         0  stubs.o ABSOLUTE
    _printf_lc                               0x00000000   Number         0  stubs.o ABSOLUTE
    _printf_ll                               0x00000000   Number         0  stubs.o ABSOLUTE
    _printf_lld                              0x00000000   Number         0  stubs.o ABSOLUTE
    _printf_lli                              0x00000000   Number         0  stubs.o ABSOLUTE
    _printf_llo                              0x00000000   Number         0  stubs.o ABSOLUTE
    _printf_llu                              0x00000000   Number         0  stubs.o ABSOLUTE
    _printf_llx                              0x00000000   Number         0  stubs.o ABSOLUTE
    _printf_longlong_dec                     0x00000000   Number         0  stubs.o ABSOLUTE
    _printf_longlong_hex                     0x00000000   Number         0  stubs.o ABSOLUTE
    _printf_longlong_oct                     0x00000000   Number         0  stubs.o ABSOLUTE
    _printf_ls                               0x00000000   Number         0  stubs.o ABSOLUTE
    _printf_mbtowc                           0x00000000   Number         0  stubs.o ABSOLUTE
    _printf_n                                0x00000000   Number         0  stubs.o ABSOLUTE
    _printf_o                                0x00000000   Number         0  stubs.o ABSOLUTE
    _printf_p                                0x00000000   Number         0  stubs.o ABSOLUTE
    _printf_percent                          0x00000000   Number         0  stubs.o ABSOLUTE
    _printf_pre_padding                      0x00000000   Number         0  stubs.o ABSOLUTE
    _printf_return_value                     0x00000000   Number         0  stubs.o ABSOLUTE
    _printf_s                                0x00000000   Number         0  stubs.o ABSOLUTE
    _printf_sizespec                         0x00000000   Number         0  stubs.o ABSOLUTE
    _printf_str                              0x00000000   Number         0  stubs.o ABSOLUTE
    _printf_truncate_signed                  0x00000000   Number         0  stubs.o ABSOLUTE
    _printf_truncate_unsigned                0x00000000   Number         0  stubs.o ABSOLUTE
    _printf_u                                0x00000000   Number         0  stubs.o ABSOLUTE
    _printf_wc                               0x00000000   Number         0  stubs.o ABSOLUTE
    _printf_wctomb                           0x00000000   Number         0  stubs.o ABSOLUTE
    _printf_widthprec                        0x00000000   Number         0  stubs.o ABSOLUTE
    _printf_x                                0x00000000   Number         0  stubs.o ABSOLUTE
    __cpp_initialize__aeabi_                  - Undefined Weak Reference
    __cxa_finalize                            - Undefined Weak Reference
    _clock_init                               - Undefined Weak Reference
    _microlib_exit                            - Undefined Weak Reference
    __Vectors_Size                           0x000000ec   Number         0  startup_stm32f103xb.o ABSOLUTE
    __Vectors                                0x08000000   Data           4  startup_stm32f103xb.o(RESET)
    __Vectors_End                            0x080000ec   Data           0  startup_stm32f103xb.o(RESET)
    __main                                   0x080000ed   Thumb Code     0  entry.o(.ARM.Collect$$$$00000000)
    _main_stk                                0x080000ed   Thumb Code     0  entry2.o(.ARM.Collect$$$$00000001)
    _main_scatterload                        0x080000f1   Thumb Code     0  entry5.o(.ARM.Collect$$$$00000004)
    __main_after_scatterload                 0x080000f5   Thumb Code     0  entry5.o(.ARM.Collect$$$$00000004)
    _main_clock                              0x080000f5   Thumb Code     0  entry7b.o(.ARM.Collect$$$$00000008)
    _main_cpp_init                           0x080000f5   Thumb Code     0  entry8b.o(.ARM.Collect$$$$0000000A)
    _main_init                               0x080000f5   Thumb Code     0  entry9a.o(.ARM.Collect$$$$0000000B)
    __rt_final_cpp                           0x080000fd   Thumb Code     0  entry10a.o(.ARM.Collect$$$$0000000D)
    __rt_final_exit                          0x080000fd   Thumb Code     0  entry11a.o(.ARM.Collect$$$$0000000F)
    Reset_Handler                            0x08000101   Thumb Code     8  startup_stm32f103xb.o(.text)
    ADC1_2_IRQHandler                        0x0800011b   Thumb Code     0  startup_stm32f103xb.o(.text)
    CAN1_RX1_IRQHandler                      0x0800011b   Thumb Code     0  startup_stm32f103xb.o(.text)
    CAN1_SCE_IRQHandler                      0x0800011b   Thumb Code     0  startup_stm32f103xb.o(.text)
    DMA1_Channel1_IRQHandler                 0x0800011b   Thumb Code     0  startup_stm32f103xb.o(.text)
    DMA1_Channel2_IRQHandler                 0x0800011b   Thumb Code     0  startup_stm32f103xb.o(.text)
    DMA1_Channel3_IRQHandler                 0x0800011b   Thumb Code     0  startup_stm32f103xb.o(.text)
    DMA1_Channel4_IRQHandler                 0x0800011b   Thumb Code     0  startup_stm32f103xb.o(.text)
    DMA1_Channel5_IRQHandler                 0x0800011b   Thumb Code     0  startup_stm32f103xb.o(.text)
    EXTI0_IRQHandler                         0x0800011b   Thumb Code     0  startup_stm32f103xb.o(.text)
    EXTI15_10_IRQHandler                     0x0800011b   Thumb Code     0  startup_stm32f103xb.o(.text)
    EXTI1_IRQHandler                         0x0800011b   Thumb Code     0  startup_stm32f103xb.o(.text)
    EXTI2_IRQHandler                         0x0800011b   Thumb Code     0  startup_stm32f103xb.o(.text)
    EXTI4_IRQHandler                         0x0800011b   Thumb Code     0  startup_stm32f103xb.o(.text)
    FLASH_IRQHandler                         0x0800011b   Thumb Code     0  startup_stm32f103xb.o(.text)
    I2C1_ER_IRQHandler                       0x0800011b   Thumb Code     0  startup_stm32f103xb.o(.text)
    I2C1_EV_IRQHandler                       0x0800011b   Thumb Code     0  startup_stm32f103xb.o(.text)
    I2C2_ER_IRQHandler                       0x0800011b   Thumb Code     0  startup_stm32f103xb.o(.text)
    I2C2_EV_IRQHandler                       0x0800011b   Thumb Code     0  startup_stm32f103xb.o(.text)
    PVD_IRQHandler                           0x0800011b   Thumb Code     0  startup_stm32f103xb.o(.text)
    RCC_IRQHandler                           0x0800011b   Thumb Code     0  startup_stm32f103xb.o(.text)
    RTC_Alarm_IRQHandler                     0x0800011b   Thumb Code     0  startup_stm32f103xb.o(.text)
    RTC_IRQHandler                           0x0800011b   Thumb Code     0  startup_stm32f103xb.o(.text)
    SPI1_IRQHandler                          0x0800011b   Thumb Code     0  startup_stm32f103xb.o(.text)
    SPI2_IRQHandler                          0x0800011b   Thumb Code     0  startup_stm32f103xb.o(.text)
    TAMPER_IRQHandler                        0x0800011b   Thumb Code     0  startup_stm32f103xb.o(.text)
    TIM1_BRK_IRQHandler                      0x0800011b   Thumb Code     0  startup_stm32f103xb.o(.text)
    TIM1_TRG_COM_IRQHandler                  0x0800011b   Thumb Code     0  startup_stm32f103xb.o(.text)
    TIM1_UP_IRQHandler                       0x0800011b   Thumb Code     0  startup_stm32f103xb.o(.text)
    TIM2_IRQHandler                          0x0800011b   Thumb Code     0  startup_stm32f103xb.o(.text)
    TIM3_IRQHandler                          0x0800011b   Thumb Code     0  startup_stm32f103xb.o(.text)
    TIM4_IRQHandler                          0x0800011b   Thumb Code     0  startup_stm32f103xb.o(.text)
    USART1_IRQHandler                        0x0800011b   Thumb Code     0  startup_stm32f103xb.o(.text)
    USART2_IRQHandler                        0x0800011b   Thumb Code     0  startup_stm32f103xb.o(.text)
    USART3_IRQHandler                        0x0800011b   Thumb Code     0  startup_stm32f103xb.o(.text)
    USBWakeUp_IRQHandler                     0x0800011b   Thumb Code     0  startup_stm32f103xb.o(.text)
    USB_HP_CAN1_TX_IRQHandler                0x0800011b   Thumb Code     0  startup_stm32f103xb.o(.text)
    USB_LP_CAN1_RX0_IRQHandler               0x0800011b   Thumb Code     0  startup_stm32f103xb.o(.text)
    WWDG_IRQHandler                          0x0800011b   Thumb Code     0  startup_stm32f103xb.o(.text)
    __aeabi_ldivmod                          0x08000125   Thumb Code    98  ldiv.o(.text)
    __aeabi_llsr                             0x08000187   Thumb Code    32  llushr.o(.text)
    _ll_ushift_r                             0x08000187   Thumb Code     0  llushr.o(.text)
    __aeabi_memset                           0x080001a7   Thumb Code    14  memseta.o(.text)
    __aeabi_memset4                          0x080001a7   Thumb Code     0  memseta.o(.text)
    __aeabi_memset8                          0x080001a7   Thumb Code     0  memseta.o(.text)
    __aeabi_memclr                           0x080001b5   Thumb Code     4  memseta.o(.text)
    __aeabi_memclr4                          0x080001b5   Thumb Code     0  memseta.o(.text)
    __aeabi_memclr8                          0x080001b5   Thumb Code     0  memseta.o(.text)
    _memset$wrapper                          0x080001b9   Thumb Code    18  memseta.o(.text)
    __aeabi_fadd                             0x080001cb   Thumb Code   164  fadd.o(.text)
    __aeabi_fsub                             0x0800026f   Thumb Code     6  fadd.o(.text)
    __aeabi_frsub                            0x08000275   Thumb Code     6  fadd.o(.text)
    __aeabi_fmul                             0x0800027b   Thumb Code   100  fmul.o(.text)
    __aeabi_fdiv                             0x080002df   Thumb Code   124  fdiv.o(.text)
    __ARM_scalbnf                            0x0800035b   Thumb Code    24  fscalb.o(.text)
    scalbnf                                  0x0800035b   Thumb Code     0  fscalb.o(.text)
    __aeabi_dadd                             0x08000373   Thumb Code   322  dadd.o(.text)
    __aeabi_dsub                             0x080004b5   Thumb Code     6  dadd.o(.text)
    __aeabi_drsub                            0x080004bb   Thumb Code     6  dadd.o(.text)
    __aeabi_dmul                             0x080004c1   Thumb Code   228  dmul.o(.text)
    __ARM_scalbn                             0x080005a5   Thumb Code    46  dscalb.o(.text)
    scalbn                                   0x080005a5   Thumb Code     0  dscalb.o(.text)
    __aeabi_i2f                              0x080005d3   Thumb Code    18  fflti.o(.text)
    __aeabi_ui2f                             0x080005e5   Thumb Code    10  ffltui.o(.text)
    __aeabi_ul2f                             0x080005ef   Thumb Code    28  ffltul.o(.text)
    __aeabi_f2iz                             0x0800060b   Thumb Code    50  ffixi.o(.text)
    __aeabi_f2uiz                            0x0800063d   Thumb Code    40  ffixui.o(.text)
    __aeabi_f2d                              0x08000665   Thumb Code    38  f2d.o(.text)
    __aeabi_d2f                              0x0800068b   Thumb Code    56  d2f.o(.text)
    __aeabi_cfcmpeq                          0x080006c5   Thumb Code     0  cfcmple.o(.text)
    __aeabi_cfcmple                          0x080006c5   Thumb Code    20  cfcmple.o(.text)
    __aeabi_cfrcmple                         0x080006d9   Thumb Code    20  cfrcmple.o(.text)
    __aeabi_uidiv                            0x080006ed   Thumb Code     0  uidiv.o(.text)
    __aeabi_uidivmod                         0x080006ed   Thumb Code    44  uidiv.o(.text)
    __aeabi_uldivmod                         0x08000719   Thumb Code    98  uldiv.o(.text)
    __aeabi_llsl                             0x0800077b   Thumb Code    30  llshl.o(.text)
    _ll_shift_l                              0x0800077b   Thumb Code     0  llshl.o(.text)
    __aeabi_lasr                             0x08000799   Thumb Code    36  llsshr.o(.text)
    _ll_sshift_r                             0x08000799   Thumb Code     0  llsshr.o(.text)
    __I$use$fp                               0x080007bd   Thumb Code     0  iusefp.o(.text)
    _float_round                             0x080007bd   Thumb Code    18  fepilogue.o(.text)
    _float_epilogue                          0x080007cf   Thumb Code    92  fepilogue.o(.text)
    _double_round                            0x0800082b   Thumb Code    30  depilogue.o(.text)
    _double_epilogue                         0x08000849   Thumb Code   156  depilogue.o(.text)
    __aeabi_ddiv                             0x080008e5   Thumb Code   222  ddiv.o(.text)
    _dsqrt                                   0x080009c3   Thumb Code   162  dsqrt.o(.text)
    __aeabi_d2ulz                            0x08000a65   Thumb Code    48  dfixul.o(.text)
    _ffix_r                                  0x08000a95   Thumb Code    76  ffixir.o(.text)
    __aeabi_cdrcmple                         0x08000ae1   Thumb Code    48  cdrcmple.o(.text)
    __fp_status                              0x08000b11   Thumb Code     4  fpstat.o(.text)
    __ieee_status                            0x08000b11   Thumb Code     0  fpstat.o(.text)
    __scatterload                            0x08000b15   Thumb Code    28  init.o(.text)
    __scatterload_rt2                        0x08000b15   Thumb Code     0  init.o(.text)
    __decompress                             0x08000b39   Thumb Code     0  __dczerorl2.o(.text)
    __decompress1                            0x08000b39   Thumb Code    86  __dczerorl2.o(.text)
    BusFault_Handler                         0x08000b8f   Thumb Code     2  stm32f1xx_it.o(i.BusFault_Handler)
    DMA1_Channel6_IRQHandler                 0x08000b91   Thumb Code     6  stm32f1xx_it.o(i.DMA1_Channel6_IRQHandler)
    DMA1_Channel7_IRQHandler                 0x08000b9d   Thumb Code     6  stm32f1xx_it.o(i.DMA1_Channel7_IRQHandler)
    DebugMon_Handler                         0x08000bd3   Thumb Code     2  stm32f1xx_it.o(i.DebugMon_Handler)
    EXTI3_IRQHandler                         0x08000bd5   Thumb Code    12  stm32f1xx_it.o(i.EXTI3_IRQHandler)
    EXTI9_5_IRQHandler                       0x08000be5   Thumb Code    42  stm32f1xx_it.o(i.EXTI9_5_IRQHandler)
    Error_Handler                            0x08000c21   Thumb Code     2  main.o(i.Error_Handler)
    HAL_DMA_IRQHandler                       0x08000c25   Thumb Code   316  stm32f1xx_hal_dma.o(i.HAL_DMA_IRQHandler)
    HAL_DMA_Init                             0x08000d79   Thumb Code    84  stm32f1xx_hal_dma.o(i.HAL_DMA_Init)
    HAL_DMA_Start_IT                         0x08000dd5   Thumb Code   112  stm32f1xx_hal_dma.o(i.HAL_DMA_Start_IT)
    HAL_GPIO_EXTI_Callback                   0x08000e45   Thumb Code     2  stm32f1xx_hal_gpio.o(i.HAL_GPIO_EXTI_Callback)
    HAL_GPIO_EXTI_IRQHandler                 0x08000e49   Thumb Code    18  stm32f1xx_hal_gpio.o(i.HAL_GPIO_EXTI_IRQHandler)
    HAL_GPIO_Init                            0x08000e61   Thumb Code   446  stm32f1xx_hal_gpio.o(i.HAL_GPIO_Init)
    HAL_GPIO_WritePin                        0x08001041   Thumb Code    10  stm32f1xx_hal_gpio.o(i.HAL_GPIO_WritePin)
    HAL_GetTick                              0x0800104d   Thumb Code     6  stm32f1xx_hal.o(i.HAL_GetTick)
    HAL_I2C_ErrorCallback                    0x08001059   Thumb Code     2  stm32f1xx_hal_i2c.o(i.HAL_I2C_ErrorCallback)
    HAL_I2C_Init                             0x0800105d   Thumb Code   356  stm32f1xx_hal_i2c.o(i.HAL_I2C_Init)
    HAL_I2C_IsDeviceReady                    0x080011d1   Thumb Code   336  stm32f1xx_hal_i2c.o(i.HAL_I2C_IsDeviceReady)
    HAL_I2C_MasterRxCpltCallback             0x08001329   Thumb Code     2  stm32f1xx_hal_i2c.o(i.HAL_I2C_MasterRxCpltCallback)
    HAL_I2C_Master_Receive                   0x0800132d   Thumb Code   512  stm32f1xx_hal_i2c.o(i.HAL_I2C_Master_Receive)
    HAL_I2C_Master_Transmit                  0x08001539   Thumb Code   290  stm32f1xx_hal_i2c.o(i.HAL_I2C_Master_Transmit)
    HAL_I2C_MemRxCpltCallback                0x08001665   Thumb Code     8  main.o(i.HAL_I2C_MemRxCpltCallback)
    HAL_I2C_Mem_Read                         0x08001671   Thumb Code   530  stm32f1xx_hal_i2c.o(i.HAL_I2C_Mem_Read)
    HAL_I2C_Mem_Read_DMA                     0x08001891   Thumb Code   376  stm32f1xx_hal_i2c.o(i.HAL_I2C_Mem_Read_DMA)
    HAL_I2C_Mem_Write                        0x08001a19   Thumb Code   294  stm32f1xx_hal_i2c.o(i.HAL_I2C_Mem_Write)
    HAL_I2C_MspInit                          0x08001b49   Thumb Code   158  stm32f1xx_hal_msp.o(i.HAL_I2C_MspInit)
    HAL_I2C_SlaveRxCpltCallback              0x08001c01   Thumb Code     2  stm32f1xx_hal_i2c.o(i.HAL_I2C_SlaveRxCpltCallback)
    HAL_I2C_SlaveTxCpltCallback              0x08001c03   Thumb Code     2  stm32f1xx_hal_i2c.o(i.HAL_I2C_SlaveTxCpltCallback)
    HAL_IncTick                              0x08001c05   Thumb Code    12  stm32f1xx_hal.o(i.HAL_IncTick)
    HAL_Init                                 0x08001c15   Thumb Code    32  stm32f1xx_hal.o(i.HAL_Init)
    HAL_InitTick                             0x08001c39   Thumb Code    54  stm32f1xx_hal.o(i.HAL_InitTick)
    HAL_MspInit                              0x08001c79   Thumb Code    52  stm32f1xx_hal_msp.o(i.HAL_MspInit)
    HAL_NVIC_EnableIRQ                       0x08001cb5   Thumb Code    26  stm32f1xx_hal_cortex.o(i.HAL_NVIC_EnableIRQ)
    HAL_NVIC_SetPriority                     0x08001cd1   Thumb Code    60  stm32f1xx_hal_cortex.o(i.HAL_NVIC_SetPriority)
    HAL_NVIC_SetPriorityGrouping             0x08001d11   Thumb Code    26  stm32f1xx_hal_cortex.o(i.HAL_NVIC_SetPriorityGrouping)
    HAL_RCC_ClockConfig                      0x08001d35   Thumb Code   280  stm32f1xx_hal_rcc.o(i.HAL_RCC_ClockConfig)
    HAL_RCC_GetPCLK1Freq                     0x08001e61   Thumb Code    20  stm32f1xx_hal_rcc.o(i.HAL_RCC_GetPCLK1Freq)
    HAL_RCC_GetPCLK2Freq                     0x08001e81   Thumb Code    20  stm32f1xx_hal_rcc.o(i.HAL_RCC_GetPCLK2Freq)
    HAL_RCC_GetSysClockFreq                  0x08001ea1   Thumb Code    74  stm32f1xx_hal_rcc.o(i.HAL_RCC_GetSysClockFreq)
    HAL_RCC_OscConfig                        0x08001f0d   Thumb Code   778  stm32f1xx_hal_rcc.o(i.HAL_RCC_OscConfig)
    HAL_SPI_Init                             0x0800222d   Thumb Code   124  stm32f1xx_hal_spi.o(i.HAL_SPI_Init)
    HAL_SPI_MspInit                          0x080022a9   Thumb Code   102  stm32f1xx_hal_msp.o(i.HAL_SPI_MspInit)
    HAL_SYSTICK_Config                       0x0800231d   Thumb Code    40  stm32f1xx_hal_cortex.o(i.HAL_SYSTICK_Config)
    HAL_TIMEx_BreakCallback                  0x08002345   Thumb Code     2  stm32f1xx_hal_tim_ex.o(i.HAL_TIMEx_BreakCallback)
    HAL_TIMEx_CommutCallback                 0x08002347   Thumb Code     2  stm32f1xx_hal_tim_ex.o(i.HAL_TIMEx_CommutCallback)
    HAL_TIMEx_MasterConfigSynchronization    0x08002349   Thumb Code    66  stm32f1xx_hal_tim_ex.o(i.HAL_TIMEx_MasterConfigSynchronization)
    HAL_TIM_Base_Init                        0x0800238b   Thumb Code    54  stm32f1xx_hal_tim.o(i.HAL_TIM_Base_Init)
    HAL_TIM_Base_MspInit                     0x080023c1   Thumb Code   112  stm32f1xx_hal_msp.o(i.HAL_TIM_Base_MspInit)
    HAL_TIM_ConfigClockSource                0x08002441   Thumb Code   214  stm32f1xx_hal_tim.o(i.HAL_TIM_ConfigClockSource)
    HAL_TIM_IC_CaptureCallback               0x08002517   Thumb Code     2  stm32f1xx_hal_tim.o(i.HAL_TIM_IC_CaptureCallback)
    HAL_TIM_IC_ConfigChannel                 0x08002519   Thumb Code   282  stm32f1xx_hal_tim.o(i.HAL_TIM_IC_ConfigChannel)
    HAL_TIM_IC_Init                          0x08002633   Thumb Code    54  stm32f1xx_hal_tim.o(i.HAL_TIM_IC_Init)
    HAL_TIM_IC_MspInit                       0x08002669   Thumb Code     2  stm32f1xx_hal_tim.o(i.HAL_TIM_IC_MspInit)
    HAL_TIM_IC_Start_IT                      0x0800266b   Thumb Code    86  stm32f1xx_hal_tim.o(i.HAL_TIM_IC_Start_IT)
    HAL_TIM_IRQHandler                       0x080026c1   Thumb Code   358  stm32f1xx_hal_tim.o(i.HAL_TIM_IRQHandler)
    HAL_TIM_MspPostInit                      0x08002829   Thumb Code    94  stm32f1xx_hal_msp.o(i.HAL_TIM_MspPostInit)
    HAL_TIM_OC_DelayElapsedCallback          0x08002899   Thumb Code     2  stm32f1xx_hal_tim.o(i.HAL_TIM_OC_DelayElapsedCallback)
    HAL_TIM_OnePulse_Init                    0x0800289b   Thumb Code    74  stm32f1xx_hal_tim.o(i.HAL_TIM_OnePulse_Init)
    HAL_TIM_OnePulse_MspInit                 0x080028e5   Thumb Code    30  stm32f1xx_hal_msp.o(i.HAL_TIM_OnePulse_MspInit)
    HAL_TIM_PWM_ConfigChannel                0x08002909   Thumb Code   208  stm32f1xx_hal_tim.o(i.HAL_TIM_PWM_ConfigChannel)
    HAL_TIM_PWM_Init                         0x080029d9   Thumb Code    54  stm32f1xx_hal_tim.o(i.HAL_TIM_PWM_Init)
    HAL_TIM_PWM_MspInit                      0x08002a0f   Thumb Code     2  stm32f1xx_hal_tim.o(i.HAL_TIM_PWM_MspInit)
    HAL_TIM_PWM_PulseFinishedCallback        0x08002a11   Thumb Code     2  stm32f1xx_hal_tim.o(i.HAL_TIM_PWM_PulseFinishedCallback)
    HAL_TIM_PWM_Start                        0x08002a15   Thumb Code    52  stm32f1xx_hal_tim.o(i.HAL_TIM_PWM_Start)
    HAL_TIM_PeriodElapsedCallback            0x08002a4d   Thumb Code     8  main.o(i.HAL_TIM_PeriodElapsedCallback)
    HAL_TIM_TriggerCallback                  0x08002a59   Thumb Code     2  stm32f1xx_hal_tim.o(i.HAL_TIM_TriggerCallback)
    HAL_UART_Init                            0x08002a5b   Thumb Code    98  stm32f1xx_hal_uart.o(i.HAL_UART_Init)
    HAL_UART_MspInit                         0x08002abd   Thumb Code   220  stm32f1xx_hal_msp.o(i.HAL_UART_MspInit)
    HAL_UART_Transmit                        0x08002bb1   Thumb Code   186  stm32f1xx_hal_uart.o(i.HAL_UART_Transmit)
    HardFault_Handler                        0x08002c6b   Thumb Code     2  stm32f1xx_it.o(i.HardFault_Handler)
    MPU_Slave_Setup                          0x080032a9   Thumb Code   184  main.o(i.MPU_Slave_Setup)
    MadgwickAHRSupdateIMU                    0x08003645   Thumb Code  1170  madgwickahrs.o(i.MadgwickAHRSupdateIMU)
    MemManage_Handler                        0x08003ad7   Thumb Code     2  stm32f1xx_it.o(i.MemManage_Handler)
    NMI_Handler                              0x08003ad9   Thumb Code     2  stm32f1xx_it.o(i.NMI_Handler)
    PendSV_Handler                           0x08003adb   Thumb Code     2  stm32f1xx_it.o(i.PendSV_Handler)
    Pid_calculate_tpa                        0x08003add   Thumb Code   248  main.o(i.Pid_calculate_tpa)
    QuatToEuler                              0x08003be1   Thumb Code   318  main.o(i.QuatToEuler)
    SVC_Handler                              0x08003d39   Thumb Code     2  stm32f1xx_it.o(i.SVC_Handler)
    SysTick_Handler                          0x08003d3d   Thumb Code    12  stm32f1xx_it.o(i.SysTick_Handler)
    SystemClock_Config                       0x08003d4d   Thumb Code    90  main.o(i.SystemClock_Config)
    SystemInit                               0x08003da9   Thumb Code    56  system_stm32f1xx.o(i.SystemInit)
    TIM1_CC_IRQHandler                       0x08003df1   Thumb Code    70  stm32f1xx_it.o(i.TIM1_CC_IRQHandler)
    TIM_Base_SetConfig                       0x08003e51   Thumb Code    94  stm32f1xx_hal_tim.o(i.TIM_Base_SetConfig)
    TIM_CCxChannelCmd                        0x08003ebd   Thumb Code    26  stm32f1xx_hal_tim.o(i.TIM_CCxChannelCmd)
    TIM_ETR_SetConfig                        0x08003ed7   Thumb Code    20  stm32f1xx_hal_tim.o(i.TIM_ETR_SetConfig)
    TIM_OC2_SetConfig                        0x08003f4d   Thumb Code    84  stm32f1xx_hal_tim.o(i.TIM_OC2_SetConfig)
    TIM_TI1_SetConfig                        0x08004065   Thumb Code    76  stm32f1xx_hal_tim.o(i.TIM_TI1_SetConfig)
    UsageFault_Handler                       0x08004235   Thumb Code     2  stm32f1xx_it.o(i.UsageFault_Handler)
    __0printf                                0x08004239   Thumb Code    22  printfa.o(i.__0printf)
    __1printf                                0x08004239   Thumb Code     0  printfa.o(i.__0printf)
    __2printf                                0x08004239   Thumb Code     0  printfa.o(i.__0printf)
    __c89printf                              0x08004239   Thumb Code     0  printfa.o(i.__0printf)
    printf                                   0x08004239   Thumb Code     0  printfa.o(i.__0printf)
    __ARM_fpclassify                         0x08004259   Thumb Code    40  fpclassify.o(i.__ARM_fpclassify)
    __ARM_fpclassifyf                        0x08004281   Thumb Code    38  fpclassifyf.o(i.__ARM_fpclassifyf)
    __kernel_poly                            0x080042c7   Thumb Code   170  poly.o(i.__kernel_poly)
    __mathlib_dbl_infnan                     0x08004371   Thumb Code     6  dunder.o(i.__mathlib_dbl_infnan)
    __mathlib_dbl_infnan2                    0x08004377   Thumb Code     4  dunder.o(i.__mathlib_dbl_infnan2)
    __mathlib_dbl_invalid                    0x0800437b   Thumb Code    12  dunder.o(i.__mathlib_dbl_invalid)
    __mathlib_dbl_underflow                  0x08004389   Thumb Code    10  dunder.o(i.__mathlib_dbl_underflow)
    __mathlib_flt_divzero                    0x08004399   Thumb Code    10  funder.o(i.__mathlib_flt_divzero)
    __mathlib_flt_infnan2                    0x080043a3   Thumb Code     4  funder.o(i.__mathlib_flt_infnan2)
    __mathlib_flt_invalid                    0x080043a7   Thumb Code     8  funder.o(i.__mathlib_flt_invalid)
    __mathlib_flt_overflow                   0x080043af   Thumb Code    10  funder.o(i.__mathlib_flt_overflow)
    __mathlib_flt_underflow                  0x080043b9   Thumb Code    10  funder.o(i.__mathlib_flt_underflow)
    __scatterload_copy                       0x080043c3   Thumb Code    14  handlers.o(i.__scatterload_copy)
    __scatterload_null                       0x080043d1   Thumb Code     2  handlers.o(i.__scatterload_null)
    __scatterload_zeroinit                   0x080043d3   Thumb Code    14  handlers.o(i.__scatterload_zeroinit)
    __set_errno                              0x080043e1   Thumb Code     6  errno.o(i.__set_errno)
    asin                                     0x08004ca1   Thumb Code   572  asin.o(i.asin)
    atan                                     0x08004f11   Thumb Code   474  atan.o(i.atan)
    atan2                                    0x08005131   Thumb Code   346  atan2.o(i.atan2)
    bmp_read_calib                           0x080052b1   Thumb Code   108  main.o(i.bmp_read_calib)
    bmp_setup                                0x08005339   Thumb Code    78  main.o(i.bmp_setup)
    compensate_press                         0x080053f5   Thumb Code   342  main.o(i.compensate_press)
    compensate_temp                          0x08005555   Thumb Code    50  main.o(i.compensate_temp)
    fputc                                    0x0800558d   Thumb Code    20  main.o(i.fputc)
    hmc_setup                                0x080055a5   Thumb Code    94  main.o(i.hmc_setup)
    i2c_device_register_set_verifiy          0x08005671   Thumb Code   126  main.o(i.i2c_device_register_set_verifiy)
    invSqrt                                  0x08005739   Thumb Code    48  madgwickahrs.o(i.invSqrt)
    main                                     0x0800576d   Thumb Code   926  main.o(i.main)
    map_reciever_inputs                      0x08005b51   Thumb Code   134  main.o(i.map_reciever_inputs)
    map_v1                                   0x08005c01   Thumb Code    62  main.o(i.map_v1)
    map_with_midpoint                        0x08005c3f   Thumb Code    82  main.o(i.map_with_midpoint)
    microseconds                             0x08005c91   Thumb Code    34  main.o(i.microseconds)
    motor_signal_set                         0x08005cb9   Thumb Code   654  main.o(i.motor_signal_set)
    mpu_master_setup                         0x08005f65   Thumb Code   120  main.o(i.mpu_master_setup)
    mpu_read                                 0x08006021   Thumb Code   820  main.o(i.mpu_read)
    mpu_read_dma                             0x080063ad   Thumb Code    56  main.o(i.mpu_read_dma)
    mpu_setup                                0x080063ed   Thumb Code   164  main.o(i.mpu_setup)
    __mathlib_powf                           0x080064fd   Thumb Code     0  powf.o(i.powf)
    powf                                     0x080064fd   Thumb Code  1548  powf.o(i.powf)
    sqrt                                     0x08006b1d   Thumb Code    76  sqrt.o(i.sqrt)
    AHBPrescTable                            0x08006b68   Data          16  system_stm32f1xx.o(.constdata)
    APBPrescTable                            0x08006b78   Data           8  system_stm32f1xx.o(.constdata)
    __mathlib_zero                           0x08006da8   Data           8  qnan.o(.constdata)
    Region$$Table$$Base                      0x08006db0   Number         0  anon$$obj.o(Region$$Table)
    Region$$Table$$Limit                     0x08006dd0   Number         0  anon$$obj.o(Region$$Table)
    beta                                     0x20000000   Data           4  madgwickahrs.o(.data)
    q0                                       0x20000004   Data           4  madgwickahrs.o(.data)
    q1                                       0x20000008   Data           4  madgwickahrs.o(.data)
    q2                                       0x2000000c   Data           4  madgwickahrs.o(.data)
    q3                                       0x20000010   Data           4  madgwickahrs.o(.data)
    new_data                                 0x20000018   Data           1  main.o(.data)
    dma_new_receive                          0x20000019   Data           1  main.o(.data)
    nrf24_available                          0x2000001a   Data           1  main.o(.data)
    receiver_signal_loss                     0x2000001b   Data           1  main.o(.data)
    failsafe                                 0x2000001c   Data           1  main.o(.data)
    dig_T1                                   0x2000001e   Data           2  main.o(.data)
    dig_T2                                   0x20000020   Data           2  main.o(.data)
    dig_T3                                   0x20000022   Data           2  main.o(.data)
    dig_P1                                   0x20000024   Data           2  main.o(.data)
    dig_P2                                   0x20000026   Data           2  main.o(.data)
    dig_P3                                   0x20000028   Data           2  main.o(.data)
    dig_P4                                   0x2000002a   Data           2  main.o(.data)
    dig_P5                                   0x2000002c   Data           2  main.o(.data)
    dig_P6                                   0x2000002e   Data           2  main.o(.data)
    dig_P7                                   0x20000030   Data           2  main.o(.data)
    dig_P8                                   0x20000032   Data           2  main.o(.data)
    dig_P9                                   0x20000034   Data           2  main.o(.data)
    mag_x_raw                                0x20000036   Data           2  main.o(.data)
    mag_y_raw                                0x20000038   Data           2  main.o(.data)
    mag_z_raw                                0x2000003a   Data           2  main.o(.data)
    txBuffer                                 0x2000003c   Data           2  main.o(.data)
    gyro_sensitivity_scale_factor            0x20000040   Data           4  main.o(.data)
    acc_sensitivity_scale_factor             0x20000044   Data           4  main.o(.data)
    gyroX_Offset                             0x20000048   Data           4  main.o(.data)
    gyroY_Offset                             0x2000004c   Data           4  main.o(.data)
    gyroZ_Offset                             0x20000050   Data           4  main.o(.data)
    accX_Offset                              0x20000054   Data           4  main.o(.data)
    accY_Offset                              0x20000058   Data           4  main.o(.data)
    accZ_Offset                              0x2000005c   Data           4  main.o(.data)
    accX_Scale                               0x20000060   Data           4  main.o(.data)
    accY_Scale                               0x20000064   Data           4  main.o(.data)
    accZ_Scale                               0x20000068   Data           4  main.o(.data)
    reading_elapsed_time                     0x2000006c   Data           4  main.o(.data)
    samples                                  0x20000070   Data           4  main.o(.data)
    reading_count                            0x20000074   Data           4  main.o(.data)
    loop1_last                               0x20000078   Data           4  main.o(.data)
    loop2_last                               0x2000007c   Data           4  main.o(.data)
    loop3_last                               0x20000080   Data           4  main.o(.data)
    system_clock                             0x20000084   Data           4  main.o(.data)
    loop_count                               0x20000088   Data           4  main.o(.data)
    pKp                                      0x2000008c   Data           4  main.o(.data)
    pKi                                      0x20000090   Data           4  main.o(.data)
    pKd                                      0x20000094   Data           4  main.o(.data)
    rKp                                      0x20000098   Data           4  main.o(.data)
    rKi                                      0x2000009c   Data           4  main.o(.data)
    rKd                                      0x200000a0   Data           4  main.o(.data)
    yKp                                      0x200000a4   Data           4  main.o(.data)
    yKi                                      0x200000a8   Data           4  main.o(.data)
    yKd                                      0x200000ac   Data           4  main.o(.data)
    tpa_pid_p                                0x200000b0   Data           4  main.o(.data)
    temp_raw                                 0x200000b4   Data           4  main.o(.data)
    press_raw                                0x200000b8   Data           4  main.o(.data)
    mag_x                                    0x200000bc   Data           4  main.o(.data)
    mag_y                                    0x200000c0   Data           4  main.o(.data)
    mag_z                                    0x200000c4   Data           4  main.o(.data)
    hmc_output_scale                         0x200000c8   Data           4  main.o(.data)
    accX                                     0x200000cc   Data           4  main.o(.data)
    accY                                     0x200000d0   Data           4  main.o(.data)
    accZ                                     0x200000d4   Data           4  main.o(.data)
    temp                                     0x200000d8   Data           4  main.o(.data)
    gyroX                                    0x200000dc   Data           4  main.o(.data)
    gyroY                                    0x200000e0   Data           4  main.o(.data)
    gyroZ                                    0x200000e4   Data           4  main.o(.data)
    gyroX_rad                                0x200000e8   Data           4  main.o(.data)
    gyroY_rad                                0x200000ec   Data           4  main.o(.data)
    gyroZ_rad                                0x200000f0   Data           4  main.o(.data)
    accX_raw                                 0x200000f4   Data           4  main.o(.data)
    accY_raw                                 0x200000f8   Data           4  main.o(.data)
    accZ_raw                                 0x200000fc   Data           4  main.o(.data)
    gyroX_raw                                0x20000100   Data           4  main.o(.data)
    gyroY_raw                                0x20000104   Data           4  main.o(.data)
    gyroZ_raw                                0x20000108   Data           4  main.o(.data)
    roll                                     0x2000010c   Data           4  main.o(.data)
    pitch                                    0x20000110   Data           4  main.o(.data)
    yaw                                      0x20000114   Data           4  main.o(.data)
    x_degrees                                0x20000118   Data           4  main.o(.data)
    y_degrees                                0x2000011c   Data           4  main.o(.data)
    z_degrees                                0x20000120   Data           4  main.o(.data)
    rollIn                                   0x20000124   Data           4  main.o(.data)
    pitchIn                                  0x20000128   Data           4  main.o(.data)
    yawIn                                    0x2000012c   Data           4  main.o(.data)
    throttleIn                               0x20000130   Data           4  main.o(.data)
    last_signal_micros                       0x20000134   Data           4  main.o(.data)
    pitch_pid_output                         0x20000138   Data           4  main.o(.data)
    roll_pid_output                          0x2000013c   Data           4  main.o(.data)
    yaw_pid_output                           0x20000140   Data           4  main.o(.data)
    motorTR                                  0x20000144   Data           4  main.o(.data)
    motorBR                                  0x20000148   Data           4  main.o(.data)
    motorBL                                  0x2000014c   Data           4  main.o(.data)
    motorTL                                  0x20000150   Data           4  main.o(.data)
    pressure                                 0x20000154   Data           4  main.o(.data)
    temperature                              0x20000158   Data           4  main.o(.data)
    altitude                                 0x2000015c   Data           4  main.o(.data)
    sensor_status                            0x20000160   Data           6  main.o(.data)
    RXpipe_address                           0x20000168   Data           8  main.o(.data)
    ack_data                                 0x20000170   Data          32  main.o(.data)
    reading_last_time                        0x20000190   Data           4  main.o(.data)
    this_time                                0x20000194   Data           4  main.o(.data)
    ch_count                                 0x20000198   Data           4  main.o(.data)
    inputCapture                             0x2000019c   Data           4  stm32f1xx_it.o(.data)
    uwTickFreq                               0x200001a0   Data           1  stm32f1xx_hal.o(.data)
    uwTickPrio                               0x200001a4   Data           4  stm32f1xx_hal.o(.data)
    uwTick                                   0x200001a8   Data           4  stm32f1xx_hal.o(.data)
    SystemCoreClock                          0x200001ac   Data           4  system_stm32f1xx.o(.data)
    __stdout                                 0x200001b0   Data           4  stdout.o(.data)
    hi2c1                                    0x200001b8   Data          84  main.o(.bss)
    hspi2                                    0x2000020c   Data          88  main.o(.bss)
    htim1                                    0x20000264   Data          64  main.o(.bss)
    htim2                                    0x200002a4   Data          64  main.o(.bss)
    htim3                                    0x200002e4   Data          64  main.o(.bss)
    huart1                                   0x20000324   Data          64  main.o(.bss)
    huart2                                   0x20000364   Data          64  main.o(.bss)
    huart3                                   0x200003a4   Data          64  main.o(.bss)
    rxBuffer                                 0x200003e4   Data          30  main.o(.bss)
    mpu_rx_buffer                            0x20000402   Data          26  main.o(.bss)
    rawData                                  0x2000041c   Data          14  main.o(.bss)
    time_stamps                              0x2000042c   Data          32  main.o(.bss)
    rx_data                                  0x2000044c   Data          40  main.o(.bss)
    ch                                       0x20000474   Data          32  main.o(.bss)
    pitch_pid                                0x20000498   Data          56  main.o(.bss)
    roll_pid                                 0x200004d0   Data          56  main.o(.bss)
    yaw_pid                                  0x20000508   Data          56  main.o(.bss)
    bmp_slv                                  0x20000540   Data           9  main.o(.bss)
    hmc_slv                                  0x20000549   Data           9  main.o(.bss)
    hdma_i2c1_rx                             0x20000554   Data          68  main.o(.bss)
    hdma_i2c1_tx                             0x20000598   Data          68  main.o(.bss)
    __initial_sp                             0x200009e0   Data           0  startup_stm32f103xb.o(STACK)



==============================================================================

Memory Map of the image

  Image Entry point : 0x080000ed

  Load Region LR_IROM1 (Base: 0x08000000, Size: 0x00006f88, Max: 0x00010000, ABSOLUTE, COMPRESSED[0x00006e40])

    Execution Region ER_IROM1 (Exec base: 0x08000000, Load base: 0x08000000, Size: 0x00006dd0, Max: 0x00010000, ABSOLUTE)

    Exec Addr    Load Addr    Size         Type   Attr      Idx    E Section Name        Object

    0x08000000   0x08000000   0x000000ec   Data   RO            3    RESET               startup_stm32f103xb.o
    0x080000ec   0x080000ec   0x00000000   Code   RO         4029  * .ARM.Collect$$$$00000000  mc_w.l(entry.o)
    0x080000ec   0x080000ec   0x00000004   Code   RO         4382    .ARM.Collect$$$$00000001  mc_w.l(entry2.o)
    0x080000f0   0x080000f0   0x00000004   Code   RO         4385    .ARM.Collect$$$$00000004  mc_w.l(entry5.o)
    0x080000f4   0x080000f4   0x00000000   Code   RO         4387    .ARM.Collect$$$$00000008  mc_w.l(entry7b.o)
    0x080000f4   0x080000f4   0x00000000   Code   RO         4389    .ARM.Collect$$$$0000000A  mc_w.l(entry8b.o)
    0x080000f4   0x080000f4   0x00000008   Code   RO         4390    .ARM.Collect$$$$0000000B  mc_w.l(entry9a.o)
    0x080000fc   0x080000fc   0x00000000   Code   RO         4392    .ARM.Collect$$$$0000000D  mc_w.l(entry10a.o)
    0x080000fc   0x080000fc   0x00000000   Code   RO         4394    .ARM.Collect$$$$0000000F  mc_w.l(entry11a.o)
    0x080000fc   0x080000fc   0x00000004   Code   RO         4383    .ARM.Collect$$$$00002712  mc_w.l(entry2.o)
    0x08000100   0x08000100   0x00000024   Code   RO            4    .text               startup_stm32f103xb.o
    0x08000124   0x08000124   0x00000062   Code   RO         4032    .text               mc_w.l(ldiv.o)
    0x08000186   0x08000186   0x00000020   Code   RO         4034    .text               mc_w.l(llushr.o)
    0x080001a6   0x080001a6   0x00000024   Code   RO         4038    .text               mc_w.l(memseta.o)
    0x080001ca   0x080001ca   0x000000b0   Code   RO         4305    .text               mf_w.l(fadd.o)
    0x0800027a   0x0800027a   0x00000064   Code   RO         4307    .text               mf_w.l(fmul.o)
    0x080002de   0x080002de   0x0000007c   Code   RO         4309    .text               mf_w.l(fdiv.o)
    0x0800035a   0x0800035a   0x00000018   Code   RO         4311    .text               mf_w.l(fscalb.o)
    0x08000372   0x08000372   0x0000014e   Code   RO         4313    .text               mf_w.l(dadd.o)
    0x080004c0   0x080004c0   0x000000e4   Code   RO         4315    .text               mf_w.l(dmul.o)
    0x080005a4   0x080005a4   0x0000002e   Code   RO         4317    .text               mf_w.l(dscalb.o)
    0x080005d2   0x080005d2   0x00000012   Code   RO         4319    .text               mf_w.l(fflti.o)
    0x080005e4   0x080005e4   0x0000000a   Code   RO         4321    .text               mf_w.l(ffltui.o)
    0x080005ee   0x080005ee   0x0000001c   Code   RO         4323    .text               mf_w.l(ffltul.o)
    0x0800060a   0x0800060a   0x00000032   Code   RO         4325    .text               mf_w.l(ffixi.o)
    0x0800063c   0x0800063c   0x00000028   Code   RO         4327    .text               mf_w.l(ffixui.o)
    0x08000664   0x08000664   0x00000026   Code   RO         4329    .text               mf_w.l(f2d.o)
    0x0800068a   0x0800068a   0x00000038   Code   RO         4331    .text               mf_w.l(d2f.o)
    0x080006c2   0x080006c2   0x00000002   PAD
    0x080006c4   0x080006c4   0x00000014   Code   RO         4333    .text               mf_w.l(cfcmple.o)
    0x080006d8   0x080006d8   0x00000014   Code   RO         4335    .text               mf_w.l(cfrcmple.o)
    0x080006ec   0x080006ec   0x0000002c   Code   RO         4397    .text               mc_w.l(uidiv.o)
    0x08000718   0x08000718   0x00000062   Code   RO         4399    .text               mc_w.l(uldiv.o)
    0x0800077a   0x0800077a   0x0000001e   Code   RO         4401    .text               mc_w.l(llshl.o)
    0x08000798   0x08000798   0x00000024   Code   RO         4403    .text               mc_w.l(llsshr.o)
    0x080007bc   0x080007bc   0x00000000   Code   RO         4412    .text               mc_w.l(iusefp.o)
    0x080007bc   0x080007bc   0x0000006e   Code   RO         4413    .text               mf_w.l(fepilogue.o)
    0x0800082a   0x0800082a   0x000000ba   Code   RO         4415    .text               mf_w.l(depilogue.o)
    0x080008e4   0x080008e4   0x000000de   Code   RO         4417    .text               mf_w.l(ddiv.o)
    0x080009c2   0x080009c2   0x000000a2   Code   RO         4419    .text               mf_w.l(dsqrt.o)
    0x08000a64   0x08000a64   0x00000030   Code   RO         4421    .text               mf_w.l(dfixul.o)
    0x08000a94   0x08000a94   0x0000004c   Code   RO         4423    .text               mf_w.l(ffixir.o)
    0x08000ae0   0x08000ae0   0x00000030   Code   RO         4427    .text               mf_w.l(cdrcmple.o)
    0x08000b10   0x08000b10   0x00000004   Code   RO         4429    .text               mf_w.l(fpstat.o)
    0x08000b14   0x08000b14   0x00000024   Code   RO         4431    .text               mc_w.l(init.o)
    0x08000b38   0x08000b38   0x00000056   Code   RO         4441    .text               mc_w.l(__dczerorl2.o)
    0x08000b8e   0x08000b8e   0x00000002   Code   RO          749    i.BusFault_Handler  stm32f1xx_it.o
    0x08000b90   0x08000b90   0x0000000c   Code   RO          750    i.DMA1_Channel6_IRQHandler  stm32f1xx_it.o
    0x08000b9c   0x08000b9c   0x0000000c   Code   RO          751    i.DMA1_Channel7_IRQHandler  stm32f1xx_it.o
    0x08000ba8   0x08000ba8   0x0000002a   Code   RO         1785    i.DMA_SetConfig     stm32f1xx_hal_dma.o
    0x08000bd2   0x08000bd2   0x00000002   Code   RO          752    i.DebugMon_Handler  stm32f1xx_it.o
    0x08000bd4   0x08000bd4   0x00000010   Code   RO          753    i.EXTI3_IRQHandler  stm32f1xx_it.o
    0x08000be4   0x08000be4   0x0000003c   Code   RO          754    i.EXTI9_5_IRQHandler  stm32f1xx_it.o
    0x08000c20   0x08000c20   0x00000002   Code   RO          490    i.Error_Handler     main.o
    0x08000c22   0x08000c22   0x00000002   PAD
    0x08000c24   0x08000c24   0x00000154   Code   RO         1791    i.HAL_DMA_IRQHandler  stm32f1xx_hal_dma.o
    0x08000d78   0x08000d78   0x0000005c   Code   RO         1792    i.HAL_DMA_Init      stm32f1xx_hal_dma.o
    0x08000dd4   0x08000dd4   0x00000070   Code   RO         1796    i.HAL_DMA_Start_IT  stm32f1xx_hal_dma.o
    0x08000e44   0x08000e44   0x00000002   Code   RO         1720    i.HAL_GPIO_EXTI_Callback  stm32f1xx_hal_gpio.o
    0x08000e46   0x08000e46   0x00000002   PAD
    0x08000e48   0x08000e48   0x00000018   Code   RO         1721    i.HAL_GPIO_EXTI_IRQHandler  stm32f1xx_hal_gpio.o
    0x08000e60   0x08000e60   0x000001e0   Code   RO         1722    i.HAL_GPIO_Init     stm32f1xx_hal_gpio.o
    0x08001040   0x08001040   0x0000000a   Code   RO         1726    i.HAL_GPIO_WritePin  stm32f1xx_hal_gpio.o
    0x0800104a   0x0800104a   0x00000002   PAD
    0x0800104c   0x0800104c   0x0000000c   Code   RO         1418    i.HAL_GetTick       stm32f1xx_hal.o
    0x08001058   0x08001058   0x00000002   Code   RO          992    i.HAL_I2C_ErrorCallback  stm32f1xx_hal_i2c.o
    0x0800105a   0x0800105a   0x00000002   PAD
    0x0800105c   0x0800105c   0x00000174   Code   RO          996    i.HAL_I2C_Init      stm32f1xx_hal_i2c.o
    0x080011d0   0x080011d0   0x00000158   Code   RO          997    i.HAL_I2C_IsDeviceReady  stm32f1xx_hal_i2c.o
    0x08001328   0x08001328   0x00000002   Code   RO          999    i.HAL_I2C_MasterRxCpltCallback  stm32f1xx_hal_i2c.o
    0x0800132a   0x0800132a   0x00000002   PAD
    0x0800132c   0x0800132c   0x0000020c   Code   RO         1002    i.HAL_I2C_Master_Receive  stm32f1xx_hal_i2c.o
    0x08001538   0x08001538   0x0000012c   Code   RO         1009    i.HAL_I2C_Master_Transmit  stm32f1xx_hal_i2c.o
    0x08001664   0x08001664   0x0000000c   Code   RO          491    i.HAL_I2C_MemRxCpltCallback  main.o
    0x08001670   0x08001670   0x00000220   Code   RO         1014    i.HAL_I2C_Mem_Read  stm32f1xx_hal_i2c.o
    0x08001890   0x08001890   0x00000188   Code   RO         1015    i.HAL_I2C_Mem_Read_DMA  stm32f1xx_hal_i2c.o
    0x08001a18   0x08001a18   0x00000130   Code   RO         1017    i.HAL_I2C_Mem_Write  stm32f1xx_hal_i2c.o
    0x08001b48   0x08001b48   0x000000b8   Code   RO          859    i.HAL_I2C_MspInit   stm32f1xx_hal_msp.o
    0x08001c00   0x08001c00   0x00000002   Code   RO         1022    i.HAL_I2C_SlaveRxCpltCallback  stm32f1xx_hal_i2c.o
    0x08001c02   0x08001c02   0x00000002   Code   RO         1023    i.HAL_I2C_SlaveTxCpltCallback  stm32f1xx_hal_i2c.o
    0x08001c04   0x08001c04   0x00000010   Code   RO         1424    i.HAL_IncTick       stm32f1xx_hal.o
    0x08001c14   0x08001c14   0x00000024   Code   RO         1425    i.HAL_Init          stm32f1xx_hal.o
    0x08001c38   0x08001c38   0x00000040   Code   RO         1426    i.HAL_InitTick      stm32f1xx_hal.o
    0x08001c78   0x08001c78   0x0000003c   Code   RO          860    i.HAL_MspInit       stm32f1xx_hal_msp.o
    0x08001cb4   0x08001cb4   0x0000001a   Code   RO         1882    i.HAL_NVIC_EnableIRQ  stm32f1xx_hal_cortex.o
    0x08001cce   0x08001cce   0x00000002   PAD
    0x08001cd0   0x08001cd0   0x00000040   Code   RO         1888    i.HAL_NVIC_SetPriority  stm32f1xx_hal_cortex.o
    0x08001d10   0x08001d10   0x00000024   Code   RO         1889    i.HAL_NVIC_SetPriorityGrouping  stm32f1xx_hal_cortex.o
    0x08001d34   0x08001d34   0x0000012c   Code   RO         1582    i.HAL_RCC_ClockConfig  stm32f1xx_hal_rcc.o
    0x08001e60   0x08001e60   0x00000020   Code   RO         1589    i.HAL_RCC_GetPCLK1Freq  stm32f1xx_hal_rcc.o
    0x08001e80   0x08001e80   0x00000020   Code   RO         1590    i.HAL_RCC_GetPCLK2Freq  stm32f1xx_hal_rcc.o
    0x08001ea0   0x08001ea0   0x0000006c   Code   RO         1591    i.HAL_RCC_GetSysClockFreq  stm32f1xx_hal_rcc.o
    0x08001f0c   0x08001f0c   0x00000320   Code   RO         1594    i.HAL_RCC_OscConfig  stm32f1xx_hal_rcc.o
    0x0800222c   0x0800222c   0x0000007c   Code   RO         2393    i.HAL_SPI_Init      stm32f1xx_hal_spi.o
    0x080022a8   0x080022a8   0x00000074   Code   RO          862    i.HAL_SPI_MspInit   stm32f1xx_hal_msp.o
    0x0800231c   0x0800231c   0x00000028   Code   RO         1893    i.HAL_SYSTICK_Config  stm32f1xx_hal_cortex.o
    0x08002344   0x08002344   0x00000002   Code   RO         3381    i.HAL_TIMEx_BreakCallback  stm32f1xx_hal_tim_ex.o
    0x08002346   0x08002346   0x00000002   Code   RO         3382    i.HAL_TIMEx_CommutCallback  stm32f1xx_hal_tim_ex.o
    0x08002348   0x08002348   0x00000042   Code   RO         3399    i.HAL_TIMEx_MasterConfigSynchronization  stm32f1xx_hal_tim_ex.o
    0x0800238a   0x0800238a   0x00000036   Code   RO         2706    i.HAL_TIM_Base_Init  stm32f1xx_hal_tim.o
    0x080023c0   0x080023c0   0x00000080   Code   RO          864    i.HAL_TIM_Base_MspInit  stm32f1xx_hal_msp.o
    0x08002440   0x08002440   0x000000d6   Code   RO         2715    i.HAL_TIM_ConfigClockSource  stm32f1xx_hal_tim.o
    0x08002516   0x08002516   0x00000002   Code   RO         2735    i.HAL_TIM_IC_CaptureCallback  stm32f1xx_hal_tim.o
    0x08002518   0x08002518   0x0000011a   Code   RO         2737    i.HAL_TIM_IC_ConfigChannel  stm32f1xx_hal_tim.o
    0x08002632   0x08002632   0x00000036   Code   RO         2740    i.HAL_TIM_IC_Init   stm32f1xx_hal_tim.o
    0x08002668   0x08002668   0x00000002   Code   RO         2742    i.HAL_TIM_IC_MspInit  stm32f1xx_hal_tim.o
    0x0800266a   0x0800266a   0x00000056   Code   RO         2745    i.HAL_TIM_IC_Start_IT  stm32f1xx_hal_tim.o
    0x080026c0   0x080026c0   0x00000166   Code   RO         2749    i.HAL_TIM_IRQHandler  stm32f1xx_hal_tim.o
    0x08002826   0x08002826   0x00000002   PAD
    0x08002828   0x08002828   0x00000070   Code   RO          865    i.HAL_TIM_MspPostInit  stm32f1xx_hal_msp.o
    0x08002898   0x08002898   0x00000002   Code   RO         2752    i.HAL_TIM_OC_DelayElapsedCallback  stm32f1xx_hal_tim.o
    0x0800289a   0x0800289a   0x0000004a   Code   RO         2766    i.HAL_TIM_OnePulse_Init  stm32f1xx_hal_tim.o
    0x080028e4   0x080028e4   0x00000024   Code   RO          867    i.HAL_TIM_OnePulse_MspInit  stm32f1xx_hal_msp.o
    0x08002908   0x08002908   0x000000d0   Code   RO         2773    i.HAL_TIM_PWM_ConfigChannel  stm32f1xx_hal_tim.o
    0x080029d8   0x080029d8   0x00000036   Code   RO         2776    i.HAL_TIM_PWM_Init  stm32f1xx_hal_tim.o
    0x08002a0e   0x08002a0e   0x00000002   Code   RO         2778    i.HAL_TIM_PWM_MspInit  stm32f1xx_hal_tim.o
    0x08002a10   0x08002a10   0x00000002   Code   RO         2779    i.HAL_TIM_PWM_PulseFinishedCallback  stm32f1xx_hal_tim.o
    0x08002a12   0x08002a12   0x00000002   PAD
    0x08002a14   0x08002a14   0x00000038   Code   RO         2781    i.HAL_TIM_PWM_Start  stm32f1xx_hal_tim.o
    0x08002a4c   0x08002a4c   0x0000000c   Code   RO          493    i.HAL_TIM_PeriodElapsedCallback  main.o
    0x08002a58   0x08002a58   0x00000002   Code   RO         2792    i.HAL_TIM_TriggerCallback  stm32f1xx_hal_tim.o
    0x08002a5a   0x08002a5a   0x00000062   Code   RO         3657    i.HAL_UART_Init     stm32f1xx_hal_uart.o
    0x08002abc   0x08002abc   0x000000f4   Code   RO          869    i.HAL_UART_MspInit  stm32f1xx_hal_msp.o
    0x08002bb0   0x08002bb0   0x000000ba   Code   RO         3665    i.HAL_UART_Transmit  stm32f1xx_hal_uart.o
    0x08002c6a   0x08002c6a   0x00000002   Code   RO          755    i.HardFault_Handler  stm32f1xx_it.o
    0x08002c6c   0x08002c6c   0x00000032   Code   RO         1035    i.I2C_DMAError      stm32f1xx_hal_i2c.o
    0x08002c9e   0x08002c9e   0x00000106   Code   RO         1036    i.I2C_DMAXferCplt   stm32f1xx_hal_i2c.o
    0x08002da4   0x08002da4   0x0000002e   Code   RO         1038    i.I2C_IsAcknowledgeFailed  stm32f1xx_hal_i2c.o
    0x08002dd2   0x08002dd2   0x000000d4   Code   RO         1041    i.I2C_MasterRequestRead  stm32f1xx_hal_i2c.o
    0x08002ea6   0x08002ea6   0x00000002   PAD
    0x08002ea8   0x08002ea8   0x00000088   Code   RO         1042    i.I2C_MasterRequestWrite  stm32f1xx_hal_i2c.o
    0x08002f30   0x08002f30   0x000000e6   Code   RO         1047    i.I2C_RequestMemoryRead  stm32f1xx_hal_i2c.o
    0x08003016   0x08003016   0x00000002   PAD
    0x08003018   0x08003018   0x00000094   Code   RO         1048    i.I2C_RequestMemoryWrite  stm32f1xx_hal_i2c.o
    0x080030ac   0x080030ac   0x0000004c   Code   RO         1051    i.I2C_WaitOnBTFFlagUntilTimeout  stm32f1xx_hal_i2c.o
    0x080030f8   0x080030f8   0x00000068   Code   RO         1052    i.I2C_WaitOnFlagUntilTimeout  stm32f1xx_hal_i2c.o
    0x08003160   0x08003160   0x00000096   Code   RO         1053    i.I2C_WaitOnMasterAddressFlagUntilTimeout  stm32f1xx_hal_i2c.o
    0x080031f6   0x080031f6   0x00000066   Code   RO         1054    i.I2C_WaitOnRXNEFlagUntilTimeout  stm32f1xx_hal_i2c.o
    0x0800325c   0x0800325c   0x0000004c   Code   RO         1055    i.I2C_WaitOnTXEFlagUntilTimeout  stm32f1xx_hal_i2c.o
    0x080032a8   0x080032a8   0x00000134   Code   RO          494    i.MPU_Slave_Setup   main.o
    0x080033dc   0x080033dc   0x000000e0   Code   RO          495    i.MX_GPIO_Init      main.o
    0x080034bc   0x080034bc   0x00000040   Code   RO          496    i.MX_SPI2_Init      main.o
    0x080034fc   0x080034fc   0x00000090   Code   RO          497    i.MX_TIM1_Init      main.o
    0x0800358c   0x0800358c   0x000000b8   Code   RO          498    i.MX_TIM3_Init      main.o
    0x08003644   0x08003644   0x00000492   Code   RO           11    i.MadgwickAHRSupdateIMU  madgwickahrs.o
    0x08003ad6   0x08003ad6   0x00000002   Code   RO          756    i.MemManage_Handler  stm32f1xx_it.o
    0x08003ad8   0x08003ad8   0x00000002   Code   RO          757    i.NMI_Handler       stm32f1xx_it.o
    0x08003ada   0x08003ada   0x00000002   Code   RO          758    i.PendSV_Handler    stm32f1xx_it.o
    0x08003adc   0x08003adc   0x00000104   Code   RO          499    i.Pid_calculate_tpa  main.o
    0x08003be0   0x08003be0   0x00000158   Code   RO          500    i.QuatToEuler       main.o
    0x08003d38   0x08003d38   0x00000002   Code   RO          759    i.SVC_Handler       stm32f1xx_it.o
    0x08003d3a   0x08003d3a   0x00000002   PAD
    0x08003d3c   0x08003d3c   0x00000010   Code   RO          760    i.SysTick_Handler   stm32f1xx_it.o
    0x08003d4c   0x08003d4c   0x0000005a   Code   RO          501    i.SystemClock_Config  main.o
    0x08003da6   0x08003da6   0x00000002   PAD
    0x08003da8   0x08003da8   0x00000048   Code   RO         3959    i.SystemInit        system_stm32f1xx.o
    0x08003df0   0x08003df0   0x00000060   Code   RO          761    i.TIM1_CC_IRQHandler  stm32f1xx_it.o
    0x08003e50   0x08003e50   0x0000006c   Code   RO         2794    i.TIM_Base_SetConfig  stm32f1xx_hal_tim.o
    0x08003ebc   0x08003ebc   0x0000001a   Code   RO         2795    i.TIM_CCxChannelCmd  stm32f1xx_hal_tim.o
    0x08003ed6   0x08003ed6   0x00000014   Code   RO         2805    i.TIM_ETR_SetConfig  stm32f1xx_hal_tim.o
    0x08003eea   0x08003eea   0x00000010   Code   RO         2806    i.TIM_ITRx_SetConfig  stm32f1xx_hal_tim.o
    0x08003efa   0x08003efa   0x00000002   PAD
    0x08003efc   0x08003efc   0x00000050   Code   RO         2807    i.TIM_OC1_SetConfig  stm32f1xx_hal_tim.o
    0x08003f4c   0x08003f4c   0x00000058   Code   RO         2808    i.TIM_OC2_SetConfig  stm32f1xx_hal_tim.o
    0x08003fa4   0x08003fa4   0x00000058   Code   RO         2809    i.TIM_OC3_SetConfig  stm32f1xx_hal_tim.o
    0x08003ffc   0x08003ffc   0x00000044   Code   RO         2810    i.TIM_OC4_SetConfig  stm32f1xx_hal_tim.o
    0x08004040   0x08004040   0x00000022   Code   RO         2812    i.TIM_TI1_ConfigInputStage  stm32f1xx_hal_tim.o
    0x08004062   0x08004062   0x00000002   PAD
    0x08004064   0x08004064   0x00000058   Code   RO         2813    i.TIM_TI1_SetConfig  stm32f1xx_hal_tim.o
    0x080040bc   0x080040bc   0x00000024   Code   RO         2814    i.TIM_TI2_ConfigInputStage  stm32f1xx_hal_tim.o
    0x080040e0   0x080040e0   0x00000036   Code   RO         2815    i.TIM_TI2_SetConfig  stm32f1xx_hal_tim.o
    0x08004116   0x08004116   0x00000002   PAD
    0x08004118   0x08004118   0x000000b8   Code   RO         3683    i.UART_SetConfig    stm32f1xx_hal_uart.o
    0x080041d0   0x080041d0   0x00000064   Code   RO         3685    i.UART_WaitOnFlagUntilTimeout  stm32f1xx_hal_uart.o
    0x08004234   0x08004234   0x00000002   Code   RO          762    i.UsageFault_Handler  stm32f1xx_it.o
    0x08004236   0x08004236   0x00000002   PAD
    0x08004238   0x08004238   0x00000020   Code   RO         4277    i.__0printf         mc_w.l(printfa.o)
    0x08004258   0x08004258   0x00000028   Code   RO         4361    i.__ARM_fpclassify  m_ws.l(fpclassify.o)
    0x08004280   0x08004280   0x00000026   Code   RO         4363    i.__ARM_fpclassifyf  m_ws.l(fpclassifyf.o)
    0x080042a6   0x080042a6   0x00000020   Code   RO         1895    i.__NVIC_SetPriority  stm32f1xx_hal_cortex.o
    0x080042c6   0x080042c6   0x000000aa   Code   RO         4379    i.__kernel_poly     m_ws.l(poly.o)
    0x08004370   0x08004370   0x00000006   Code   RO         4348    i.__mathlib_dbl_infnan  m_ws.l(dunder.o)
    0x08004376   0x08004376   0x00000004   Code   RO         4349    i.__mathlib_dbl_infnan2  m_ws.l(dunder.o)
    0x0800437a   0x0800437a   0x0000000c   Code   RO         4350    i.__mathlib_dbl_invalid  m_ws.l(dunder.o)
    0x08004386   0x08004386   0x00000002   PAD
    0x08004388   0x08004388   0x00000010   Code   RO         4353    i.__mathlib_dbl_underflow  m_ws.l(dunder.o)
    0x08004398   0x08004398   0x0000000a   Code   RO         4365    i.__mathlib_flt_divzero  m_ws.l(funder.o)
    0x080043a2   0x080043a2   0x00000004   Code   RO         4367    i.__mathlib_flt_infnan2  m_ws.l(funder.o)
    0x080043a6   0x080043a6   0x00000008   Code   RO         4368    i.__mathlib_flt_invalid  m_ws.l(funder.o)
    0x080043ae   0x080043ae   0x0000000a   Code   RO         4369    i.__mathlib_flt_overflow  m_ws.l(funder.o)
    0x080043b8   0x080043b8   0x0000000a   Code   RO         4371    i.__mathlib_flt_underflow  m_ws.l(funder.o)
    0x080043c2   0x080043c2   0x0000000e   Code   RO         4435    i.__scatterload_copy  mc_w.l(handlers.o)
    0x080043d0   0x080043d0   0x00000002   Code   RO         4436    i.__scatterload_null  mc_w.l(handlers.o)
    0x080043d2   0x080043d2   0x0000000e   Code   RO         4437    i.__scatterload_zeroinit  mc_w.l(handlers.o)
    0x080043e0   0x080043e0   0x0000000c   Code   RO         4407    i.__set_errno       mc_w.l(errno.o)
    0x080043ec   0x080043ec   0x00000184   Code   RO         4284    i._fp_digits        mc_w.l(printfa.o)
    0x08004570   0x08004570   0x000006dc   Code   RO         4285    i._printf_core      mc_w.l(printfa.o)
    0x08004c4c   0x08004c4c   0x00000024   Code   RO         4286    i._printf_post_padding  mc_w.l(printfa.o)
    0x08004c70   0x08004c70   0x0000002e   Code   RO         4287    i._printf_pre_padding  mc_w.l(printfa.o)
    0x08004c9e   0x08004c9e   0x00000002   PAD
    0x08004ca0   0x08004ca0   0x00000270   Code   RO         3994    i.asin              m_ws.l(asin.o)
    0x08004f10   0x08004f10   0x00000220   Code   RO         4338    i.atan              m_ws.l(atan.o)
    0x08005130   0x08005130   0x00000180   Code   RO         4004    i.atan2             m_ws.l(atan2.o)
    0x080052b0   0x080052b0   0x00000088   Code   RO          502    i.bmp_read_calib    main.o
    0x08005338   0x08005338   0x000000bc   Code   RO          503    i.bmp_setup         main.o
    0x080053f4   0x080053f4   0x00000160   Code   RO          504    i.compensate_press  main.o
    0x08005554   0x08005554   0x00000038   Code   RO          505    i.compensate_temp   main.o
    0x0800558c   0x0800558c   0x00000018   Code   RO          506    i.fputc             main.o
    0x080055a4   0x080055a4   0x000000cc   Code   RO          507    i.hmc_setup         main.o
    0x08005670   0x08005670   0x000000c8   Code   RO          508    i.i2c_device_register_set_verifiy  main.o
    0x08005738   0x08005738   0x00000034   Code   RO           12    i.invSqrt           madgwickahrs.o
    0x0800576c   0x0800576c   0x000003e4   Code   RO          509    i.main              main.o
    0x08005b50   0x08005b50   0x000000b0   Code   RO          510    i.map_reciever_inputs  main.o
    0x08005c00   0x08005c00   0x0000003e   Code   RO          511    i.map_v1            main.o
    0x08005c3e   0x08005c3e   0x00000052   Code   RO          512    i.map_with_midpoint  main.o
    0x08005c90   0x08005c90   0x00000028   Code   RO          513    i.microseconds      main.o
    0x08005cb8   0x08005cb8   0x000002ac   Code   RO          514    i.motor_signal_set  main.o
    0x08005f64   0x08005f64   0x000000bc   Code   RO          515    i.mpu_master_setup  main.o
    0x08006020   0x08006020   0x0000038c   Code   RO          516    i.mpu_read          main.o
    0x080063ac   0x080063ac   0x00000040   Code   RO          517    i.mpu_read_dma      main.o
    0x080063ec   0x080063ec   0x00000110   Code   RO          518    i.mpu_setup         main.o
    0x080064fc   0x080064fc   0x00000620   Code   RO         4012    i.powf              m_ws.l(powf.o)
    0x08006b1c   0x08006b1c   0x0000004c   Code   RO         4022    i.sqrt              m_ws.l(sqrt.o)
    0x08006b68   0x08006b68   0x00000010   Data   RO         3960    .constdata          system_stm32f1xx.o
    0x08006b78   0x08006b78   0x00000008   Data   RO         3961    .constdata          system_stm32f1xx.o
    0x08006b80   0x08006b80   0x00000050   Data   RO         3995    .constdata          m_ws.l(asin.o)
    0x08006bd0   0x08006bd0   0x00000140   Data   RO         4013    .constdata          m_ws.l(powf.o)
    0x08006d10   0x08006d10   0x00000098   Data   RO         4339    .constdata          m_ws.l(atan.o)
    0x08006da8   0x08006da8   0x00000008   Data   RO         4381    .constdata          m_ws.l(qnan.o)
    0x08006db0   0x08006db0   0x00000020   Data   RO         4433    Region$$Table       anon$$obj.o


    Execution Region RW_IRAM1 (Exec base: 0x20000000, Load base: 0x08006dd0, Size: 0x000009e0, Max: 0x00005000, ABSOLUTE, COMPRESSED[0x00000070])

    Exec Addr    Load Addr    Size         Type   Attr      Idx    E Section Name        Object

    0x20000000   COMPRESSED   0x00000014   Data   RW           13    .data               madgwickahrs.o
    0x20000014   COMPRESSED   0x00000004   PAD
    0x20000018   COMPRESSED   0x00000178   Data   RW          542    .data               main.o
    0x20000190   COMPRESSED   0x00000004   Data   RW          543    .data               main.o
    0x20000194   COMPRESSED   0x00000004   Data   RW          544    .data               main.o
    0x20000198   COMPRESSED   0x00000004   Data   RW          548    .data               main.o
    0x2000019c   COMPRESSED   0x00000004   Data   RW          763    .data               stm32f1xx_it.o
    0x200001a0   COMPRESSED   0x0000000c   Data   RW         1432    .data               stm32f1xx_hal.o
    0x200001ac   COMPRESSED   0x00000004   Data   RW         3962    .data               system_stm32f1xx.o
    0x200001b0   COMPRESSED   0x00000004   Data   RW         4396    .data               mc_w.l(stdout.o)
    0x200001b4   COMPRESSED   0x00000004   Data   RW         4408    .data               mc_w.l(errno.o)
    0x200001b8        -       0x0000039a   Zero   RW          523    .bss                main.o
    0x20000552   COMPRESSED   0x00000002   PAD
    0x20000554        -       0x00000044   Zero   RW          524    .bss                main.o
    0x20000598        -       0x00000044   Zero   RW          525    .bss                main.o
    0x200005dc   COMPRESSED   0x00000004   PAD
    0x200005e0        -       0x00000400   Zero   RW            1    STACK               startup_stm32f103xb.o


==============================================================================

Image component sizes


      Code (inc. data)   RO Data    RW Data    ZI Data      Debug   Object Name

      1222         18          0         20          0       3693   madgwickahrs.o
      6276        974          0        388       1058      52460   main.o
         0          0          0          0          0     435276   my_nrf24.o
        36          8        236          0       1024        832   startup_stm32f103xb.o
       128         24          0         12          0       5485   stm32f1xx_hal.o
       198         14          0          0          0      29103   stm32f1xx_hal_cortex.o
       586         32          0          0          0       3735   stm32f1xx_hal_dma.o
       516         40          0          0          0       4144   stm32f1xx_hal_gpio.o
      4380         94          0          0          0      23715   stm32f1xx_hal_i2c.o
       880        112          0          0          0       5557   stm32f1xx_hal_msp.o
      1272        100          0          0          0       5356   stm32f1xx_hal_rcc.o
       124          0          0          0          0       1255   stm32f1xx_hal_spi.o
      2158         50          0          0          0      20982   stm32f1xx_hal_tim.o
        70          0          0          0          0       2461   stm32f1xx_hal_tim_ex.o
       568          6          0          0          0       4064   stm32f1xx_hal_uart.o
       228         64          0          4          0       6768   stm32f1xx_it.o
        72         16         24          4          0       1243   system_stm32f1xx.o

    ----------------------------------------------------------------------
     18746       1552        292        432       2088     606129   Object Totals
         0          0         32          0          0          0   (incl. Generated)
        32          0          0          4          6          0   (incl. Padding)

    ----------------------------------------------------------------------

      Code (inc. data)   RO Data    RW Data    ZI Data      Debug   Library Member Name

       624         52         80          0          0        168   asin.o
       544         70        152          0          0        124   atan.o
       384         38          0          0          0        144   atan2.o
        38          6          0          0          0        272   dunder.o
        40          0          0          0          0         68   fpclassify.o
        38          0          0          0          0         68   fpclassifyf.o
        42          0          0          0          0        340   funder.o
       170          0          0          0          0         96   poly.o
      1568         80        320          0          0        224   powf.o
         0          0          8          0          0          0   qnan.o
        76          0          0          0          0         84   sqrt.o
        86          0          0          0          0          0   __dczerorl2.o
         0          0          0          0          0          0   entry.o
         0          0          0          0          0          0   entry10a.o
         0          0          0          0          0          0   entry11a.o
         8          4          0          0          0          0   entry2.o
         4          0          0          0          0          0   entry5.o
         0          0          0          0          0          0   entry7b.o
         0          0          0          0          0          0   entry8b.o
         8          4          0          0          0          0   entry9a.o
        12          6          0          4          0         68   errno.o
        30          0          0          0          0          0   handlers.o
        36          8          0          0          0         68   init.o
         0          0          0          0          0          0   iusefp.o
        98          0          0          0          0         84   ldiv.o
        30          0          0          0          0         68   llshl.o
        36          0          0          0          0         68   llsshr.o
        32          0          0          0          0         68   llushr.o
        36          0          0          0          0        108   memseta.o
      2258         90          0          0          0        452   printfa.o
         0          0          0          4          0          0   stdout.o
        44          0          0          0          0         80   uidiv.o
        98          0          0          0          0         92   uldiv.o
        48          0          0          0          0         68   cdrcmple.o
        20          0          0          0          0         68   cfcmple.o
        20          0          0          0          0         68   cfrcmple.o
        56          0          0          0          0         88   d2f.o
       334          0          0          0          0        148   dadd.o
       222          0          0          0          0        100   ddiv.o
       186          0          0          0          0        176   depilogue.o
        48          0          0          0          0         68   dfixul.o
       228          0          0          0          0         96   dmul.o
        46          0          0          0          0         80   dscalb.o
       162          0          0          0          0        100   dsqrt.o
        38          0          0          0          0         68   f2d.o
       176          0          0          0          0        140   fadd.o
       124          0          0          0          0         88   fdiv.o
       110          0          0          0          0        168   fepilogue.o
        50          0          0          0          0         68   ffixi.o
        76          0          0          0          0         76   ffixir.o
        40          0          0          0          0         68   ffixui.o
        18          0          0          0          0         68   fflti.o
        10          0          0          0          0         68   ffltui.o
        28          0          0          0          0         84   ffltul.o
       100          0          0          0          0         76   fmul.o
         4          0          0          0          0         68   fpstat.o
        24          0          0          0          0         68   fscalb.o

    ----------------------------------------------------------------------
      8514        358        560          8          0       4912   Library Totals
         6          0          0          0          0          0   (incl. Padding)

    ----------------------------------------------------------------------

      Code (inc. data)   RO Data    RW Data    ZI Data      Debug   Library Name

      3524        246        560          0          0       1588   m_ws.l
      2816        112          0          8          0       1156   mc_w.l
      2168          0          0          0          0       2168   mf_w.l

    ----------------------------------------------------------------------
      8514        358        560          8          0       4912   Library Totals

    ----------------------------------------------------------------------

==============================================================================


      Code (inc. data)   RO Data    RW Data    ZI Data      Debug   

     27260       1910        852        440       2088     601757   Grand Totals
     27260       1910        852        112       2088     601757   ELF Image Totals (compressed)
     27260       1910        852        112          0          0   ROM Totals

==============================================================================

    Total RO  Size (Code + RO Data)                28112 (  27.45kB)
    Total RW  Size (RW Data + ZI Data)              2528 (   2.47kB)
    Total ROM Size (Code + RO Data + RW Data)      28224 (  27.56kB)

==============================================================================

